[    0.000000] Initializing cgroup subsys cpuset
[    .000000] Initializing cgroup subsys cpu
[    0.000000] Initializing cgroup subsys cpuacct
[    0.000000] Linux version 4.4.0-134-generic (buildd@lgw01-amd64-033) (gcc version 5.4.0 20160609 (Ubuntu 5.4.0-6ubuntu1~16.04.10) ) #160-Ubuntu SMP Wed Aug 15 14:58:00 UTC 2018 (Ubuntu 4.4.0-134.160-generic 4.4.140)
[    0.000000] Command line: BOOT_IMAGE=/boot/vmlinuz-4.4.0-134-generic root=LABEL=cloudimg-rootfs ro console=tty1 console=ttyS0
[    0.000000] KERNEL supported cpus:
[    0.000000]   Intel GenuineIntel
[    0.000000]   AMD AuthenticAMD
[    0.000000]   Centaur CentaurHauls
[    0000000] x86/fpu: xstate_offset[2]:  576, xstate_sizes[2]:  256
[    0.000000] x86/fpu: Supporting XSAVE feature 0x01: 'x87 floating point registers'
[    0.000000] x86/fpu: Supporting XSAVE feature 0x02: 'SSE egisters'
[   0.000000] x86/fpu: Supporting XSAVE feature 0x04: 'AVX registers'
[    0.000000] x86/fpu: Enabled xstate features 0x7, context size is 832 byes, using 'standard' format.
[    0.000000] e820: BIOS-provided physical RAM map:
[    0.000000] BIOS-e820: [mem 0x0000000000000000-0x000000000009fbff] uusable
[    0.000000] BIOS-e820: [mem 0x000000000009fc00-0x000000000009ffff] reserved
[    0.000000] BIOS-e820: [mem 0x00000000000f0000-0x00000000000fffff] reserved
[    0.000000] BIOS-e820: [mem 0x0000000000100000-0x000000003ffeffff] usable
[    0.000000] BIOS-e820: [mem 0x000000003fff0000-0x000000003fffffff] ACPI data
[    0.000000] BIOS-e820: [mem 0x00000000fec00000-0x00000000fec00fff] reserved
[    0.000000] BIOS-e820: [mem 0x00000000fee00000-0x00000000fee00fff] reserved
[    0.000000] BIOS-e820: [mem x0000000ffc0000-0x00000000ffffffff] reserved
[    0.000000] NX (Execute Disable) protection: active
[    0.000000] SMBIOS 2.5 present.
[    0.000000] Hypervisor detected: KM
[   0.00000] e820: last_pfn = 0x3fff0 max_arch_pfn = 0x400000000
[    0.000000] MTRR: Disabled
[    0.000000] x86/PAT: MTRRs disabled, skppingPAT initialization too.
[    0.000000] CPU MRRs all blan - virtualized system.
[    0.000000] x86/PAT: Configuration [0-7]: WB  WT  UC- UC  WB  WT  UC- UC  
[    0.000000] found SMP MP-table at [mem 0x0009fff0-0x0009ffff] mapped at [ffff88000009fff0
[    0.000000] Scanning 1 areas for low memory corrupion[    0.00000] RAMDISK: [mem 0x3630c000-0x3717dfff]
[    0.000000] ACPI: Early table checksum verification disaled
[    0.00000] ACPI: RSDP 0x00000000000E0000 000024 (v02 VBOX  )
[    0.000000] ACPI: XSDT 0x000000003FFF0030 00003C (v01 VBOX   VBOXXSDT 00000001 ASL  00000061)
[    0.000000] ACPI: FACP 0x000000003FFF00F0 0000F4 ((v04 VBOX   VBOXFACP 00000001 ASL  00000061)
[    0.000000] ACPI: DSDT 0x000000003FFF0470 0021FF (v02 VBOX   VBOXBIOS 00000002 INTL 20100528)
[    0.000000] ACPI: FACS 0x000000003FFF0200 000040
[    0.000000] ACPI: FACS 0x000000003FFF0200 000040
[    0.000000] ACPI: APIC 0x000000003FFF0240 00005C (v02 VBOX   VBOXAPIC 00000001 ASL  00000061)
[    0.000000] ACPI: SSDT 0x000000003FFF02A0 0001CC (v01 VBOX   VBOXCPUT 00000002 INTL 20100528)
[    0.000000] No NUMA configuration found
[    0.000000] Faking a node at [mem 0x0000000000000000-0x000000003ffeffff]
[    0.000000] NODE_DATA(0) allocated [mem 0x3ffeb000-0x3ffeffff]
[    0.000000] kvm-clock: Usig msrs 4b564d01 and 4b564d00
[    .000000] kvm-clock: cpu 0, msr 0:3ffe001, primary cpu clock
[    0.000000] kvm-clock: using sched offet of 3778327610 cycles
[    0.000000] clcksource: kvm-clock: mask: 0xffffffffffffffff max_cycles: 0x1cd42e4dffb, max_idle_ns: 881590591483 ns
[    0.000000] Zone ranges:
[    0.000000]   MA     [mem 0x0000000000001000-0x0000000000ffffff]
[    0.00000]   DMA32    [mem 0x0000000001000000-0x000000003ffeffff]
[    0.0000]   Nrmal   empty
[    0.000000]   Device   empty
[    .00000] Movable zone start for each ode
[    0.000000] Early memory node ranges
[    0.000000]   node   0: [mem 0x0000000000001000-0x000000000009efff]
[    0.000000]   node   0: [mem 0x0000000000100000-0x000000003ffeffff]
    0.000000] Initmem setup node 0 [mem 0x0000000000001000-0x000000003ffeffff]
[    0.000000] ACPI: PM-Timer IO Port: 0x4008
[    0.000000] IOAPIC[0]: apic_id 2, version 32, address 0xfec00000, GSI 0-23
[    0.000000] ACPI: INT_SRC_OVR (bus 0 bus_irq 0 global_irq 2 dfl dfl)
[    0.000000] ACPI: INT_SRC_OVR (bus 0 bus_irq 9 global_irq 9 low level)
[    0.000000] Using ACPI (MADT) for SMP configuration information
[    0.000000] smpboot: Allowing 2 CPUs, 0 hotplug CPUs
[    0.000000] PM: Registered nosave memory: [mem 0x00000000-0x00000fff]
[    0.000000] PM: Registered nosave memory: [mem 0x0009f000-0x0009ffff]
[    0.000000] PM: Registered nosave memoy: [mem 0x000a0000-0x000effff]
[    0.000000] PM: Registered nosave memory: [m 0x000f0000-0x000fffff]
[    0.00000] e820 [mem 0x40000000-0xfefffff] available for PCI devices
[    0.000000] Booting paravirtualzed kernel on KVM
[    0.00000] clocksource: refined-jiffes: mask: 0xffffffff max_cycles: 0xffffffff, max_idle_ns: 7645519600211568 ns
[    0.000000] setup_percpu: NR_CPUS:512 nr_cpumask_bits:512 nr_cpu_ids:2 nr_node_ids:1
[    0.000000] PERCPU: Embedded 34 pages/cpu @ffff88003fc00000 s99544 r8192 d31528 u1048576
[    0.000000] PV qspinlock hash table  entries: 256 (order: 0, 4096 bytes)
[    0.000000] Built 1 zonelists in Node order, mobility grouping on.  Total pages: 257912
[    0.000000] Policy zone: DMA32
[    0.000000] Kernel command line: BOOT_IMAGE=/boot/vmlinuz-4.4.0-134-generic root=LABEL=cloudimg-rootfs ro console=tty1 cosole=ttyS0
[    0.000000] PID hash table entris: 4096 (orde: 3, 32768 bytes)
[    0.000000] Memory: 997724K/1048120K available (8554K kernel code, 1314K rwdata, 4004K odata, 516K init, 1316K bss, 50396K reserved, 0K cma-reserved)
[    .000000] SLUB: HWalign=64, Order=0-, MinObjects=0, CPUs=2, Nodes=1
[    .000000] Kernel/User page tables isoltion:enabled
[    0.000000] Hierarchical RCU impementation.
[    0.000000] 	Build-time adjustment of leaf fanout to 64.
[    0.000000] 	RCU restricting CPUs fom NR_CPUS=12 tonr_cpu_ids=2.
[    0.000000] RCU: Adjusing gometry for rcu_fanout_leaf=64, nr_cpu_ids=2
[    .000000] NR_IRQS:33024 nr_irqs:440 16
[    0.000000] Console: colour VGA+ 80x25
[    0.000000] console [tty1 enabled
[    0.000000] cnsole [ttyS0] enabled
[    0.000000] tsc: Detected 1799.999 MHz procesor
[    1.496321] Calibrating delay loop (skipped) preset value.. 3599.99 BogoMIPS (lpj=7199996)
[    1.511252] pid_max: default: 32768 minimum: 301
[    1.517905] ACPI: Core revision 20150930
[    1.526281] ACPI: 2 ACPI AML tables successfully acquired and loaded
[    1.534226] Security Framework initialized
[    1.535836] Yama: becoming mindful.
[    1.537280] AppArmor: AppArmor initialized
[    1.543906] Dentry cache hash table entries: 131072 (order: 8, 1048576 bytes)
[    1.560144] Inode-cache hash table entries: 65536 (order: 7, 524288 bytes)
[    1.577821] Mount-cache hash table entries: 2048 (order: 2, 16384 bytes)
[    1.593870] Mountpoint-cache hash table entries: 2048 (order: 2, 16384 bytes)
[    1.597905] Initializing cgroup subsys io
[    1.602568] Initializing cgroup subsys memory
[    1.613259] Initializing cgroup subsys devices
[    1.625225] Initializing cgroup subsys freezer
[    1.634557] Initializing cgroup subsys net_cls
[    1.639055] Initializing cgroup subsys perf_event
[    1.641127] Initializing cgroup subsys net_prio
[    1.643097] Initializing cgroup subsys hugetlb
[    1.646114] Initializing cgroup subsys pids
[    1.648523] mce: CPU supports 0 MCE banks
[    1.657336] Last level iTLB entries: 4KB 64, 2MB 8, 4MB 8
[    1.667352] Last level dTLB entries: 4KB 64, 2MB 0, 4MB 0, 1GB 4
[    1.681690] Spectre V2 : Mitigation: Full generic retpoline
[    1.685342] Spectre V2 : Speculation control IBPB not-supported IBRS not-supported
[    1.687558] Speculative Store Bypass: Vulnerable
[    1.692782] Freeing SMP alternatives memory: 32K
[    1.703156] ftrace: allocating 32266 entries in 127 pages
[    1.775491] smpboot: APIC(0) Converting physical 0 to logical package 0
[    1.789656] smpboot: Max logical packages: 1
[    1.802109] x2apic enabled
[    1.810055] Switched APIC routing to physical x2apic.
[    1.815018] ..TIMER: vector=0x30 apic1=0 pin1=2 apic2=-1 pin2=-1
[    1.932488] smpboot: CPU0: Intel(R) Core(TM) i5-5350U CPU @ 1.80GHz (family: 0x6, model: 0x3d, stepping: 0x4)
[    1.941369] Performance Events: unsupported p6 CPU model 61 no PMU driver, software events only.
[    1.958492] KVM setup paravirtual spinlock
[    1.967429] x86: Booting SMP configuration:
[    1.978142] .... node  #0, CPUs:      #1
[    1.982757] kvm-clock: cpu 1, msr 0:3ffe3041, secondary cpu clock
[    1.985300] mce: CPU supports 0 MCE banks
[    1.988363] x86: Booted up 1 node, 2 CPUs
[    1.993607] smpboot: Total of 2 processors activated (7199.99 BogoMIPS)
[    1.998904] devtmpfs: initialized
[    2.003311] evm: security.selinux
[    2.004852] evm: security.SMACK64
[    2.006395] evm: security.SMACK64EXEC
[    2.008065] evm: security.SMACK64TRANSMUTE
[    2.009786] evm: security.SMACK64MMAP
[    2.011392] evm: security.ima
[    2.012748] evm: security.capability
[    2.014633] clocksource: jiffies: mask: 0xffffffff max_cycles: 0xffffffff, max_idle_ns: 7645041785100000 ns
[    2.018333] futex hash table entries: 512 (order: 3, 32768 bytes)
[    2.021159] pinctrl core: initialized pinctrl subsystem
[    2.023296] RTC time: 15:52:58, date: 09/12/18
[    2.025178] NET: Registered protocol family 16
[    2.037121] cpuidle: using governor ladder
[    2.049134] cpuidle: using governor menu
[    2.051886] PCCT header not found.
[    2.057661] ACPI: bus type PCI registered
[    2.060275] acpiphp: ACPI Hot Plug PCI Controller Driver version: 0.5
[    2.074230] PCI: Using configuration type 1 for base access
[    2.093988] ACPI: Added _OSI(Module Device)
[    2.098893] ACPI: Added _OSI(Processor Device)
[    2.102903] ACPI: Added _OSI(3.0 _SCP Extensions)
[    2.108165] ACPI: Added _OSI(Processor Aggregator Device)
[    2.125614] ACPI: Executed 1 blocks of module-level executable AML code
[    2.130724] ACPI: Interpreter enabled
[    2.132455] ACPI: (supports S0 S5)
[    2.133982] ACPI: Using IOAPIC for interrupt routing
[    2.136417] PCI: Using host bridge windows from ACPI; if necessary, use "pci=nocrs" and report a bug
[    2.159967] ACPI: PCI Root Bridge [PCI0] (domain 0000 [bus 00-ff])
[    2.166168] acpi PNP0A03:00: _OSC: OS supports [ASPM ClockPM Segments MSI]
[    2.170237] acpi PNP0A03:00: _OSC: not requesting OS control; OS requires [ExtendedConfig ASPM ClockPM MSI]
[    2.189239] acpi PNP0A03:00: fail to add MMCONFIG information, can't access extended PCI configuration space under this bridge.
[    2.207341] PCI host bridge to bus 0000:00
[    2.216999] pci_bus 0000:00: root bus resource [io  0x0000-0x0cf7 window]
[    2.238370] pci_bus 0000:00: root bus resource [io  0x0d00-0xffff window]
[    2.244624] pci_bus 0000:00: root bus resource [mem 0x000a0000-0x000bffff window]
[    2.248004] pci_bus 0000:00: root bus resource [mem 0x40000000-0xfdffffff window]
[    2.251260] pci_bus 0000:00: root bus resource [bus 00-ff]
[    2.257339] pci 0000:00:01.1: legacy IDE quirk: reg 0x10: [io  0x01f0-0x01f7]
[    2.260148] pci 0000:00:01.1: legacy IDE quirk: reg 0x14: [io  0x03f6]
[    2.262912] pci 0000:00:01.1: legacy IDE quirk: reg 0x18: [io  0x0170-0x0177]
[    2.265802] pci 0000:00:01.1: legacy IDE quirk: reg 0x1c: [io  0x0376]
[    2.293487] pci 0000:00:07.0: quirk: [io  0x4000-0x403f] claimed by PIIX4 ACPI
[    2.316516] pci 0000:00:07.0: quirk: [io  0x4100-0x410f] claimed by PIIX4 SMB
[    2.346425] ACPI: PCI Interrupt Link [LNKA] (IRQs 5 9 10 *11)
[    2.349613] ACPI: PCI Interrupt Link [LNKB] (IRQs 5 9 *10 11)
[    2.358639] ACPI: PCI Interrupt Link [LNKC] (IRQs 5 *9 10 11)
[    2.365165] ACPI: PCI Interrupt Link [LNKD] (IRQs 5 9 10 *11)
[    2.368755] ACPI: Enabled 2 GPEs in block 00 to 07
[    2.371303] vgaarb: setting as boot device: PCI:0000:00:02.0
[    2.377728] vgaarb: device added: PCI:0000:00:02.0,decodes=io+mem,owns=io+mem,locks=none
[    2.390724] vgaarb: loaded
[    2.393441] vgaarb: bridge control possible 0000:00:02.0
[    2.404199] SCSI subsystem initialized
[    2.415578] ACPI: bus type USB registered
[    2.421633] usbcore: registered new interface driver usbfs
[    2.423803] usbcore: registered new interface driver hub
[    2.437222] usbcore: registered new device driver usb
[    2.445910] PCI: Using ACPI for IRQ routing
[    2.449898] NetLabel: Initializing
[    2.451598] NetLabel:  domain hash size = 128
[    2.458147] NetLabel:  protocols = UNLABELED CIPSOv4
[    2.465479] NetLabel:  unlabeled traffic allowed by default
[    2.477193] amd_nb: Cannot enumerate AMD northbridges
[    2.486936] clocksource: Switched to clocksource kvm-clock
[    2.507295] AppArmor: AppArmor FilesystemEnable
[    2.560712] pnp: PnP ACPI init
[    2.64105] pnp: PnPACPI: found 3 devces

[    .651084] clocksource: acpi_pm: mask: 0xffffff max_cycles: 0xffffff, max_idle_ns 2085701024 ns
[    2.703031] NET: Registeed protocol family 2

[    2.730113] TCP established hsh table ntries: 8192 (oder: 4, 65536 bytes)

[    2808739] TCP bin hash table entries: 8192 (order: 5, 131072 bytes)
[    2.862094] TCP: Hash tbles configured (established 8192 ind 8192)
[    2.913124] UDP hash table entries: 512 (order: 2, 16384 byes)
[    2.939525] UDP-Lite hash table entries: 512 (order: 2, 16384 bytes)
[    2.941750] NET: Registered protocol family 1
[    2.943849] pci 0000:00:00.0: Lmiting irect PCI/PCI transfers
[    2.993689] pci 0000:00:01.0: Activating ISA DMA hang workarounds
[    2.99984] Unpacking initramfs...

[    3.324206] Freeing initrd memory: 14792K
[    3.328756] RAPL PMU detected, API unit is 2^-32 Joules, 4 fixed counters 10737418240 ms ovfl timer
[    3.334414] hw unit of domain pp0-core 2^-0 Joules
[    3.336203] hw unit of domain package 2^-0 Joules
[    3.341146] hw unit of domain dram 2^-0 Joules
[    3.350957] hw unit of domain pp1-gpu 2^-0 Joules
[    3.352840] platform rtc_cmos: registered platform RTC device (no PNP device found)
[    3.372639] Scanning for low memory corruption every 60 seconds
[    3.383460] audit: initializing netlink subsys (disabled)
[    3.391124] audit: type=2000 audit(1536767583.524:1): initialized
[    3.393980] Initialise system trusted keyring
[    3.396161] HugeTLB registered 2 MB page size, pre-allocated 0 pages
[    3.400183] zbud: loaded
[    3.401800] VFS: Disk quotas dquot_6.6.0
[    3.403630] VFS: Dquot-cache hash table entries: 512 (order 0, 4096 bytes)
[    3.406574] squashfs: version 4.0 (2009/01/31) Phillip Lougher
[    3.409347] fuse init (API version 7.23)
[    3.411189] Key type big_key registered
[    3.413040] Allocating IMA MOK and blacklist keyrings.
[    3.417699] Key type asymmetric registered
[    3.419889] Asymmetric key parser 'x509' registered
[    3.424268] Block layer SCSI generic (bsg) driver version 0.4 loaded (major 249)
[    3.429970] io scheduler noop registered
[    3.434551] io scheduler deadline registered (default)
[    3.436601] io scheduler cfq registered
[    3.438222] pci_hotplug: PCI Hot Plug PCI Core version: 0.5
[    3.444827] pciehp: PCI Express Hot Plug Controller Driver version: 0.4
[    3.453943] ACPI: AC Adapter [AC] (off-line)
[    3.463384] input: Power Button as /devices/LNXSYSTM:00/LNXPWRBN:00/input/input0
[    3.479239] ACPI: Power Button [PWRF]
[    3.500173] input: Sleep Button as /devices/LNXSYSTM:00/LNXSLPBN:00/input/input1
[    3.518503] ACPI: Sleep Button [SLPF]
[    3.526086] ACPI: Battery Slot [BAT0] (battery present)
[    3.530503] GHES: HEST is not enabled!
[    3.532217] Serial: 8250/16550 driver, 32 ports, IRQ sharing enabled
[    3.559668] 00:02: ttyS0 at I/O 0x3f8 (irq = 4, base_baud = 115200) is a 16550A
[    3.566867] Linux agpgart interface v0.103
[    3.571160] loop: module loaded
[    3.583424] scsi host0: ata_piix
[    3.588885] scsi host1: ata_piix
[    3.596301] ata1: PATA max UDMA/33 cmd 0x1f0 ctl 0x3f6 bmdma 0xd000 irq 14
[    3.615786] ata2: PATA max UDMA/33 cmd 0x170 ctl 0x376 bmdma 0xd008 irq 15
[    3.623707] libphy: Fixed MDIO Bus: probed
[    3.625477] tun: Universal TUN/TAP device driver, 1.6
[    3.634751] tun: (C) 1999-2004 Max Krasnyansky <maxk@qualcomm.com>
[    3.663817] PPP generic driver version 2.4.2
[    3.665475] ehci_hcd: USB 2.0 'Enhanced' Host Controller (EHCI) Driver
[    3.672899] ehci-pci: EHCI PCI platform driver
[    3.680665] ehci-platform: EHCI generic platform driver
[    3.682907] ohci_hcd: USB 1.1 'Open' Host Controller (OHCI) Driver
[    3.689311] ohci-pci: OHCI PCI platform driver
[    3.692536] ohci-platform: OHCI generic platform driver
[    3.703938] uhci_hcd: USB Universal Host Controller Interface driver
[    3.716439] i8042: PNP: PS/2 Controller [PNP0303:PS2K,PNP0f03:PS2M] at 0x60,0x64 irq 1,12
[    3.723508] serio: i8042 KBD port at 0x60,0x64 irq 1
[    3.739998] serio: i8042 AUX port at 0x60,0x64 irq 12
[    3.750478] mousedev: PS/2 mouse device common for all mice
[    3.772420] rtc_cmos rtc_cmos: rtc core: registered rtc_cmos as rtc0
[    3.775909] rtc_cmos rtc_cmos: alarms up to one day, 114 bytes nvram
[    3.777963] i2c /dev entries driver
[    3.783388] input: AT Translated Set 2 keyboard as /devices/platform/i8042/serio0/input/input2
[    3.800391] device-mapper: uevent: version 1.0.3
[    3.813878] device-mapper: ioctl: 4.34.0-ioctl (2015-10-28) initialised: dm-devel@redhat.com
[    3.824416] ledtrig-cpu: registered to indicate activity on CPUs
[    3.833389] NET: Registered protocol family 10
[    3.836041] NET: Registered protocol family 17
[    3.844574] Key type dns_resolver registered
[    3.856861] registered taskstats version 1
[    3.86058] Loading compiledin X.509 certificates
[    3.913542] Loaded X.509 crt 'Buildtime autogenerated kernel key: 4eb3d04ac16f76c1747ffd474694c84db21038b'
[   3.990495 zswap: loaded usig pool lzo/zbud

[    4.067340] Key type trusted registered
[    4.076984] Key type encrypted registered
[    4.084635] AppArmor: AppArmor sha1 policy hashing enabled
[    4.088916] ima: No TPM chip found, activating TPM-bypass!
[    4.109551] ima: Allocated hash algorithm: sha1
[    4.113628] evm: HMAC attrs: 0x1

[    4.141610]   Magic number: 2:849:891
[    4.144341] event_sorce msr: has matches

[    4.194429] rtc_cmos rtc_cmos: setting system clock to 2018-09-12 15:53:00 UTC (1536767580)
[    4.197633] BIOS EDD facility v0.16 2004-Jun-25, 0 devices found
[    4.204899] EDD information not available.
[    4.207926] Freeing unused kernel memory: 1516K
[    4.223537] Write protecting the kernel read-only data: 14336k
[    4.344613] Freeing unused kernel memory: 1672K
[    4.348117] Freeing unused kernel memory: 92K
[    4.351196] tsc: Refined TSC clocksource calibration: 1799.469 MHz
[    4.351199] clocksource: tsc: mask: 0xffffffffffffffff max_cycles: 0x19f0340853c, max_idle_ns: 440795284440 ns
Loading, please wait...
starting version 229
[    4.545821] random: systemd-udevd: uninitialized urandom read (16 bytes read, 5 bits of entropy available)
[    4.546182] random: udevadm: uninitialized urandom read (16 bytes read, 5 bits of entropy available)
[    4.546211] random: udevadm: uninitialized urandom read (16 bytes read, 5 bits of entropy available)
[    4.559675] random: udevadm: uninitialized urandom read (16 bytes read, 5 bits of entropy available)
[    4.559722] random: udevadm: uninitialized urandom read (16 bytes read, 5 bits of entropy available)
[    4.559858] random: udevadm: uninitialized urandom read (16 bytes read, 5 bits of entropy available)
[    4.559909] random: udevadm: uninitialized urandom read (16 bytes read, 5 bits of entropy available)
[    4.559957] random: udevadm: uninitialized urandom read (16 bytes read, 5 bits of entropy available)
[    4.560006] random: udevadm: uninitialized urandom read (16 bytes read, 5 bits of entropy available)
[    4.560052] random: udevadm: uninitialized urandom read (16 bytes read, 5 bits of entropy available)
[    4.703501] e1000: Intel(R) PRO/1000 Network Driver - version 7.3.21-k8-NAPI
[    4.705892] e1000: Copyright (c) 1999-2006 Intel Corporation.
[    4.709924] Fusion MPT base driver 3.04.20
[    4.718549] Copyright (c) 1999-2008 LSI Corporation
[    4.742639] Fusion MPT SPI Host driver 3.04.20
[    4.749528] AVX2 version of gcm_enc/dec engaged.
[    4.751537] AES CTR mode by8 optimization enabled
[    4.932275] input: ImExPS/2 Generic Explorer Mouse as /devices/platform/i8042/serio1/input/input4
[    5.137107] e1000 0000:00:03.0 eth0: (PCI:33MHz:32-bit) 02:1d:76:b3:3c:fe
[    5.139611] e1000 0000:00:03.0 eth0: Intel(R) PRO/1000 Network Connection
[    5.608020] e1000 0000:00:08.0 eth1: (PCI:33MHz:32-bit) 08:00:27:d0:b1:fb
[    5.613817] e1000 0000:00:08.0 eth1: Intel(R) PRO/1000 Network Connection
[    5.618832] e1000 0000:00:08.0 enp0s8: renamed from eth1
[    5.619038] mptbase: ioc0: Initiating bringup
[    5.659353] e1000 0000:00:03.0 enp0s3: renamed from eth0
[    5.703488] ioc0: LSI53C1030 A0: Capabilities={Initiator}
[    5.881905] scsi host2: ioc0: LSI53C1030 A0, FwRev=00000000h, Ports=1, MaxQ=256, IRQ=20
[    6.024158] scsi 2:0:0:0: Direct-Access     VBOX     HARDDISK         1.0  PQ: 0 ANSI: 5
[    6.048579] scsi target2:0:0: Beginning Domain Validation
[    6.063306] scsi target2:0:0: Domain Validation skipping write tests
[    6.075835] scsi target2:0:0: Ending Domain Validation
[    6.084867] scsi target2:0:0: asynchronous
[    6.088839] scsi 2:0:1:0: Direct-Access     VBOX     HARDDISK         1.0  PQ: 0 ANSI: 5
[    6.093147] scsi target2:0:1: Beginning Domain Validation
[    6.189582] scsi target2:0:1: Domain Validation skipping write tests
[    6.191550] scsi target2:0:1: Ending Domain Validation
[    6.352026] scsi target2:0:1: asynchronous
[    6.791372] sd 2:0:0:0: Attached scsi generic sg0 type 0
[    6.794049] sd 2:0:0:0: [sda] 20971520 512-byte logical blocks: (10.7 GB/10.0 GiB)
[    6.797829] sd 2:0:1:0: [sdb] 20480 512-byte logical blocks: (10.5 MB/10.0 MiB)
[    6.802575] sd 2:0:0:0: [sda] Write Protect is off
[    6.802584] sd 2:0:1:0: [sdb] Write Protect is off
[    6.802895] sd 2:0:1:0: [sdb] Incomplete mode parameter data
[    6.802896] sd 2:0:1:0: [sdb] Assuming drive cache: write through
[    6.805640] sd 2:0:1:0: Attached scsi generic sg1 type 0
[    6.809361] sd 2:0:1:0: [sdb] Attached SCSI disk
[    6.818537] sd 2:0:0:0: [sda] Incomplete mode parameter data
[    6.821122] sd 2:0:0:0: [sda] Assuming drive cache: write through
[    6.836536]  sda: sda1
[    6.839409] sd 2:0:0:0: [sda] Attached SCSI disk
Begin: Loading essential drivers ... [    8.212780] md: linear personality registered for level -1
[    8.218016] md: multipath personality registered for level -4
[    8.225999] md: raid0 personality registered for level 0
[    8.236323] md: raid1 personality registered for level 1
[    8.307208] raid6: sse2x1   gen()  8605 MB/s
[    8.383084] raid6: sse2x1   xor()  6561 MB/s
[    8.459404] raid6: sse2x2   gen() 10772 MB/s
[    8.527468] raid6: sse2x2   xor()  7227 MB/s
[    8.607046] raid6: sse2x4   gen() 11583 MB/s
[    8.687074] raid6: sse2x4   xor()  8888 MB/s
[    8.754973] raid6: avx2x1   gen() 16814 MB/s
[    8.823368] raid6: avx2x2   gen() 18124 MB/s
[    8.895048] raid6: avx2x4   gen()  9061 MB/s
[    8.905096] raid6: using algorithm avx2x2 gen() 18124 MB/s
[    8.908540] raid6: using avx2x2 recovery algorithm
[    8.916481] xor: automatically using best checksumming function:
[    8.982974]    avx       : 22410.000 MB/sec
[    8.987246] async_tx: api initialized (async)
[    9.000884] md: raid6 personality registered for level 6
[    9.004565] md: raid5 personality registered for level 5
[    9.006820] md: raid4 personality registered for level 4
[    9.014917] md: raid10 personality registered for level 10
done.
Begin: Running /scripts/init-premount ... done.
Begin: Mounting root file system ... Begin: Running /scripts/local-top ... done.
Begin: Running /scripts/local-premount ... [    9.053673] Btrfs loaded
Scanning for Btrfs filesystems
done.
Warning: fsck not present, so skipping root file system
[    9.092410] EXT4-fs (sda1): mounted filesystem with ordered data mode. Opts: (null)
done.
Begin: Running /scripts/local-bottom ... done.
Begin: Running /scripts/init-bottom ... done.
[    9.206615] systemd[1]: systemd 229 running in system mode. (+PAM +AUDIT +SELINUX +IMA +APPARMOR +SMACK +SYSVINIT +UTMP +LIBCRYPTSETUP +GCRYPT +GNUTLS +ACL +XZ -LZ4 +SECCOMP +BLKID +ELFUTILS +KMOD -IDN)
[    9.226795] systemd[1]: Detected virtualization oracle.
[    9.237659] systemd[1]: Detected architecture x86-64.

Welcome to [1mUbuntu 16.04.5 LTS[0m!

[    9.263752] systemd[1]: Set hostname to <ubuntu>.
[    9.280943] systemd[1]: Initializing machine ID from random generator.
[    9.283726] systemd[1]: Installed transient /etc/machine-id file.
[    9.431149] systemd[1]: Set up automount Arbitrary Executable File Formats File System Automount Point.
[[0;32m  OK  [0m] Set up automount Arbitrary Executab...ats File System Automount Point.
[    9.437958] systemd[1]: Listening on /dev/initctl Compatibility Named Pipe.
[[0;32m  OK  [0m] Listening on /dev/initctl Compatibility Named Pipe.
[    9.442918] systemd[1]: Listening on LVM2 poll daemon socket.
[[0;32m  OK  [0m] Listening on LVM2 poll daemon socket.
[    9.446937] systemd[1]: Reached target Encrypted Volumes.
[[0;32m  OK  [0m] Reached target Encrypted Volumes.
[    9.450914] systemd[1]: Listening on Syslog Socket.
[[0;32m  OK  [0m] Listening on Syslog Socket.
[    9.454647] systemd[1]: Reached target System Time Synchronized.
[[0;32m  OK  [0m] Reached target System Time Synchronized.
[    9.460866] systemd[1]: Reached target User and Group Name Lookups.
[[0;32m  OK  [0m] Reached target User and Group Name Lookups.
[    9.490845] systemd[1]: Listening on udev Control Socket.
[[0;32m  OK  [0m] Listening on udev Control Socket.
[    9.514042] systemd[1]: Listening on Journal Audit Socket.
[[0;32m  OK  [0m] Listening on Journal Audit Socket.
[    9.521999] systemd[1]: Started Forward Password Requests to Wall Directory Watch.
[[0;32m  OK  [0m] Started Forward Password Requests to Wall Directory Watch.
[    9.552254] systemd[1]: Created slice User and Session Slice.
[[0;32m  OK  [0m] Created slice User and Session Slice.
[    9.592171] systemd[1]: Listening on Journal Socket (/dev/log).
[[0;32m  OK  [0m] Listening on Journal Socket (/dev/log).
[    9.604865] systemd[1]: Listening on udev Kernel Socket.
[[0;32m  OK  [0m] Listening on udev Kernel Socket.
[    9.615261] systemd[1]: Started Trigger resolvconf update for networkd DNS.
[[0;32m  OK  [0m] Started Trigger resolvconf update for networkd DNS.
[    9.637761] systemd[1]: Listening on LVM2 metadata daemon socket.
[[0;32m  OK  [0m] Listening on LVM2 metadata daemon socket.
[    9.656957] systemd[1]: Reached target Swap.
[[0;32m  OK  [0m] Reached target Swap.
[    9.688178] systemd[1]: Created slice System Slice.
[[0;32m  OK  [0m] Created slice System Slice.
[    9.697770] systemd[1]: Created slice system-serial\x2dgetty.slice.
[[0;32m  OK  [0m] Created slice system-serial\x2dgetty.slice.
[    9.728569] systemd[1]: Reached target Slices.
[[0;32m  OK  [0m] Reached target Slices.
[    9.734192] systemd[1]: Listening on Journal Socket.
[[0;32m  OK  [0m] Listening on Journal Socket.
[    9.759237] systemd[1]: Starting Remount Root and Kernel File Systems...
         Starting Remount Root and Kernel File Systems...
[    9.768220] EXT4-fs (sda1): re-mounted. Opts: (null)
[    9.778317] systemd[1]: Starting Load Kernel Modules...
         Starting Load Kernel Modules...
[    9.784861] systemd[1]: Starting Nameserver information manager...
         Starting Nameserver information manager...
[    9.792012] systemd[1]: Starting Journal Service...
         Startin[    9.805650] Loading iSCSI transport class v2.0-870.
g Journal Service...
[    9.834120] systemd[1]: Starting Create list of required static device nodes for the current kernel...
[    9.847489] iscsi: registered transport (tcp)
         Starting Create list of required st... nodes for the current kernel...
[   10.218101] systemd[1]: Mounting Debug File System...
         Mounting Debug File System...
[   10.224261] systemd[1]: Starting Uncomplicated firewall...
         Starting Uncomplicated firewall...
[   10.238713] systemd[1]: Starting Set console keymap...
         Starting Set console keymap...
[   10.255626] systemd[1]: Listening on Device-mapper event daemon FIFOs.
[[0;32m  OK  [0m] Listening on Device-mapper event daemon FIFO[   10.274054] iscsi: registered transport (iser)
s.
[   10.331776] systemd[1]: Starting Monitoring of LVM2 mirrors, snapshots etc. using dmeventd or progress polling...
         Starting Monitoring of LVM2 mirrors... dmeventd or progress polling...
[   10.353998] random: nonblocking pool is initialized
[   10.365251] systemd[1]: Mounting POSIX Message Queue File System...
         Mounting POSIX Message Queue File System...
[   10.370834] systemd[1]: Mounting Huge Pages File System...
         Mounting Huge Pages File System...
[   10.377431] systemd[1]: Mounted Debug File System.
[[0;32m  OK  [0m] Mounted Debug File System.
[   10.382589] systemd[1]: Mounted Huge Pages File System.
[[0;32m  OK  [0m] Mounted Huge Pages File System.
[   10.393778] systemd[1]: Mounted POSIX Message Queue File System.
[[0;32m  OK  [0m] Mounted POSIX Message Queue File System.
[   10.420079] systemd[1]: Started Journal Service.
[[0;32m  OK  [0m] Started Journal Service.
[[0;32m  OK  [0m] Started Remount Root and Kernel File Systems.
[[0;32m  OK  [0m] Started Load Kernel Modules.
[[0;32m  OK  [0m] Started Create list of required sta...ce nodes for the current kernel.
[[0;32m  OK  [0m] Started Uncomplicated firewall.
[[0;32m  OK  [0m] Started Set console keymap.
[[0;32m  OK  [0m] Started Nameserver information manager.
[[0;32m  OK  [0m] Started LVM2 metadata daemon.
         Starting Create Static Device Nodes in /dev...
         Mounting FUSE Control File System...
         Starting Apply Kernel Variables...
         Starting Load/Save Random Seed...
         Starting udev Coldplug all Devices...
         Starting Flush Journal to Persistent Storage...
[[0;32m  OK  [0m] Mounted FUSE Control File System.
[[0;32m  OK  [0m] Started Create Static Device Nodes in /dev.
[[0;32m  OK  [0m] Started Apply Kernel Variables.
[[0;32m  OK  [0m] Started Load/Save Random Seed.
[[0;32m  OK  [0m] Started Flush Journal to Persistent Storage.
[[0;32m  OK  [0m] Started udev Coldplug all Devices.
         Starting udev Kernel Device Manager...
[[0;32m  OK  [0m] Started udev Kernel Device Manager.
[[0;32m  OK  [0m] Started Dispatch Password Requests to Console Directory Watch.
[[0;32m  OK  [0m] Found device /dev/ttyS0.
[[0;32m  OK  [0m] Listening on Load/Save RF Kill Switch Status /dev/rfkill Watch.
[[0;32m  OK  [0m] Started Monitoring of LVM2 mirrors,...ng dmeventd or progress polling.
[[0;32m  OK  [0m] Reached target Local File Systems (Pre).
[[0;32m  OK  [0m] Reached target Local File Systems.
         Starting Create Volatile Files and Directories...
         Starting Set console font and keymap...
         Starting Initial cloud-init job (pre-networking)...
         Starting LSB: AppArmor initialization...
         Starting Tell Plymouth To Write Out Runtime Data...
         Starting Commit a transient machine-id on disk...
[[0;32m  OK  [0m] Started Create Volatile Files and Directories.
[[0;32m  OK  [0m] Started Tell Plymouth To Write Out Runtime Data.
[[0;32m  OK  [0m] Started Commit a transient machine-id on disk.
[[0;32m  OK  [0m] Started Set console font and keymap.
[[0;32m  OK  [0m] Created slice system-getty.slice.
         Starting Update UTMP about System Boot/Shutdown...
[[0;32m  OK  [0m] Started Update UTMP about System Boot/Shutdown.
[   10.873208] cloud-init[628]: Cloud-init v. 18.3-9-g2e62cb8a-0ubuntu1~16.04.2 running 'init-local' at Wed, 12 Sep 2018 15:53:08 +0000. Up 10.49 seconds.
[[0;32m  OK  [0m] Started Initial cloud-init job (pre-networking).
[[0;32m  OK  [0m] Reached target Network (Pre).
[[0;32m  OK  [0m] Started LSB: AppArmor initialization.
         Starting Raise network interfaces...
[[0;32m  OK  [0m] Started Raise network interfaces.
         Starting Initial cloud-init job (metadata service crawler)...
[[0;32m  OK  [0m] Reached target Network.
[   12.466752] cloud-init[940]: Cloud-init v. 18.3-9-g2e62cb8a-0ubuntu1~16.04.2 running 'init' at Wed, 12 Sep 2018 15:53:10 +0000. Up 11.71 seconds.
[   12.479451] cloud-init[940]: ci-info: ++++++++++++++++++++++++++++++++++++++Net device info+++++++++++++++++++++++++++++++++++++++
[   12.490907] cloud-init[940]: ci-info: +--------+-------+----------------------------+---------------+--------+-------------------+
[   12.501169] cloud-init[940]: ci-info: | Device |   Up  |          Address           |      Mask     | Scope  |     Hw-Address    |
[   12.518531] cloud-init[940]: ci-info: +--------+-------+----------------------------+---------------+--------+-------------------+
[   12.528225] cloud-init[940]: ci-info: | enp0s3 |  True |         10.0.2.15          | 255.255.255.0 | global | 02:1d:76:b3:3c:fe |
[   12.545775] cloud-init[940]: ci-info: | enp0s3 |  True | fe80::1d:76ff:feb3:3cfe/64 |       .       |  link  | 02:1d:76:b3:3c:fe |
[   12.568768] cloud-init[940]: ci-info: | enp0s8 | False |             .              |       .       |   .    | 08:00:27:d0:b1:fb |
[   12.569698] [cloud-init[0;32m  OK  [0m[940]: ] ci-info: |   lo   |  True |         127.0.0.1          |   255.0.0.0   |  host  |         .         |Started Initial cloud-init job (metadata service crawler).

[   12.571571] cloud-init[940]: ci-info: |   lo   |  True |          ::1/128           |       .       |  host  |         .         |
[   12.639281] cloud-init[940]: ci-info: +--------+-------+----------------------------+---------------+--------+-------------------+
[   12.639980] cloud-init[940]: ci-info: +++++++++++++++++++++++++++Route IPv4 info++++++++++++++++++++++++++++
[[0;32m  OK  [0m] Reached target Network is Online.
[   12.641719] cloud-init[940]: ci-info: +-------+-------------+----------+---------------+-----------+-------+
         Starting iSCSI initiator daemon (iscsid)...
[   12.711531] cloud-init[940]: ci-info: | Route | Destination | Gateway  |    Genmask    | Interface | Flags |
[   12.747311] cloud-init[940]: ci-info: +-------+-------------+----------+---------------+-----------+-------+
[   12.747858] cloud-init[940]: ci-info: |   0   |   0.0.0.0   | 10.0.2.2 |    0.0.0.0    |   enp0s3  |   UG  |
[[0;32m  OK  [0m] Reached target System Initialization.
[[   12.751965] cloud-init[940]: ci-info: |   1   |   10.0.2.0  | 0.0.0.0  | 255.255.255.0 |   enp0s3  |   U   |
[   12.810498] [0;32m  OK  [0mcloud-init] [940]: Listening on ACPID Listen Socket.ci-info: +-------+-------------+----------+---------------+-----------+-------+

[   12.811471] cloud-init[940]: ci-info: +++++++++++++++++++Route IPv6 info+++++++++++++++++++
         [   12.870446] cloud-init[940]: ci-info: +-------+-------------+---------+-----------+-------+
[   12.870751] cloud-init[940]: ci-info: | Route | Destination | Gateway | Interface | Flags |
[   12.874444] cloud-init[940]: ci-info: +-------+-------------+---------+-----------+-------+
[   12.877087] cloud-init[940]: ci-info: |   0   |  fe80::/64  |    ::   |   enp0s3  |   U   |
[   12.881314] cloud-init[940]: ci-info: |   3   |   ff00::/8  |    ::   |   enp0s3  |   U   |
[   12.881393] cloud-init[940]: ci-info: +-------+-------------+---------+-----------+-------+
Starting LXD - unix socket.
[[   12.883936] cloud-init[940]: Generating public/private rsa key pair.
[   12.906822] [0;32m  OK  [0mcloud-init] [940]: Started Daily apt download activities.Your identification has been saved in /etc/ssh/ssh_host_rsa_key.

[   12.907607] cloud-init[940]: Your public key has been saved in /etc/ssh/ssh_host_rsa_key.pub.
[   12.949236] cloud-init[940]: The key fingerprint is:
[   12.950295] cloud-init[940]: SHA256:eu0DP7ANmVX5cFWQHyRPJZ9K5+B70xX//SFe//wZrYo root@ubuntu-xenial
[[0;32m  OK  [0m] Started ACPI Events Check.
[[   12.953231] cloud-init[940]: The key's randomart image is:
[   13.001994] cloud-init[940]: +---[RSA 2048]----+
[0;32m  OK  [0m] Reached target Paths.
[[   13.003796] cloud-init[940]: |             o+**|
[   13.030760] cloud-init[940]: |            + *+.|
[   13.033550] cloud-init[940]: |           . * *o|
[   13.034705] cloud-init[940]: |          . o * +|
[   13.037166] cloud-init[940]: |        S+   o .o|
[   13.038216] cloud-init[940]: |       .*.    . *|
[0;32m  OK  [0m] Listening on UUID daemon activation socket.
[[   13.040209] cloud-init[940]: |      . .B.  o *=|
[   13.062289] cloud-init[940]: |       ...=.. +oB|
[   13.062751] cloud-init[940]: |          Eo.o..O|
[0;32m  OK  [0m] Listening on D-Bus System Message Bus Socket.
[   13.066289] cloud-init[940]: +----[SHA256]-----+
[   13.080827] cloud-init[940]: Generating public/private dsa key pair.
[[0;32m  OK  [0m] Started Daily apt upgrade and clean activities.
[   13.081544] cloud-init[940]: Your identification has been saved in /etc/ssh/ssh_host_dsa_key.
[   13.105227] cloud-init[940]: Your public key has been saved in /etc/ssh/ssh_host_dsa_key.pub.
[   13.105760] cloud-init[940]: The key fingerprint is:
         Starting Socket activation for snappy daemon.
[   13.109168] cloud-init[940]: SHA256:Ob0C8hD/dpSUEeEVBUl325SqqKrqNMdcDP5AnYe/SBo root@ubuntu-xenial
[[   13.151682] cloud-init[940]: The key's randomart image is:
[   13.152714] cloud-init[940]: +---[DSA 1024]----+
[   13.153556] cloud-init[940]: |          ++==o +|
[0;32m  OK  [0m] Started Daily Cleanup of Temporary Directories.
[[   13.155716] cloud-init[940]: |    . o  . +.. +o|
[   13.198301] [0;32m  OK  [0m] Reached target Timers.
cloud-init[940]: |   o.+ .  +   ...|
[   13.214526] cloud-init[940]: |  o ooo  + . .   |
[   13.215049] cloud-init[940]: |   Eo+o.S = .    |
[   13.217230] cloud-init[940]: |  o B+.o.+ o     |
[   13.218530] cloud-init[940]: | o = o..= o      |
[   13.221001] cloud-init[940]: |. o    o o       |
[   13.222036] cloud-init[940]: |.o.....          |
[   13.223806] cloud-init[940]: +----[SHA256]-----+
[   13.224987] cloud-init[940]: Generating public/private ecdsa key pair.
[[0;32m  OK  [0m] Reached target Cloud-config availability.
[   13.226140] cloud-init[940]: Your identification has been saved in /etc/ssh/ssh_host_ecdsa_key.
[   13.291561] cloud-init[940]: Your public key has been saved in /etc/ssh/ssh_host_ecdsa_key.pub.
[   13.299551] cloud-init[940]: The key fingerprint is:
[   13.304592] cloud-init[940]: SHA256:4FZKHl1HBSiX2UbWwPjKNu1iicn7xCZ3n1sb5tXDyeg root@ubuntu-xenial
[   13.312717] cloud-init[940]: The key's randomart image is:
[   13.317615] cloud-init[940]: +---[ECDSA 256]---+
[   13.329906] cloud-init[940]: |          .XB=.  |
[   13.330803] cloud-init[940]: |       ...*o+ .  |
[   13.333579] cloud-init[940]: |      + oo o     |
[[0;32m  OK  [0m] Listening on LXD - unix socket.
[[   13.334759] cloud-init[940]: |     + =    .    |
[0;32m  OK  [0m] Listening on Socket activation for snappy daemon.
[   13.356624] cloud-init[940]: |      = S. o     |
[   13.392957] cloud-init[940]: |     .   .= . + o|
[[0;32m  OK  [0m] Started iSCSI initiator daemon (iscsid).
[   13.394030] cloud-init[940]: |       ..+=+.. B+|
[   13.413528]          Starting Login to default iSCSI targets...
[[0;32m  OK  [0m] Reached target Sockets.
[[0;32m  OK  [0m] Reached target Basic System.
[[0;32m  OK  [0m] Started Deferred execution scheduler.
cloud-init[940]: [[0;32m  OK  [0m] Started ACPI event daemon.
|        +=+.o.oo=|         Starting /etc/rc.local Compatibility...
         Starting Accounts Service...
[[0;32m  OK  [0m] Started FUSE filesystem for LXC.

[   13.434126] cloud-init[940]: [[0;32m  OK  [0m] Started D-Bus System Message Bus.
|        .+.. E++ |
[   13.444975] cloud-init[940]: +----[SHA256]-----+
[   13.449914] cloud-init[940]: Generating public/private ed25519 key pair.
[   13.457410] cloud-init[940]: Your identification has been saved in /etc/ssh/ssh_host_ed25519_key.
[   13.463080] cloud-init[940]: Your public key has been saved in /etc/ssh/ssh_host_ed25519_key.pub.
[   13.471828] cloud-init[940]: The key fingerprint is:
[   13.476636] cloud-init[940]: SHA256:WAQ3jd59xqVaID7sdXh0UEBcynhthMd5EPf6PrhG5Gk root@ubuntu-xenial
[   13.484290] cloud-init[940]: The key's randomart image is:
[   13.501806]          Starting Virtualbox guest utils...
cloud-init[940]:          Starting Pollinate to seed the pseudo random number generator...
         Starting Login Service...
         Starting LSB: Record successful boot for GRUB...
         Starting LSB: MD monitoring daemon...
+--[ED25519 256]--+
[   13.513091] cloud-init[940]: |      ..+o   o*X*|
         Starting Snappy daemon...
[[0;32m  OK  [0m] Started Unattended Upgrades Shutdown.
[   13.531791] cloud-init[940]: |       o..o .o+*B|
         Starting System Logging Service...
[[0;32m  OK  [0m] Started Regular background program processing daemon.
[   13.559767] cloud-init[940]: |       ..+ o.=+==|
[   13.572271] cloud-init[940]: |       o. = +oOo |
[   13.574433] cloud-init[940]: |      . S. ooBo  |
[   13.575498] cloud-init[940]: |          . .E . |
         Starting LXD - container startup/shutdown...
[[0;32m  OK  [0m] Started /etc/rc.local Compatibility.
[[0;32m  OK  [0m] Started System Logging Service.
[   13.589078] cloud-init[940]: |            o . .|
[   13.624189] cloud-init[940]: |             o o |
[   13.630656] cloud-init[940]: |            ... o|
[   13.639372] cloud-init[940]: +----[SHA256]-----+
[[0;32m  OK  [0m] Started Login to default iSCSI targets.
[[0;32m  OK  [0m] Started LSB: Record successful boot for GRUB.
[[0;32m  OK  [0m] Started LSB: MD monitoring daemon.
         Starting Authenticate and Authorize Users to Run Privileged Tasks...
[[0;32m  OK  [0m] Reached target Remote File Systems (Pre).
[[0;32m  OK  [0m] Reached target Remote File Systems.
         Starting LSB: daemon to balance interrupts for SMP systems...
         Starting LSB: Set the CPU Frequency Scaling governor to "ondemand"...
         Starting Permit User Sessions...
         Starting LSB: automatic crash report generation...
[[0;32m  OK  [0m] Started Snappy daemon.
[[0;32m  OK  [0m] Started Virtualbox guest utils.
[[0;32m  OK  [0m] Started LXD - container startup/shutdown.
[[0;32m  OK  [0m] Started Permit User Sessions.
[[0;32m  OK  [0m] Started Login Service.
[[0;32m  OK  [0m] Started Authenticate and Authorize Users to Run Privileged Tasks.
[[0;32m  OK  [0m] Started Accounts Service.
[[0;32m  OK  [0m] Started LSB: Set the CPU Frequency Scaling governor to "ondemand".
[[0;32m  OK  [0m] Started LSB: daemon to balance interrupts for SMP systems.
         Starting Hold until boot process finishes up...
         Starting Terminate Plymouth Boot Screen...
         Starting Wait until snapd is fully seeded...
[[0;32m  OK  [0m] Started LSB: automatic crash report generation.
[[0;32m  OK  [0m] Started Hold until boot process finishes up.
[[0;32m  OK  [0m] Started Terminate Plymouth Boot Screen.
[[0;32m  OK  [0m] Started Pollinate to seed the pseudo random number generator.
         Starting OpenBSD Secure Shell server...
[[0;32m  OK  [0m] Started Serial Getty on ttyS0.
[[0;32m  OK  [0m] Started Getty on tty1.
[[0;32m  OK  [0m] Reached target Login Prompts.
         Starting Set console scheme...
[[0;32m  OK  [0m] Started OpenBSD Secure Shell server.
[[0;32m  OK  [0m] Started Set console scheme.
[[0;32m  OK  [0m] Started Wait until snapd is fully seeded.
         Starting Apply the settings specified in cloud-config...
[[0;32m  OK  [0m] Reached target Multi-User System.
[[0;32m  OK  [0m] Reached target Graphical Interface.
         Starting Update UTMP about System Runlevel Changes...
[[0;32m  OK  [0m] Started Update UTMP about System Runlevel Changes.
[   16.627990] cloud-init[1268]: Generating locales (this might take a while)...
[   17.477776] cloud-init[1268]:   en_US.UTF-8... done
[   17.480897] cloud-init[1268]: Generation complete.
[   17.783352] cloud-init[1268]: Cloud-init v. 18.3-9-g2e62cb8a-0ubuntu1~16.04.2 running 'modules:config' at Wed, 12 Sep 2018 15:53:14 +0000. Up 16.50 seconds.
[[0;32m  OK  [0m] Started Apply the settings specified in cloud-config.
         Starting Execute cloud user/final scripts...
ci-info: no authorized ssh keys fingerprints found for user ubuntu.
[[0;32m  OK  [0m] Created slice User Slice of vagrant.
<14>Sep 12 15:53:16 ec2: 
<14>Sep 12 15:53:16 ec2: #############################################################
<14>Sep 12 15:53:16 ec2: -----BEGIN SSH HOST KEY FINGERPRINTS-----
<14>Sep 12 15:53:16 ec2: 1024 SHA256:Ob0C8hD/dpSUEeEVBUl325SqqKrqNMdcDP5AnYe/SBo root@ubuntu-xenial (DSA)
<14>Sep 12 15:53:16 ec2: 256 SHA256:4FZKHl1HBSiX2UbWwPjKNu1iicn7xCZ3n1sb5tXDyeg root@ubuntu-xenial (ECDSA)
<14>Sep 12 15:53:16 ec2: 256 SHA256:WAQ3jd59xqVaID7sdXh0UEBcynhthMd5EPf6PrhG5Gk root@ubuntu-xenial (ED25519)
<14>Sep 12 15:53:16 ec2: 2048 SHA256:eu0DP7ANmVX5cFWQHyRPJZ9K5+B70xX//SFe//wZrYo root@ubuntu-xenial (RSA)
<14>Sep 12 15:53:16 ec2: -----END SSH HOST KEY FINGERPRINTS-----
<14>Sep 12 15:53:16 ec2: #############################################################
-----BEGIN SSH HOST KEY KEYS-----
ecdsa-sha2-nistp256 AAAAE2VjZHNhLXNoYTItbmlzdHAyNTYAAAAIbmlzdHAyNTYAAABBBDOy3YtGmLRSUBdMvfSivvRQ59uq+fiqsIsJ41xe0GgdIOE7AdixcNEhOxZihVPhuZPLdwsiYjYX8CD4lIX+FbM= root@ubuntu-xenial
ssh-ed25519 AAAAC3NzaC1lZDI1NTE5AAAAICBA73NGGrZ6TGWIAykKCdIhPawFM1DxMunk+6qRc8Rr root@ubuntu-xenial
ssh-rsa AAAAB3NzaC1yc2EAAAADAQABAAABAQDayMl+KbZvZo9aLfMH1XyfMniN1b0bmECWo91NOx7oxJOVSKPriOUUdY83g2PjXQSJETFPSE4Zk3S5oeNPQjVulakON/R/m3jumTvj4nQgDkU3Rkz0YQQ55jrDKooRg7j9kB4ESmst+8ZMW3H2Mkt49Ha3llK+m3D+GQ4CYWfHPYYUmK6qrBe4eBb+nXHhRpNY8IObnZ3aKbfEwL8BynH040YyWN44OBY8tW1OkQWRaRvFlBukQXp/jtoYQEfeMrQ+5psMYQVkhO6FJJEePnEQbVAH5SqvsKFGeJ+Aa0mH4fw5J+EzpMbTmmHwhat3xRSc8bodaFntdEP3bwkXkTv/ root@ubuntu-xenial
-----END SSH HOST KEY KEYS-----
         Starting User Manager for UID 1000...
[[0;32m  OK  [0m] Started User Manager for UID 1000.
[   18.504921] cloud-init[1310]: Cloud-init v. 18.3-9-g2e62cb8a-0ubuntu1~16.04.2 running 'modules:final' at Wed, 12 Sep 2018 15:53:16 +0000. Up 18.12 seconds.
[[0;32m  OK  [0m] Started Session 1 of user vagrant.
[   18.545756] cloud-init[1310]: ci-info: no authorized ssh keys fingerprints found for user ubuntu.
[   18.551913] cloud-init[1310]: Cloud-init v. 18.3-9-g2e62cb8a-0ubuntu1~16.04.2 finished at Wed, 12 Sep 2018 15:53:16 +0000. Datasource DataSourceNoCloud [seed=/dev/sdb][dsmode=net].  Up 18.49 seconds
[[0;32m  OK  [0m] Started Execute cloud user/final scripts.
[[0;32m  OK  [0m] Reached target Cloud-init target.

Ubuntu 16.04.5 LTS ubuntu-xenial ttyS0

ubuntu-xenial login: 