[    0.000000] Initializing cgroup subsys cpuset
[    0.000000] Initializing cgroup subsys cpu
[    0.000000] Initializing cgroup subsys cpuacct
[    0.000000] Linux version 4.4.0-134-generic (buildd@lgw01-amd64-033) (gcc version 5.4.0 20160609 (Ubuntu 5.4.0-6ubuntu1~6.04.10) ) #160-Ubuntu SMP Wed Aug 15 14:58:00 UTC 2018 (Ubuntu 4.4.0-134.160-generic 4.4.140)
[    0.000000] Command line: BOOT_IMAGE=/boot/vmlinuz-4.4.0-134-generic root=LABEL=cloudimg-rootfs ro console=tty1 console=ttyS0
[    0.000000] KERNEL supported cpus:
[    0.000000]   Intel GenuineIntel
[    0.000000]   AMD AuthenticAMD
[    0.000000]   Centaur CentaurHauls
[    0.000000] x86/fpu: xstate_offset[2]:  576, xstate_sizes[2]:  256
[    0.000000] x86/fpu: Supporting XSAVE feature 0x01: 'x87 floating point registers'
[    0.000000] x86/fpu: Supporting XSAVE feature 0x02: 'SSE regists'
[    0.000000] x86/fpu: Supporting XSAVE feature 0x04: 'AVX register'
[    0.000000] x86/fpu: Enabled xstate features 0x7, context size is 832 bytes, using 'standard' format.
[    0.000000] e820: BIOS-provided physical RAM map:
[    0.000000] BIOS-e820: [mem 0x0000000000000000-0x000000000009fbff] usable
[    0.000000] BIOS-e820: [mem 0x000000000009fc00-0x000000000009ffff] reserved
[    0.000000] BIOS-e820: [mem 0x00000000000f0000-0x00000000000fffff] reserved
[    0.000000] BIOS-e820: [mem 0x000000000100000-0x000000003ffeffff] usable
[    0.000000] BIOS-e820: [mem 0x000000003fff0000-0x000000003fffffff] ACPI data
[    0.000000] BIOS-e820: [mem 0x00000000fec00000-0x00000000fec00fffreserved
[    0.000000] BIOS-e820: [mem 0x00000000fee00000-0x00000000fee00fff] reserved
[    0.000000] BIOS-e820: [mem 0x00000000fffc0000-0x00000000ffffffff] reserved
[    0.000000] NX (Execute Disable) protection: active
[    0.000000] SMBIOS 2.5 present.
[    0.000000] Hypervisor detected: KM
[    0.000000] e820: last_pfn = 0x3fff0 max_arch_pn = 0x400000000
[    0.000000] MTRR: Disabled
[    0.000000] x86/PAT: MTRRs disabled, skipping PAT initialization too.
[    0.000000] CPU MTRRs all blank - virtualized system.
[    0.000000] x86/PAT: Configuration [0-7]: WB  WT  UC- UC  WB  WT  UC- UC  
[    0.000000] found SMP MP-table at [mm 0x0009fff0-0x0009ffff] mapped at [ffff8800009ff0]
[    0.000000] Scannin 1 reas for low memory corruption
[    0.000000] RAMDISK: [mem 0x3630c000-0x3717dfff]
[    0.000000] ACPI: Early table checksum verification disabled
[    0.000000] ACPI: RSDP 0x00000000000E0000 000024 (v02 VBOX  )
[    0.000000] ACPI: XSDT 0x000000003FFF0030 00003C (v01 VBOX   VBOXSD 0000001SL  00000061)
[    0.000000 ACPI: FACP 0x00000003FFF00F0 0000F4 (v04 VBOX   VBOXFACP 00000001 ASL  00000061)
[    0.000000] ACPI: DSDT 0x000000003FFF0470 0021F (v02 VBOX   VBOXBIOS 00000002 INTL 2010528)
[    0.000000] ACPI: FACS 0x000000003FFF0200 000040
[    0.00000 ACPI: FACS 0x000000003FFF0200 000040
[    0.000000] ACPI: APIC 0x0000000003FFF0240 00005C (v02 VBOX   VBOXAPIC 00000001 ASL  00000061)
[    0.000000] ACPI: SSDT 0x0000003FFF02A0 0001CC (v01 VBOX   VBOXCPUT 00000002 INTL 20100528)
[    0.000000] No NUMA configuration found
[    0.000000] Faking a node at [mem 0x0000000000000000-0x000000003ffeffff]
[    0.000000] NODE_DATA(0) allocated [mem 0x3ffeb000-0xfeffff]
[    0.000000] kvm-clock: Using msrs 4b564d01 and 4b564d00
[    0.000000] kvm-clock: cpu 0, msr 0:3ffe3001, primary cpu clock
[    0.000000] kvm-clock: using sched offset of 5597734832 cycles
[    0.000000] clocksource: kvm-clock: mask: 0xffffffffffffffff max_cycles: 0x1cd42e4dffb, max_idle_ns: 881590591483 ns
[    0.000000] Zone ranges:
[    0.000000]   DMA      [mem 0x0000000000001000-0x0000000000ffffff]
[    0.000000]   DMA32    [mem 0x0000000001000000-0x000000003ffeffff]
[    0.000000]   Normal   empty
[    0.000000]   Device   empty
[    0.000000] Movable zone start for each node
[    0.000000] Early memory node ranges
[    0.000000]   node   0: [mem 0x000000000001000-0x000000000009eff]
[    0.000000]   node   0: [mem 0x0000000000100000-0x000000003ffeffff]
[    0.000000] Initmem setup node 0 [mem 0x00000000001000-0x000000003ffeffff]
[    0.000000] ACPI: PM-Timer IO Port: 0x4008
[    0.000000] IOAPIC[0]: apic_id 2, version 32, address 0xfec00000, GSI 0-23
[    0.000000] ACPI: INT_RC_R (bus 0 bus_irq 0 global_irq 2 dfl dfl)
[    0.000000] ACPI: T_SRC_OVR (bus 0 bus_irq 9 global_irq 9 low level)
[    0.000000] Using ACPI (MADT) for SMP configuration informatio
[    0.000000] smpboot: Allowing 2 Cs, 0 hotplug CPUs
[    0.000000] PM: Regstered nosave memory: [mem 0x00000000-0x00000fff]
[    0.000000] PM: Registered nosave  memory: [mem 0x0009f000-0x0009ffff]
[    0.000000] PM: Registered nosave memory:[mem 0x000a0000-0x000effff]
[    0.000000] PM: Registered nosave memory: [mm 0x00f0000-0x000fffff]
[    0.000000] e820: [mem 0x40000000-0xfebfffff] available for PCI devices
[    0.000000] Booting paravirtulid kernel on KVM
[    0.000000] locksource: refined-jiffies: mask: 0xffffffff max_cycles: 0xffffffff, max_idle_ns: 7645519600211568 ns
[    0.000000] setup_percpu: NR_CPUS:512 nr_cpumask_bits:512 nr_cpu_ids:2 nr_node_ids:1
[    0.000000] PERCPU: Embedded 34 pages/cpu @ffff88003fc00000 s99544 r8192 d31528 u1048576
[    0.000000]PV qspinlock hash table entries: 256 (order: 0, 4096 bytes)
[    0.000000] Built 1 zonelists in Node order, mobility grouping on.  Total pages: 257912
[    0.000000]olic  zone: DMA32
[    0.000000] Kernel command line: BOOT_IMAGE=/boot/vmlinuz-4.4.0-134-generic root=LABEL=cloudimg-rootfs ro console=tty1 conole=ttyS0
[    0.000000] PID hash tble entries: 4096 (order: 3, 32768 bytes)
[    0.000000] Memory: 997724K/1048120K available (8554K kernel code, 1314K rwdata, 4004K rodata, 1516K init, 1316K bss, 50396K reserved, 0K cma-reserved)
[    0.000000] SLUB: HWalign=64, Order=0-3, MinObjects=0, CPUs=2, Nodes=1
[    0.000000] Kernel/User page tables isolation: enabled
[    0.000000] Hierarchical RCU implementation.
[    0.000000] 	Build-time adjustment of leaf fanout to 64.
[    0.000000] 	RCU restricting CPUs from NR_CPUS=512 to nr_cpu_ids=2.
[    0.000000] RCU: djusting geometry for rcu_fanout_leaf=64, nr_cpu_ids=2
[    0.000000] NR_IRQS:3024 nr_irqs:440 16
[    0.000000] Console: colour VGA+ 80x25
[    0.000000] console [tty1] enabled
[    0.000000] console [ttyS0] enabled
[    0.000000] tsc: Detected 1799.999 MHz processor

[    1.559255] Calibrating delay loop (skipped) preset value.. 3599.99 BogoMIPS (lpj=7199996)
[    1.573739] pid_max: default: 32768 minimum: 301
[    1.581449] ACPI: Core revision 20150930
[    1.590018] ACPI: 2 ACPI AML tables successfully acquired and loaded
[    1.593210] Security Framework initialized
[    1.595249] Yama: becoming mindful.
[    1.597203] AppArmor: AppArmor initialized
[    1.607612] Dentry cache hash table entries: 131072 (order: 8, 1048576 bytes)
[    1.627092] Inode-cache hash table entries: 65536 (order: 7, 524288 bytes)
[    1.638718] Mount-cache hash table entries: 2048 (order: 2, 16384 bytes)
[    1.654481] Mountpoint-cache hash table entries: 2048 (order: 2, 16384 bytes)
[    1.672538] Initializing cgroup subsys io
[    1.681798] Initializing cgroup subsys memory
[    1.695806] Initializing cgroup subsys devices
[    1.713934] Initializing cgroup subsys freezer
[    1.722197] Initializing cgroup subsys net_cls
[    1.723844] Initializing cgroup subsys perf_event
[    1.734606] Initializing cgroup subsys net_prio
[    1.736690] Initializing cgroup subsys hugetlb
[    1.746920] Initializing cgroup subsys pids
[    1.751556] mce: CPU supports 0 MCE banks
[    1.753093] Last level iTLB entries: 4KB 64, 2MB 8, 4MB 8
[    1.755061] Last level dTLB entries: 4KB 64, 2MB 0, 4MB 0, 1GB 4
[    1.757216] Spectre V2 : Mitigation: Full generic retpoline
[    1.759477] Spectre V2 : Speculation control IBPB not-supported IBRS not-supported
[    1.762540] Speculative Store Bypass: Vulnerable
[    1.773458] Freeing SMP alternatives memory: 32K
[    1.785650] ftrace: allocating 32266 entries in 127 pages
[    1.853244] smpboot: APIC(0) Converting physical 0 to logical package 0
[    1.856326] smpboot: Max logical packages: 1
[    1.858946] x2apic enabled
[    1.860409] Switched APIC routing to physical x2apic.
[    1.864049] ..TIMER: vector=0x30 apic1=0 pin1=2 apic2=-1 pin2=-1
[    1.973366] smpboot: CPU0: Intel(R) Core(TM) i5-5350U CPU @ 1.80GHz (family: 0x6, model: 0x3d, stepping: 0x4)
[    1.987364] Performance Events: unsupported p6 CPU model 61 no PMU driver, software events only.
[    1.998072] KVM setup paravirtual spinlock
[    2.008657] x86: Booting SMP configuration:
[    2.019895] .... node  #0, CPUs:      #1
[    2.021830] kvm-clock: cpu 1, msr 0:3ffe3041, secondary cpu clock
[    2.026439] mce: CPU supports 0 MCE banks
[    2.032616] x86: Booted up 1 node, 2 CPUs
[    2.034455] smpboot: Total of 2 processors activated (7199.99 BogoMIPS)
[    2.043060] devtmpfs: initialized
[    2.045779] evm: security.selinux
[    2.047093] evm: security.SMACK64
[    2.048379] evm: security.SMACK64EXEC
[    2.051162] evm: security.SMACK64TRANSMUTE
[    2.058407] evm: security.SMACK64MMAP
[    2.059890] evm: security.ima
[    2.061247] evm: security.capability
[    2.063196] clocksource: jiffies: mask: 0xffffffff max_cycles: 0xffffffff, max_idle_ns: 7645041785100000 ns
[    2.074092] futex hash table entries: 512 (order: 3, 32768 bytes)
[    2.082703] pinctrl core: initialized pinctrl subsystem
[    2.086895] RTC time: 11:14:20, date: 09/12/18
[    2.089359] NET: Registered protocol family 16
[    2.105642] cpuidle: using governor ladder
[    2.117836] cpuidle: using governor menu
[    2.119578] PCCT header not found.
[    2.121391] ACPI: bus type PCI registered
[    2.122958] acpiphp: ACPI Hot Plug PCI Controller Driver version: 0.5
[    2.130670] PCI: Using configuration type 1 for base access
[    2.146731] ACPI: Added _OSI(Module Device)
[    2.148661] ACPI: Added _OSI(Processor Device)
[    2.150532] ACPI: Added _OSI(3.0 _SCP Extensions)
[    2.169129] ACPI: Added _OSI(Processor Aggregator Device)
[    2.175639] ACPI: Executed 1 blocks of module-level executable AML code
[    2.195154] ACPI: Interpreter enabled
[    2.207439] ACPI: (supports S0 S5)
[    2.210084] ACPI: Using IOAPIC for interrupt routing
[    2.215378] PCI: Using host bridge windows from ACPI; if necessary, use "pci=nocrs" and report a bug
[    2.227414] ACPI: PCI Root Bridge [PCI0] (domain 0000 [bus 00-ff])
[    2.238116] acpi PNP0A03:00: _OSC: OS supports [ASPM ClockPM Segments MSI]
[    2.240956] acpi PNP0A03:00: _OSC: not requesting OS control; OS requires [ExtendedConfig ASPM ClockPM MSI]
[    2.271589] acpi PNP0A03:00: fail to add MMCONFIG information, can't access extended PCI configuration space under this bridge.
[    2.283435] PCI host bridge to bus 0000:00
[    2.290885] pci_bus 0000:00: root bus resource [io  0x0000-0x0cf7 window]
[    2.295305] pci_bus 0000:00: root bus resource [io  0x0d00-0xffff window]
[    2.306737] pci_bus 0000:00: root bus resource [mem 0x000a0000-0x000bffff window]
[    2.309860] pci_bus 0000:00: root bus resource [mem 0x40000000-0xfdffffff window]
[    2.322292] pci_bus 0000:00: root bus resource [bus 00-ff]
[    2.333625] pci 0000:00:01.1: legacy IDE quirk: reg 0x10: [io  0x01f0-0x01f7]
[    2.347335] pci 0000:00:01.1: legacy IDE quirk: reg 0x14: [io  0x03f6]
[    2.351120] pci 0000:00:01.1: legacy IDE quirk: reg 0x18: [io  0x0170-0x0177]
[    2.362175] pci 0000:00:01.1: legacy IDE quirk: reg 0x1c: [io  0x0376]
[    2.396206] pci 0000:00:07.0: quirk: [io  0x4000-0x403f] claimed by PIIX4 ACPI
[    2.414724] pci 0000:00:07.0: quirk: [io  0x4100-0x410f] claimed by PIIX4 SMB
[    2.433986] ACPI: PCI Interrupt Link [LNKA] (IRQs 5 9 10 *11)
[    2.441289] ACPI: PCI Interrupt Link [LNKB] (IRQs 5 9 *10 11)
[    2.460880] ACPI: PCI Interrupt Link [LNKC] (IRQs 5 *9 10 11)
[    2.467646] ACPI: PCI Interrupt Link [LNKD] (IRQs 5 9 10 *11)
[    2.472365] ACPI: Enabled 2 GPEs in block 00 to 07
[    2.479539] vgaarb: setting as boot device: PCI:0000:00:02.0
[    2.486411] vgaarb: device added: PCI:0000:00:02.0,decodes=io+mem,owns=io+mem,locks=none
[    2.498348] vgaarb: loaded
[    2.501584] vgaarb: bridge control possible 0000:00:02.0
[    2.511078] SCSI subsystem initialized
[    2.512965] ACPI: bus type USB registered
[    2.514872] usbcore: registered new interface driver usbfs
[    2.519954] usbcore: registered new interface driver hub
[    2.529500] usbcore: registered new device driver usb
[    2.536633] PCI: Using ACPI for IRQ routing
[    2.546725] NetLabel: Initializing
[    2.548242] NetLabel:  domain hash size = 128
[    2.550250] NetLabel:  protocols = UNLABELED CIPSOv4
[    2.552180] NetLabel:  unlabeled traffic allowed by default
[    2.559835] amd_nb: Cannot enumerate AMD northbridges
[    2.561722] clocksource: Switched to clocksource kvm-clock
[    2.574580] AppArmor: AppArmor Filesystem Enabled
[    2.576684] pnp: PnP ACPI init
[    279163] pnp: PnP ACPI: found 3 devices

[    2.6450] clocksurce: acpi_pm: mask: 0xffffff max_ycles: 0xfffff, max_idle_ns: 2085701024 ns
[    2.772786] NET: Registered protocol family 2

[    2.775565] TCP established hash table entries: 8192 (order: 4, 65536bytes)
[    2.822889] TCP bind hash table entries: 8192 (order:5, 131072 btes)
[    2.91915] TC: Hah tales configured (established 8192 bind 8192)
[    2.991878] UDP hash table entries: 512 (order: 2, 16384 bytes)
[    2.994857] UDP-Lite hsh tble ntris: 52 (oder:2, 16384 bytes)
[    3.168887] NET: Registered protocol family 1
[    3.170888] pci 0000:00:00.0: Limiting direct PCI/PCI transfers
[    3.173261] pci 0000:00:01.0: Activating ISA DMA hang workarounds
[    3.175557] Unpacking initramfs...

[    3.426732] Freeing initrd memory: 14792K
[    3.432732] RAPL PMU detected, API unit is 2^-32 Joules, 4 fixed counters 10737418240 ms ovfl timer
[    3.443212] hw unit of domain pp0-core 2^-0 Joules
[    3.447268] hw unit of domain package 2^-0 Joules
[    3.448857] hw unit of domain dram 2^-0 Joules
[    3.462770] hw unit of domain pp1-gpu 2^-0 Joules
[    3.467246] platform rtc_cmos: registered platform RTC device (no PNP device found)
[    3.481666] Scanning for low memory corruption every 60 seconds
[    3.495827] audit: initializing netlink subsys (disabled)
[    3.497630] audit: type=2000 audit(1536750867.597:1): initialized
[    3.505820] Initialise system trusted keyring
[    3.510878] HugeTLB registered 2 MB page size, pre-allocated 0 pages
[    3.514625] zbud: loaded
[    3.516161] VFS: Disk quotas dquot_6.6.0
[    3.551663] VFS: Dquot-cache hash table entries: 512 (order 0, 4096 bytes)
[    3.556724] squashfs: version 4.0 (2009/01/31) Phillip Lougher
[    3.565833] fuse init (API version 7.23)
[    3.583003] Key type big_key registered
[    3.592389] Allocating IMA MOK and blacklist keyrings.
[    3.605623] Key type asymmetric registered
[    3.607031] Asymmetric key parser 'x509' registered
[    3.608572] Block layer SCSI generic (bsg) driver version 0.4 loaded (major 249)
[    3.620375] io scheduler noop registered
[    3.630402] io scheduler deadline registered (default)
[    3.633854] io scheduler cfq registered
[    3.643316] pci_hotplug: PCI Hot Plug PCI Core version: 0.5
[    3.663276] pciehp: PCI Express Hot Plug Controller Driver version: 0.4
[    3.667359] ACPI: AC Adapter [AC] (off-line)
[    3.674140] input: Power Button as /devices/LNXSYSTM:00/LNXPWRBN:00/input/input0
[    3.693523] ACPI: Power Button [PWRF]
[    3.696146] input: Sleep Button as /devices/LNXSYSTM:00/LNXSLPBN:00/input/input1
[    3.719654] ACPI: Sleep Button [SLPF]
[    3.724363] ACPI: Battery Slot [BAT0] (battery present)
[    3.729048] GHES: HEST is not enabled!
[    3.736546] Serial: 8250/16550 driver, 32 ports, IRQ sharing enabled
[    3.769437] 00:02: ttyS0 at I/O 0x3f8 (irq = 4, base_baud = 115200) is a 16550A
[    3.777797] Linux agpgart interface v0.103
[    3.785879] loop: module loaded
[    3.788002] scsi host0: ata_piix
[    3.808320] scsi host1: ata_piix
[    3.822360] ata1: PATA max UDMA/33 cmd 0x1f0 ctl 0x3f6 bmdma 0xd000 irq 14
[    3.826416] ata2: PATA max UDMA/33 cmd 0x170 ctl 0x376 bmdma 0xd008 irq 15
[    3.829579] libphy: Fixed MDIO Bus: probed
[    3.852862] tun: Universal TUN/TAP device driver, 1.6
[    3.864126] tun: (C) 1999-2004 Max Krasnyansky <maxk@qualcomm.com>
[    3.873100] PPP generic driver version 2.4.2
[    3.902485] ehci_hcd: USB 2.0 'Enhanced' Host Controller (EHCI) Driver
[    3.908610] ehci-pci: EHCI PCI platform driver
[    3.910481] ehci-platform: EHCI generic platform driver
[    3.934069] ohci_hcd: USB 1.1 'Open' Host Controller (OHCI) Driver
[    3.940719] ohci-pci: OHCI PCI platform driver
[    3.949002] ohci-platform: OHCI generic platform driver
[    3.954298] uhci_hcd: USB Universal Host Controller Interface driver
[    3.958937] i8042: PNP: PS/2 Controller [PNP0303:PS2K,PNP0f03:PS2M] at 0x60,0x64 irq 1,12
[    3.974380] serio: i8042 KBD port at 0x60,0x64 irq 1
[    3.990028] serio: i8042 AUX port at 0x60,0x64 irq 12
[    3.996819] mousedev: PS/2 mouse device common for all mice
[    4.017257] rtc_cmos rtc_cmos: rtc core: registered rtc_cmos as rtc0
[    4.038349] input: AT Translated Set 2 keyboard as /devices/platform/i8042/serio0/input/input2
[    4.048867] rtc_cmos rtc_cmos: alarms up to one day, 114 bytes nvram
[    4.064729] i2c /dev enries driver

[    4.092576] device-mapper: uevent: version 1.0.3

[    4.119684] device-mapper: ioctl: 4.34.0-ioctl (2015-10-28) initialised: dm-devel@redhat.com
[    4.125248] ledtrig-cpu: registered to indicate activity on CPUs
[    4.128281] NET: Registered protocol family 10
[    4.132003] NET: Registered protocol family 17
[    4.135468] Key type dns_resolver registered
[    4.139925] registered taskstats version 1
[    4.141533] Loading compiled-in X.509 certificates
[    4.148183] Loaded X.509 cert 'Build time autogenerated kernel key: 4eb3d024ac16f76c1747ffd474694c84db21038b'
[    4.153275] zswap: loaded using pool lzo/zbud
[    4.157419] Key type trusted registered
[    4.165583] Key type encrypted registered
[    4.175029] AppArmor: AppArmor sha1 policy hashing enabled
[    4.179894] ima: No TPM chip found, activating TPM-bypass!
[    4.182108] ima: Allocated hash algorithm: sha1
[    4.184304] evm: HMAC attrs: 0x1
[    4.186618]   Magic number: 2:254:226
[    4.193283] rtc_cmos rtc_cmos: setting system clock to 2018-09-12 11:14:22 UTC (1536750862)
[    4.204057] BIOS EDD faciliy v0.16 2004-Jun-25 0 devices found
[    4.261079] EDD information not available.

[    4.265220] Freeing unused kernel memory: 1516K
[    4.389748] Write protecting the kernel read-only data: 14336k
[    4.463389] Freeing unused kernel memory: 1672K
[    4.465866] tsc: Refined TSC clocksource calibration: 1798.728 MHz
[    4.465868] clocksource: tsc: mask: 0xffffffffffffffff max_cycles: 0x19ed77ee479, max_idle_ns: 440795237526 ns
[    5.852309] Freeing unused kernel memory: 92K
Loading, please wait...
starting version 229
[    5.876234] random: systemd-udevd: uninitialized urandom read (16 bytes read, 7 bits of entropy available)
[    5.876318] random: udevadm: uninitialized urandom read (16 bytes read, 7 bits of entropy available)
[    5.876341] random: udevadm: uninitialized urandom read (16 bytes read, 7 bits of entropy available)
[    5.884902] random: udevadm: uninitialized urandom read (16 bytes read, 7 bits of entropy available)
[    5.884947] random: udevadm: uninitialized urandom read (16 bytes read, 7 bits of entropy available)
[    5.885084] random: udevadm: uninitialized urandom read (16 bytes read, 7 bits of entropy available)
[    5.885133] random: udevadm: uninitialized urandom read (16 bytes read, 7 bits of entropy available)
[    5.885182] random: udevadm: uninitialized urandom read (16 bytes read, 7 bits of entropy available)
[    5.885234] random: udevadm: uninitialized urandom read (16 bytes read, 7 bits of entropy available)
[    5.885279] random: udevadm: uninitialized urandom read (16 bytes read, 7 bits of entropy available)
[    5.976091] e1000: Intel(R) PRO/1000 Network Driver - version 7.3.21-k8-NAPI
[    5.978300] e1000: Copyright (c) 1999-2006 Intel Corporation.
[    5.980245] Fusion MPT base driver 3.04.20
[    5.982048] Copyright (c) 1999-2008 LSI Corporation
[    5.991755] Fusion MPT SPI Host driver 3.04.20
[    6.017021] AVX2 version of gcm_enc/dec engaged.
[    6.019029] AES CTR mode by8 optimization enabled
[    6.194262] input: ImExPS/2 Generic Explorer Mouse as /devices/platform/i8042/serio1/input/input4
[    6.434459] e1000 0000:00:03.0 eth0: (PCI:33MHz:32-bit) 02:1d:76:b3:3c:fe
[    6.437558] e1000 0000:00:03.0 eth0: Intel(R) PRO/1000 Network Connection
[    6.468416] mptbase: ioc0: Initiating bringup
[    6.534331] ioc0: LSI53C1030 A0: Capabilities={Initiator}
[    6.708369] scsi host2: ioc0: LSI53C1030 A0, FwRev=00000000h, Ports=1, MaxQ=256, IRQ=20
[    6.847952] scsi 2:0:0:0: Direct-Access     VBOX     HARDDISK         1.0  PQ: 0 ANSI: 5
[    6.862753] scsi target2:0:0: Beginning Domain Validation
[    6.866243] scsi target2:0:0: Domain Validation skipping write tests
[    6.868118] scsi target2:0:0: Ending Domain Validation
[    6.869724] scsi target2:0:0: asynchronous
[    6.873199] scsi 2:0:1:0: Direct-Access     VBOX     HARDDISK         1.0  PQ: 0 ANSI: 5
[    6.887292] scsi target2:0:1: Beginning Domain Validation
[    6.891007] scsi target2:0:1: Domain Validation skipping write tests
[    6.893024] scsi target2:0:1: Ending Domain Validation
[    6.895026] scsi target2:0:1: asynchronous
[    6.914847] sd 2:0:0:0: Attached scsi generic sg0 type 0
[    6.922641] sd 2:0:0:0: [sda] 20971520 512-byte logical blocks: (10.7 GB/10.0 GiB)
[    6.926254] sd 2:0:0:0: [sda] Write Protect is off
[    6.928546] sd 2:0:0:0: [sda] Incomplete mode parameter data
[    6.930936] sd 2:0:0:0: [sda] Assuming drive cache: write through
[    6.934650] sd 2:0:1:0: Attached scsi generic sg1 type 0
[    6.940130]  sda: sda1
[    6.942002] sd 2:0:1:0: [sdb] 20480 512-byte logical blocks: (10.5 MB/10.0 MiB)
[    6.945448] sd 2:0:1:0: [sdb] Write Protect is off
[    6.947772] sd 2:0:0:0: [sda] Attached SCSI disk
[    6.949370] sd 2:0:1:0: [sdb] Incomplete mode parameter data
[    6.951278] sd 2:0:1:0: [sdb] Assuming drive cache: write through
[    6.956344] sd 2:0:1:0: [sdb] Attached SCSI disk
[    7.282265] e1000 0000:00:08.0 eth1: (PCI:33MHz:32-bit) 08:00:27:c0:87:5f
[    7.302053] e1000 0000:00:08.0 eth1: Intel(R) PRO/1000 Network Connection
[    7.316687] e1000 0000:00:08.0 enp0s8: renamed from eth1
[    7.334623] e1000 0000:00:03.0 enp0s3: renamed from eth0
Begin: Loading essential drivers[    8.753286] md: linear personality registered for level -1
 ... [    8.760765] md: multipath personality registered for level -4
[    8.765859] md: raid0 personality registered for level 0
[    8.771145] md: raid1 personality registered for level 1
[    8.841756] raid6: sse2x1   gen()  8950 MB/s
[    8.909900] raid6: sse2x1   xor()  6789 MB/s
[    8.977739] raid6: sse2x2   gen() 11001 MB/s
[    9.049847] raid6: sse2x2   xor()  7244 MB/s
[    9.118012] raid6: sse2x4   gen() 12579 MB/s
[    9.185919] raid6: sse2x4   xor()  8853 MB/s
[    9.254030] raid6: avx2x1   gen() 16460 MB/s
[    9.329960] raid6: avx2x2   gen() 19875 MB/s
[    9.401757] raid6: avx2x4   gen() 22310 MB/s
[    9.407819] raid6: using algorithm avx2x4 gen() 22310 MB/s
[    9.410043] raid6: using avx2x2 recovery algorithm
[    9.413164] xor: automatically using best checksumming function:
[    9.454349]    avx       : 39535.000 MB/sec
[    9.460643] async_tx: api initialized (async)
[    9.471577] md: raid6 personality registered for level 6
[    9.473742] md: raid5 personality registered for level 5
[    9.482255] md: raid4 personality registered for level 4
[    9.490909] md: raid10 personality registered for level 10
done.
Begin: Running /scripts/init-premount ... done.
Begin: Mounting root file system ... Begin: Running /scripts/local-top ... done.
Begin: Running /scripts/local-premount ... [    9.531112] Btrfs loaded
Scanning for Btrfs filesystems
done.
Warning: fsck not present, so skipping root file system
[    9.592999] EXT4-fs (sda1): mounted filesystem with ordered data mode. Opts: (null)
done.
Begin: Running /scripts/local-bottom ... done.
Begin: Running /scripts/init-bottom ... done.
[    9.808830] systemd[1]: systemd 229 running in system mode. (+PAM +AUDIT +SELINUX +IMA +APPARMOR +SMACK +SYSVINIT +UTMP +LIBCRYPTSETUP +GCRYPT +GNUTLS +ACL +XZ -LZ4 +SECCOMP +BLKID +ELFUTILS +KMOD -IDN)
[    9.843358] systemd[1]: Detected virtualization oracle.
[    9.851396] systemd[1]: Detected architecture x86-64.

Welcome to [1mUbuntu 16.04.5 LTS[0m!

[    9.875459] systemd[1]: Set hostname to <ubuntu>.
[    9.881979] systemd[1]: Initializing machine ID from random generator.
[    9.884725] systemd[1]: Installed transient /etc/machine-id file.
[   10.258313] systemd[1]: Created slice User and Session Slice.
[[0;32m  OK  [0m] Created slice User and Session Slice.
[   10.279606] systemd[1]: Listening on Journal Audit Socket.
[[0;32m  OK  [0m] Listening on Journal Audit Socket.
[   10.311831] systemd[1]: Listening on /dev/initctl Compatibility Named Pipe.
[[0;32m  OK  [0m] Listening on /dev/initctl Compatibility Named Pipe.
[   10.334615] systemd[1]: Reached target User and Group Name Lookups.
[[0;32m  OK  [0m] Reached target User and Group Name Lookups.
[   10.342065] systemd[1]: Reached target Swap.
[[0;32m  OK  [0m] Reached target Swap.
[   10.414861] systemd[1]: Started Trigger resolvconf update for networkd DNS.
[[0;32m  OK  [0m] Started Trigger resolvconf update for networkd DNS.
[   10.443689] systemd[1]: Listening on udev Control Socket.
[[0;32m  OK  [0m] Listening on udev Control Socket.
[   10.465243] systemd[1]: Listening on udev Kernel Socket.
[[0;32m  OK  [0m] Listening on udev Kernel Socket.
[   10.486777] systemd[1]: Reached target Encrypted Volumes.
[[0;32m  OK  [0m] Reached target Encrypted Volumes.
[   10.498063] systemd[1]: Listening on Journal Socket.
[[0;32m  OK  [0m] Listening on Journal Socket.
[   10.515505] systemd[1]: Listening on Journal Socket (/dev/log).
[[0;32m  OK  [0m] Listening on Journal Socket (/dev/log).
[   10.543058] systemd[1]: Set up automount Arbitrary Executable File Formats File System Automount Point.
[[0;32m  OK  [0m] Set up automount Arbitrary Executab...ats File System Automount Point.
[   10.563234] systemd[1]: Created slice System Slice.
[[0;32m  OK  [0m] Created slice System Slice.
[   10.582372] systemd[1]: Starting Uncomplicated firewall...
         Starting Uncomplicated firewall...
[   10.594778] systemd[1]: Mounting Debug File System...
         Mounting Debug File System...
[   10.607453] systemd[1]: Starting Remount Root and Kernel File Systems...
         Starting Remount Root and Kernel File Systems...
[   10.615718] EXT4-fs (sda1): re-mounted. Opts: (null)
[   10.616632] systemd[1]: Starting Create list of required static device nodes for the current kernel...
         Starting Create list of required st... nodes for the current kernel...
[   10.627512] systemd[1]: Starting Set console keymap...
         Starting Set console keymap...
[   10.648892] systemd[1]: Starting Nameserver information manager...
         Starting Nameserver information manager...
[   10.726382] systemd[1]: Mounting Huge Pages File System...
         Mounting Huge Pages File System...
[   10.742656] systemd[1]: Created slice system-serial\x2dgetty.slice.
[[0;32m  OK  [0m] Created slice system-serial\x2dgetty.slice.
[   10.760952] systemd[1]: Started Forward Password Requests to Wall Directory Watch.
[[0;32m  OK  [0m] Started Forward Password Requests to Wall Directory Watch.
[   10.792272] systemd[1]: Listening on LVM2 poll daemon socket.
[[0;32m  OK  [0m] Listening on LVM2 poll daemon socket.
[   10.826441] systemd[1]: Listening on LVM2 metadata daemon socket.
[[0;32m  OK  [0m] Listening on LVM2 metadata daemon socket.
[   10.867070] systemd[1]: Starting Load Kernel Modules...
         Starting Load Kernel Modules...[   10.886077] Loading iSCSI transport class v2.0-870.

[   10.905511] systemd[1]: Listening on Device-mapper event daemon FIFOs.
[[0;32m  OK  [0m] Listening on[   10.927551] iscsi: registered transport (tcp)
 Device-mapper event daemon FIFOs.
[   10.941859] random: nonblocking pool is initialized
[   10.954014] systemd[1]: Starting Monitoring of LVM2 mirrors, snapshots etc. using dmeventd or progress polling...
         Starting Monitoring of LVM2 mirrors... dmeventd or progress polling...
[   10.968636] systemd[1]: Reached target Slices.
[[0;32m  OK  [0m] Reached target Slices.
[   10.975774] systemd[1]: Listening on Syslog Socket.
[[0;32m  OK  [0m] Listening on Syslog Socket.
[   11.006468] systemd[1]: Starting Journal Service...
[   11.009100] iscsi: registered transport (iser)
         Starting Journal Service...
[   11.013655] systemd[1]: Mounting POSIX Message Queue File System...
         Mounting POSIX Message Queue File System...
[   11.024956] systemd[1]: Reached target System Time Synchronized.
[[0;32m  OK  [0m] Reached target System Time Synchronized.
[   11.063696] systemd[1]: Mounted Debug File System.
[[0;32m  OK  [0m] Mounted Debug File System.
[   11.076320] systemd[1]: Mounted Huge Pages File System.
[[0;32m  OK  [0m] Mounted Huge Pages File System.
[   11.091050] systemd[1]: Mounted POSIX Message Queue File System.
[[0;32m  OK  [0m] Mounted POSIX Message Queue File System.
[   11.097899] systemd[1]: Started Journal Service.
[[0;32m  OK  [0m] Started Journal Service.
[[0;32m  OK  [0m] Started Uncomplicated firewall.
[[0;32m  OK  [0m] Started Remount Root and Kernel File Systems.
[[0;32m  OK  [0m] Started Create list of required sta...ce nodes for the current kernel.
[[0;32m  OK  [0m] Started Set console keymap.
[[0;32m  OK  [0m] Started Load Kernel Modules.
[[0;32m  OK  [0m] Started Nameserver information manager.
[[0;32m  OK  [0m] Started LVM2 metadata daemon.
         Mounting FUSE Control File System...
         Starting Apply Kernel Variables...
         Starting Create Static Device Nodes in /dev...
         Starting udev Coldplug all Devices...
         Starting Load/Save Random Seed...
         Starting Flush Journal to Persistent Storage...
[[0;32m  OK  [0m] Mounted FUSE Control File System.
[[0;32m  OK  [0m] Started Load/Save Random Seed.
[[0;32m  OK  [0m] Started Apply Kernel Variables.
[[0;32m  OK  [0m] Started Create Static Device Nodes in /dev.
[[0;32m  OK  [0m] Started udev Coldplug all Devices.
[[0;32m  OK  [0m] Started Flush Journal to Persistent Storage.
         Starting udev Kernel Device Manager...
[[0;32m  OK  [0m] Started udev Kernel Device Manager.
[[0;32m  OK  [0m] Started Dispatch Password Requests to Console Directory Watch.
[[0;32m  OK  [0m] Found device /dev/ttyS0.
[[0;32m  OK  [0m] Started Monitoring of LVM2 mirrors,...ng dmeventd or progress polling.
[[0;32m  OK  [0m] Reached target Local File Systems (Pre).
[[0;32m  OK  [0m] Reached target Local File Systems.
         Starting Set console font and keymap...
         Starting Tell Plymouth To Write Out Runtime Data...
         Starting Commit a transient machine-id on disk...
         Starting Initial cloud-init job (pre-networking)...
         Starting LSB: AppArmor initialization...
         Starting Create Volatile Files and Directories...
[[0;32m  OK  [0m] Started Tell Plymouth To Write Out Runtime Data.
[[0;32m  OK  [0m] Started Create Volatile Files and Directories.
[[0;32m  OK  [0m] Started Commit a transient machine-id on disk.
[[0;32m  OK  [0m] Listening on Load/Save RF Kill Switch Status /dev/rfkill Watch.
         Starting Update UTMP about System Boot/Shutdown...
[[0;32m  OK  [0m] Started Update UTMP about System Boot/Shutdown.
[   11.240389] cloud-init[538]: Cloud-init v. 18.3-9-g2e62cb8a-0ubuntu1~16.04.2 running 'init-local' at Wed, 12 Sep 2018 11:14:30 +0000. Up 10.57 seconds.
[[0;32m  OK  [0m] Started Set console font and keymap.
[[0;32m  OK  [0m] Started LSB: AppArmor initialization.
[[0;32m  OK  [0m] Started Initial cloud-init job (pre-networking).
[[0;32m  OK  [0m] Reached target Network (Pre).
         Starting Raise network interfaces...
[[0;32m  OK  [0m] Created slice system-getty.slice.
[[0;32m  OK  [0m] Started Raise network interfaces.
         Starting Initial cloud-init job (metadata service crawler)...
[[0;32m  OK  [0m] Reached target Network.
[   12.833763] cloud-init[943]: Cloud-init v. 18.3-9-g2e62cb8a-0ubuntu1~16.04.2 running 'init' at Wed, 12 Sep 2018 11:14:32 +0000. Up 12.03 seconds.
[   12.855033] cloud-init[943]: ci-info: ++++++++++++++++++++++++++++++++++++++Net device info+++++++++++++++++++++++++++++++++++++++
[   12.904369] cloud-init[943]: ci-info: +--------+-------+----------------------------+---------------+--------+-------------------+
[   12.905173] cloud-init[943]: ci-info: | Device |   Up  |          Address           |      Mask     | Scope  |     Hw-Address    |
[   12.910176] cloud-init[943]: ci-info: +--------+-------+----------------------------+---------------+--------+-------------------+
[   12.911940] cloud-init[943]: ci-info: | enp0s3 |  True |         10.0.2.15          | 255.255.255.0 | global | 02:1d:76:b3:3c:fe |
[[0;32m  OK  [0m] Started Initial cloud-init job (metadata service crawler).
[   12.914245] cloud-init[943]: ci-info: | enp0s3 |  True | fe80::1d:76ff:feb3:3cfe/64 |       .       |  link  | 02:1d:76:b3:3c:fe |
[   13.097098] cloud-init[943]: ci-info: | enp0s8 | False |             .              |       .       |   .    | 08:00:27:c0:87:5f |
[   13.098025] cloud-init[943]: ci-info: |   lo   |  True |         127.0.0.1          |   255.0.0.0   |  host  |         .         |
[[0;32m  OK  [0m] Reached target Cloud-config availability.
[   13.103889] cloud-init[943]: ci-info: |   lo   |  True |          ::1/128           |       .       |  host  |         .         |
[   13.145313] cloud-init[943]: ci-info: +--------+-------+----------------------------+---------------+--------+-------------------+
[   13.146472] cloud-init[943]: ci-info: +++++++++++++++++++++++++++Route IPv4 info++++++++++++++++++++++++++++
[   13.151702] cloud-init[943]: ci-info: +-------+-------------+----------+---------------+-----------+-------+
[[0;32m  OK  [0m] Reached target Network is Online.
[   13.154369] cloud-init[943]: ci-info: | Route | Destination | Gateway  |    Genmask    | Interface | Flags |
[   13.286775] cloud-init[943]: ci-info: +-------+-------------+----------+---------------+-----------+-------+
[   13.314514] cloud-init[943]: ci-info: |   0   |   0.0.0.0   | 10.0.2.2 |    0.0.0.0    |   enp0s3  |   UG  |
[   13.332207] cloud-init[943]: ci-info: |   1   |   10.0.2.0  | 0.0.0.0  | 255.255.255.0 |   enp0s3  |   U   |
[   13.332306] cloud-init[943]: ci-info: +-------+-------------+----------+---------------+-----------+-------+
[   13.332353] cloud-init[943]:          Starting iSCSI initiator daemon (iscsid)...
[[0;32m  OK  [0m] Reached target System Initialization.
ci-info: +++++++++++++++++++Route IPv6 info+++++++++++++++++++
         Starting LXD - unix socket.
[[0;32m  OK  [0m] Listening on UUID daemon activation socket.
[   13.379195] cloud-init[943]: ci-info: +-------+-------------+---------+-----------+-------+
[   13.400119] cloud-init[943]: ci-info: | Route | Destination | Gateway | Interface | Flags |
[[0;32m  OK  [0m[   13.413573] ] cloud-initStarted ACPI Events Check.[943]: 
ci-info: +-------+-------------+---------+-----------+-------+
[   13.440560] cloud-init[943]: ci-info: |   0   |  fe80::/64  |    ::   |   enp0s3  |   U   |
[   13.443233] cloud-init[943]: ci-info: |   3   |   ff00::/8  |    ::   |   enp0s3  |   U   |
[[0;32m  OK  [0m] Reached target Paths.
[   13.443534] cloud-init[943]: ci-info: +-------+-------------+---------+-----------+-------+
[   13.497997] cloud-init[943]: Generating public/private rsa key pair.
[[0;32m  OK  [0m] Listening on D-Bus System Message Bus Socket.
[   13.501657] cloud-init[943]: Your identification has been saved in /etc/ssh/ssh_host_rsa_key.
[[0;32m  OK  [0m] Started Daily Cleanup of Temporary Directories.
[[   13.514766] cloud-init[943]: Your public key has been saved in /etc/ssh/ssh_host_rsa_key.pub.
[   13.583672] cloud-init[943]: The key fingerprint is:
[0;32m  OK  [0m] Started Daily apt download activities.
[   13.586587] cloud-init[943]: SHA256:TMk8u5r98GAMeIgw6olnHiqNRXgLrUicbB2gvjLvs5Q root@ubuntu-xenial
[   13.620943] cloud-init[943]: The key's randomart image is:
[   13.621646] cloud-init[943]: +---[RSA 2048]----+
[   13.624075] cloud-init[943]: | ..              |
[   13.625409] cloud-init[943]: |.  .   o .       |
[   13.627946] cloud-init[943]: |*oo .   *        |
         Starting Socket activation for snappy daemon.
[   13.637376] cloud-init[943]: |=O+o o o o       |
[   13.638042] [[0;32m  OK  [0mcloud-init[943]: |=*..o o S        |
[   13.641366] cloud-init[943]: |= =. . o .       |
[   13.642375] cloud-init[943]: |+BE     *        |
[   13.644449] cloud-init[943]: |+Oo.   = +       |
[   13.645501] cloud-init[943]: |o.=o  o ..o      |
] Listening on ACPID Listen Socket.
[[   13.647624] cloud-init[943]: +----[SHA256]-----+
[   13.693201] [0;32m  OK  [0mcloud-init] [943]: Started Daily apt upgrade and clean activities.Generating public/private dsa key pair.

[   13.716760] cloud-init[943]: Your identification has been saved in /etc/ssh/ssh_host_dsa_key.
[   13.717715] cloud-init[943]: Your public key has been saved in /etc/ssh/ssh_host_dsa_key.pub.
[[0;32m  OK  [0m] Reached target Timers.
[   13.719726] cloud-init[943]: The key fingerprint is:
[   13.793662] cloud-init[943]: SHA256:MbLJybQTaTwjWEie8uacYLXLRcXl8e/lVGsW3Vx8leo root@ubuntu-xenial
[   13.803051] cloud-init[943]: The key's randomart image is:
[   13.806024] cloud-init[943]: +---[DSA 1024]----+
[[   13.812415] cloud-init[943]: | .... ...o     .=|
[   13.813359] cloud-init[943]: | ..+ ..o. o    o*|
[0;32m  OK  [0m] Listening on LXD - unix socket.
[[0;32m  OK  [0m] Listening on Socket activation for snappy daemon.
[[   13.827693] cloud-init[943]: |. +...X o. .  ..*|
[   13.828411] [0;32m  OK  [0mcloud-init] [943]: Started iSCSI initiator daemon (iscsid).| o. o* X o  ..  +|

[   13.841156] cloud-init[943]: |..o. .O S   .. * |
[   13.841920] cloud-init[943]: |.=..o  .    .E*  |
         Starting Login to default iSCSI targets...
[[   13.842575] cloud-init[943]: |  +o         . . |
[   13.870304] cloud-init[943]: |                 |
[0;32m  OK  [0m] Reached target Sockets.
[   13.871863] cloud-init[943]: |                 |
[   13.889196] cloud-init[943]: +----[SHA256]-----+
[   13.890290] cloud-init[943]: [Generating public/private ecdsa key pair.[0;32m  OK  [0m
] Reached target Basic System.
[   13.891550] cloud-init[943]: Your identification has been saved in /etc/ssh/ssh_host_ecdsa_key.
         Starting Accounts Service...
[   13.984663] cloud-init[943]: Your public key has been saved in /etc/ssh/ssh_host_ecdsa_key.pub.
[   14.003471] cloud-init[943]: The key fingerprint is:
[[0;32m  OK  [0m] Started Deferred execution scheduler.
[   14.003955] cloud-init[943]: SHA256:DRcfczZP93qKxokrqoEANz6S0QTH1lgw5k4vSyoVuU0 root@ubuntu-xenial
[   14.014866] cloud-init[943]: The key's randomart image is:
[   14.015389] cloud-init[943]: +---[ECDSA 256]---+
[   14.017317] cloud-init[943]: |.o*=.     . o + o|
[   14.018278] cloud-init[943]: | *+o.      o = +o|
[   14.019928] cloud-init[943]: |o.O E   . . .   o|
[   14.021134] cloud-init[943]: |.B B     +     . |
[[0;32m  OK  [0m] Started Unattended Upgrades Shutdown.
[   14.023391] cloud-init[943]: |+ O o   S .   . .|
[   14.049770] cloud-init[943]: | * =       o o o |
[   14.052805] cloud-init[943]: |o o .     . = .  |
[   14.072688] cloud-init[943]: |.    .  .  o     |
[   14.073218] cloud-init[943]: |    .... ..      |
[   14.076244] cloud-init[943]: +----[SHA256]-----+
[   14.077265] cloud-init[943]: Generating public/private ed25519 key pair.
[   14.077885] cloud-init[943]: Your identification has been saved in /etc/ssh/ssh_host_ed25519_key.
[   14.077930] cloud-init[943]: Your public key has been saved in /etc/ssh/ssh_host_ed25519_key.pub.
[   14.077968] cloud-init[943]: The key fingerprint is:
[[0;32m  OK  [0m] Started Regular background program processing daemon.
[   14.078019] cloud-init[943]: SHA256:GeLbgwozzqVG2laBAi7O2Mf1mD8CBbUcZh0uMx2zFpY root@ubuntu-xenial
[   14.280197] cloud-init[943]: The key's randomart image is:
[   14.280944] cloud-init[943]: +--[ED25519 256]--+
         Starting LSB: Record successful boot for GRUB...
[   14.282310] cloud-init[943]: |     .=.*o       |
[   14.337407] cloud-init[943]: |.   .+ *E=       |
[   14.350880] cloud-init[943]: |o  . .B *        |
[   14.351387] cloud-init[943]: |o.. ..o* o       |
[[0;32m  OK  [0m] Started ACPI event daemon.
[   14.353810] cloud-init[943]: |=o . +.+S        |
[   14.392826] cloud-init[943]: |.oo = o+.        |[[0;32m  OK  [0m] Started FUSE filesystem for LXC.
         Starting LXD - container startup/shutdown...

         Starting Snappy daemon...
         Starting Pollinate to seed the pseudo random number generator...
         Starting LSB: MD monitoring daemon...
         Starting /etc/rc.local Compatibility...
         Starting System Logging Service...
         Starting Login Service...
[   14.409312] cloud-init[943]: | ++o..o.o        |
[   14.455119] cloud-init[943]: |.o+* .. o.       |
[[0;32m  OK  [0m] Started D-Bus System Message Bus.
[   14.455853] cloud-init[943]: | o+ .  . .       |
[   14.497114] cloud-init[943]: +----[SHA256]-----+
         Starting Virtualbox guest utils...
[[0;32m  OK  [0m] Started System Logging Service.
[[0;32m  OK  [0m] Started /etc/rc.local Compatibility.
[[0;32m  OK  [0m] Started LXD - container startup/shutdown.
[[0;32m  OK  [0m] Started Login to default iSCSI targets.
[[0;32m  OK  [0m] Started LSB: Record successful boot for GRUB.
[[0;32m  OK  [0m] Started Snappy daemon.
[[0;32m  OK  [0m] Started LSB: MD monitoring daemon.
[[0;32m  OK  [0m] Started Login Service.
         Starting Authenticate and Authorize Users to Run Privileged Tasks...
         Starting Wait until snapd is fully seeded...
[[0;32m  OK  [0m] Reached target Remote File Systems (Pre).
[[0;32m  OK  [0m] Reached target Remote File Systems.
         Starting LSB: Set the CPU Frequency Scaling governor to "ondemand"...
         Starting Permit User Sessions...
         Starting LSB: automatic crash report generation...
         Starting LSB: daemon to balance interrupts for SMP systems...
[[0;32m  OK  [0m] Started Pollinate to seed the pseudo random number generator.
[[0;32m  OK  [0m] Started Virtualbox guest utils.
[[0;32m  OK  [0m] Started Permit User Sessions.
[[0;32m  OK  [0m] Started Authenticate and Authorize Users to Run Privileged Tasks.
[[0;32m  OK  [0m] Started Accounts Service.
         Starting Terminate Plymouth Boot Screen...
         Starting Hold until boot process finishes up...
         Starting OpenBSD Secure Shell server...
[[0;32m  OK  [0m] Started LSB: Set the CPU Frequency Scaling governor to "ondemand".
[[0;32m  OK  [0m] Started Terminate Plymouth Boot Screen.
[[0;32m  OK  [0m] Started Hold until boot process finishes up.
[[0;32m  OK  [0m] Started LSB: automatic crash report generation.
[[0;32m  OK  [0m] Started LSB: daemon to balance interrupts for SMP systems.
[[0;32m  OK  [0m] Started OpenBSD Secure Shell server.
[[0;32m  OK  [0m] Started Getty on tty1.
[[0;32m  OK  [0m] Started Serial Getty on ttyS0.
[[0;32m  OK  [0m] Reached target Login Prompts.
         Starting Set console scheme...
[[0;32m  OK  [0m] Started Set console scheme.
[[0;32m  OK  [0m] Created slice User Slice of vagrant.
         Starting User Manager for UID 1000...
[[0;32m  OK  [0m] Started Session 1 of user vagrant.
[[0;32m  OK  [0m] Started User Manager for UID 1000.
[[0;32m  OK  [0m] Started Wait until snapd is fully seeded.
         Starting Apply the settings specified in cloud-config...
[[0;32m  OK  [0m] Reached target Multi-User System.
[[0;32m  OK  [0m] Reached target Graphical Interface.
         Starting Update UTMP about System Runlevel Changes...
[[0;32m  OK  [0m] Started Update UTMP about System Runlevel Changes.
[   17.203517] cloud-init[1362]: Generating locales (this might take a while)...
         Stopping User Manager for UID 1000...
[[0;32m  OK  [0m] Stopped User Manager for UID 1000.
[[0;32m  OK  [0m] Removed slice User Slice of vagrant.
[[0;32m  OK  [0m] Created slice User Slice of vagrant.
         Starting User Manager for UID 1000...
[[0;32m  OK  [0m] Started Session 2 of user vagrant.
[[0;32m  OK  [0m] Started User Manager for UID 1000.
[   18.304460] cloud-init[1362]:   en_US.UTF-8... done
[   18.317136] cloud-init[1362]: Generation complete.
[   18.923812] cloud-init[1362]: Cloud-init v. 18.3-9-g2e62cb8a-0ubuntu1~16.04.2 running 'modules:config' at Wed, 12 Sep 2018 11:14:37 +0000. Up 16.99 seconds.
[[0;32m  OK  [0m] Started Apply the settings specified in cloud-config.
         Starting Execute cloud user/final scripts...
ci-info: no authorized ssh keys fingerprints found for user ubuntu.
<14>Sep 12 11:14:40 ec2: 
<14>Sep 12 11:14:40 ec2: #############################################################
<14>Sep 12 11:14:40 ec2: -----BEGIN SSH HOST KEY FINGERPRINTS-----
<14>Sep 12 11:14:40 ec2: 1024 SHA256:MbLJybQTaTwjWEie8uacYLXLRcXl8e/lVGsW3Vx8leo root@ubuntu-xenial (DSA)
<14>Sep 12 11:14:40 ec2: 256 SHA256:DRcfczZP93qKxokrqoEANz6S0QTH1lgw5k4vSyoVuU0 root@ubuntu-xenial (ECDSA)
<14>Sep 12 11:14:40 ec2: 256 SHA256:GeLbgwozzqVG2laBAi7O2Mf1mD8CBbUcZh0uMx2zFpY root@ubuntu-xenial (ED25519)
<14>Sep 12 11:14:40 ec2: 2048 SHA256:TMk8u5r98GAMeIgw6olnHiqNRXgLrUicbB2gvjLvs5Q root@ubuntu-xenial (RSA)
<14>Sep 12 11:14:40 ec2: -----END SSH HOST KEY FINGERPRINTS-----
<14>Sep 12 11:14:40 ec2: #############################################################
-----BEGIN SSH HOST KEY KEYS-----
ecdsa-sha2-nistp256 AAAAE2VjZHNhLXNoYTItbmlzdHAyNTYAAAAIbmlzdHAyNTYAAABBBAAtsgAGDoYbqKkBxjyINNcDqhv207e0y162IAZlQsgYiSwSc9gqqxGdBBiSz5qzDA3LjsR80frx/9fnYv8OIF0= root@ubuntu-xenial
ssh-ed25519 AAAAC3NzaC1lZDI1NTE5AAAAIPJ5CMnOEIT9ti0GxJWQ+EAfITmHeicsVwZUefu3WNqI root@ubuntu-xenial
ssh-rsa AAAAB3NzaC1yc2EAAAADAQABAAABAQDLUA7+w2JeoSK7mZq3b0woBWZEAnU3sPDxPiXNx3lRvCshXonOFQBZZASSPZn0cyDtY8ZqbsPOHQYKfC78MDtwTksPH7CCMOhNyrCccQmEuPFnAxZc8jlNA+ngg3cKhWBXKevVlAsQ9V1DVxdK9mhgKR66J4ltZk93+FOahKPPGy+VNkQGj80kmVyGAgeB8m995M9bNTccQ331EbdZJlABiNsM5Iq8Ekd8ICFsSvFRnWw8IH5nHIGly5NCAlx0Ani7h3TgKw359efUrhW7MYy8NKl298C9+SNIBvAjpWAYsH8SpQnTcg1fpBLAvFTlWM48BXL5YkAz2ep7DK9QoYT5 root@ubuntu-xenial
-----END SSH HOST KEY KEYS-----
[   19.849875] cloud-init[1610]: Cloud-init v. 18.3-9-g2e62cb8a-0ubuntu1~16.04.2 running 'modules:final' at Wed, 12 Sep 2018 11:14:39 +0000. Up 19.42 seconds.
[   19.855975] cloud-init[1610]: ci-info: no authorized ssh keys fingerprints found for user ubuntu.
[   19.867731] cloud-init[1610]: Cloud-init v. 18.3-9-g2e62cb8a-0ubuntu1~16.04.2 finished at Wed, 12 Sep 2018 11:14:40 +0000. Datasource DataSourceNoCloud [seed=/dev/sdb][dsmode=net].  Up 19.84 seconds
[[0;32m  OK  [0m] Started Execute cloud user/final scripts.
[[0;32m  OK  [0m] Reached target Cloud-init target.

Ubuntu 16.04.5 LTS ubuntu-xenial ttyS0

ubuntu-xenial login: 