[    0.000000] Initializing cgroup subsys cpuset
[    0.000000] Initializing cgroup subsys cpu
[    0.000000] Initializing cgoup subsys cpuacct
[    0.000000] Linuxversion 4..0-134-generic (buildd@lgw01-amd64-033) (gcc version 5.4.0 20160609 (Ubuntu 5.4.0-6uuntu1~16.04.10) ) #160-Ubuntu SMP Wed Aug 15 14:58:00 UTC 2018 (Ubuntu .4.0-134.160-generic 4.4.140)
[    0.000000] Command line: BOOT_IMAGE=/boot/vmlinuz-4.4.0-134-generic root=LABEL=cloudimg-otfs ro console=tty1 coole=ttyS0
[   0.000000] KERNEL supported cpus:
[    0.000000]   IntelGenuineInt
[    0.000000]   AMD AuthenticAMD
[    0.000000]   Centaur CentaurHauls
[    0.000000] x86/fpu: xstate_offset[2]:  576, xstate_sizes[2]::  256
[    0.000000] x86/fpu: Supporting XSAVE feature 0x01: 'x87 floating point registers'
[    0.000000] x86/fpu: Supporting XSAVE feature 02: 'SSE registers'
[    0.000000] x86/fpu: Supporting XSAVE feature 0x04: 'AVX registers'
[    0.000000] x86fpu:Enabed xstate features 0x7, context size is 832 bytes, using 'standard' format.[  0.0000000] e820: BIOS-provided physical RAM map:
[    0.000000] BIOS-e80: mem 00000000000000000-0x000000000009fbf] usabe
[    0.000000] BIOS-e820: [mem 0x000000000009fc00-0x000000000009ffff] reserved
[    0.000000] BIOS-e820: [mem 0x00000000000f0000-0x00000000000fffff] reserved
[    0.000000] BIOS-e820: [mem 0x0000000000100000-0x000000003ffeffff] usable
[    0.000000] BIOS-e820: [mem 0x000000003fff0000-0x000000003fffffff] ACPI data
[    0.000000] BIOS-e820: [mem 0x00000000fec00000-0x00000000fec00fff] reserved
[    0.000000] BIOS-e820: [mem 0x00000000fee00000-0x00000000fee00fff] reserved
[    0.000000] BIOS-e820: [mem 0x00000000fffc0000-0x00000000ffffffff] reserved
[    0.000000] NX (Execute Disable) protection: active
[    0.000000] SMBIOS 2.5 present.
[    0.000000] Hypervisor detected: KVM
[    0.000000] e820: last_pfn = 0x3fff0 max_arch_pfn = 0x400000000
[    0.000000] MTRR: Disabled
[    0.000000] x86/PAT: MTRRs disabled, skipping PAT initialization too.
[    0.000000] CPU MTRRs all blank - virtualized system.
[    0.000000] x86/PAT: Configuration [0-7]: WB  WT  UC- UC  WB  WT  UC- UC  
[    0.000000] found SMP MP-table at [mem 0x0009fff0-0x0009ffff] mapped at [ffff88000009fff0]
[    0.000000] Scanning 1 areas for low memory corruption
[    0.000000] RAMDISK: [mem 0x3630c000-0x3717dfff]
[    0.000000] ACPI: Early table checksum verification disabled
[    0.000000] ACPI: RSDP 0x00000000000E0000 000024 (v02 VBOX  )
[    0.000000 ACPI:XSDT 0x000000003FFF0030 00003C (v01 VBOX   VBOXXSDT 00000001 ASL  00000061)
[   0.000000] ACPI: FACP 0x000000003FFF00F0 0000F4 (v04 VBOX   VBOXFACP 00000001 ASL  00000061)
[    .000000] ACPI: DSDT 0x000000003FFF0470 0021FF (v02 VBOX   VOXBIOS 0000002 NTL 20100528)
[    0.000000] ACPI: FACS 0x000000003FFF0200 000040
[    0.000000] ACPI: FACS 0x000000003FFF0200 000040
[    0.000000] ACPI: APIC 0x000000003FFF0240 00005C (v02 VBOX   VBOPIC 00000001 ASL  00000061)
[    0.000000] ACPI: SSDT 0x000000003FFF02A0 0001CC (v01 VBOX   VBOXCPUT 00000002 INTL 20100528)
[    0.000000] No NUMA configuration found
[    0.000000] Faking a node at [mem 0x0000000000000000-0x000000003ffeffff]
[    0.000000] NODE_DATA(0) allocated [mem 0x3ffeb000-0x3ffeffff]
[    0.000000] kvm-clock: Using msrs 4b564d01 and 4b564d00
[    0.000000] kvm-clock: cpu 0, msr 0:3ffe3001, primary cpu clock
[    0.000000] kvm-clock: using sched offset of 3836930936 cycles
[    0.000000] clocksource: kvm-clock: mask: 0xffffffffffffffff max_cycles: 0x1cd42e4dffb, max_idle_ns: 8815905991483 ns
[    0.000000] Zone ranges:
[    0.000000]   DMA      [mem 0x00000000000010-0x000000000fffffff]
[    0.000000]   DMA32    [mem 0x00000000010000000x000000003ffeffff]
[    0.000000]   Normal   empty
[    0.000000]   Device   empty
[    0.000000] Movable zone start for each node
[    0.000000] Early emory node ranges
[    0.000000]   node   0: [mem 0x0000000000001000-0x000000000009efff]
[    0.000000]   node   0: [mem 0x0000000000100000-0x00000003ffeffff]
[    0.000000] Initmem setup node 0 [me 0x0000000000001000-0x000000003ffeffff]
[    0.000000] ACPI: PM-Timer IO Port: 0x4008
[    0.000000] IOAPIC[0]: apic_id 2, version 32, address 0xfec00000, GSI 0-23
[    0.000000] ACPI: INT_SRC_OVR (bus 0 bus_irq 0 global_irq 2 dfl dfl)
[    0.000000] ACPI: INT_SRC_OVR (bus 0 bus_irq 9 global_irq 9 low level)
[    0.0000] Using ACPI (MADT) for SMP configurattion information
[    0.000000] smpboot: Allowing 2 CPUs, 0 hotplug CPUs
[    0.000000] PM: Registered nosave memory: [mem 0x00000000-0x00000fff]
[    0.000000] PM: Registered nosave memory: [mem 0x0009f000-0x0009ffff]
[    0.000000] PM: Registered nosave memory: [mem 0x000a0000-0x000effff]
[    0.000000] PM: Registered nosave memory: [mem 0x000f0000-0x000fffff]
[    0.000000] e820: [mem 0x40000000-0xfebfffff] available for PCI devices
[    0.000000] Booting paravirtualized kernel on KVM
[    0.000000] clocksource: refined-jiffies: mask: 0xffffffff max_cycles: 0xffffffff, max_idle_ns: 7645519600211568 ns
[    0.000000] setup_percpu: NR_CPUS:512 nr_cpumask_bits:512 nr_cpu_ids:2 nr_node_ids:1
[    0.000000] PECPU: Embeded 34 pages/cpu ffff88003c00000 s99544 r8192 d31528 u1048576
[    0.000000] PV qspinlock hash table entries: 256 (order: 0, 4096 bytes)
[    0.000000] Built 1 zonelists in Node order, mobility grouping on.  Total pages: 257912
[    0.000000] Policy zone: DMA32
[    0.000000] Kernel command line: BOOT_IMAGE=/boot/vmlinuz-4.4..0-134-generic root=LABEL=cloudimg-rootfs ro console=tty1 console=ttyS0
[    0.000000] PID hash tale enries 4096 (order: 3, 32768 bytes)
[    0.000000] Memoy: 99724K/1048120K availabl (8554K kernel code, 1314K rwdata, 4004K rodata, 1516K init, 1316K bss, 50396K reserved, 0K cma-reserved)
[    0.00000] SLUB HWalign=64, Order=0-3, MnObjets=0, CPUs=2, Nodes=1
[    0.000000] Kernel/User page tables solation: enabled
[    0.000000] Hierarchical RCU implementation.
[    0.000000] 	Build-time adjustment of leaf fanout to 64.
[    0.000000] 	RCU restricting CPUs from NR_CPUS=512 to nr_cpu_ids=2.
[    0.000000] RCU: Adjusting geometry for rcu_fanout_leaf=64, nr_cpu_ids=2
[    0.000000] NR_IRQS:33024 nr_irqs:440 16
[    0.000000] Console: colour VGA+ 800x25
[    0.000000] console [tty1] enabled
[    0.000000] console [ttyS0] enabled
[    0.000000] tsc: Detected 1799.999 MHz processor
[    1.396286] Calibrating delay loop (skipped) preset value.. 3599.99 BogoMIPS (lpj=7199996)
[    1.399594] pid_max: default: 32768 minimum: 301
[    1.401496] ACPI: Core revision 2015093
[    1.433883] ACPI: 2 ACPI AML tables successfully acquired and loaded
[    1.447657] Security Framework initialized
[    1.456071] Yama: becoming mindful.
[    1.457535] AppArmor: AppArmor initialized
[    1.459123] Dentry cache hash table entries: 131072 (order: 8, 1048576 bytes)
[    1.473480] Inode-cache hash table entries: 65536 (order: 7, 524288 bytes)
[    1.507251] Mount-cache hash table entries: 2048 (order: 2, 16384 bytes)
[    1.520886] Mountpoint-cache hash table entries: 2048 (order: 2, 16384 bytes)
[    1.536409] Initializing cgroup subsys io
[    1.549076] Initializing cgroup subsys memory
[    1.550968] Initializing cgroup subsys devices
[    1.553060] Initializing cgroup subsys freezer
[    1.554582] Initializing cgroup subsys net_cls
[    1.556156] Initializing cgroup subsys perf_event
[    1.557998] Initializing cgroup subsys net_prio
[    1.559860] Initializing cgroup subsys hugetlb
[    1.561751] Initializing cgroup subsys pids
[    1.564250] mce: CPU supports 0 MCE banks
[    1.566172] Last level iTLB entries: 4KB 64, 2MB 8, 4MB 8
[    1.568105] Last level dTLB entries: 4KB 64, 2MB 0, 4MB 0, 1GB 4
[    1.570485] Spectre V2 : Mitigation: Full generic retpoline
[    1.572433] Spectre V2 : Speculation control IBPB not-supported IBRS not-supported
[    1.574842] Speculative Store Bypass: Vulnerable
[    1.579652] Freeing SMP alternatives memory: 32K
[    1.592221] ftrace: allocating 32266 entries in 127 pages
[    1.654262] smpboot: APIC(0) Converting physical 0 to logical package 0
[    1.667796] smpboot: Max logical packages: 1
[    1.676970] x2apic enabled
[    1.684622] Switched APIC routing to physical x2apic.
[    1.689163] ..TIMER: vector=0x30 apic1=0 pin1=2 apic2=-1 pin2=-1
[    1.815450] smpboot: CPU0: Intel(R) Core(TM) i5-5350U CPU @ 1.80GHz (family: 0x6, model: 0x3d, stepping: 0x4)
[    1.840457] Performance Events: unsupported p6 CPU model 61 no PMU driver, software events only.
[    1.852402] KVM setup paravirtual spinlock
[    1.865954] x86: Booting SMP configuration:
[    1.877201] .... node  #0, CPUs:      #1
[    1.881462] kvm-clock: cpu 1, msr 0:3ffe3041, secondary cpu clock
[    1.884091] mce: CPU supports 0 MCE banks
[    1.887452] x86: Booted up 1 node, 2 CPUs
[    1.892339] smpboot: Total of 2 processors activated (7199.99 BogoMIPS)
[    1.902399] devtmpfs: initialized
[    1.922306] evm: security.selinux
[    1.923608] evm: security.SMACK64
[    1.924969] evm: security.SMACK64EXEC
[    1.926388] evm: security.SMACK64TRANSMUTE
[    1.927857] evm: security.SMACK64MMAP
[    1.929431] evm: security.ima
[    1.930749] evm: security.capability
[    1.934051] clocksource: jiffies: mask: 0xffffffff max_cycles: 0xffffffff, max_idle_ns: 7645041785100000 ns
[    1.943582] futex hash table entries: 512 (order: 3, 32768 bytes)
[    1.946226] pinctrl core: initialized pinctrl subsystem
[    1.948745] RTC time: 15:31:02, date: 09/11/18
[    1.950860] NET: Registered protocol family 16
[    1.963859] cpuidle: using governor ladder
[    1.983828] cpuidle: using governor menu
[    1.985568] PCCT header not found.
[    1.987173] ACPI: bus type PCI registered
[    1.988922] acpiphp: ACPI Hot Plug PCI Controller Driver version: 0.5
[    2.006681] PCI: Using configuration type 1 for base access
[    2.020901] ACPI: Added _OSI(Module Device)
[    2.022781] ACPI: Added _OSI(Processor Device)
[    2.024489] ACPI: Added _OSI(3.0 _SCP Extensions)
[    2.026078] ACPI: Added _OSI(Processor Aggregator Device)
[    2.034297] ACPI: Executed 1 blocks of module-level executable AML code
[    2.047532] ACPI: Interpreter enabled
[    2.060698] ACPI: (supports S0 S5)
[    2.076798] ACPI: Using IOAPIC for interrupt routing
[    2.105938] PCI: Using host bridge windows from ACPI; if necessary, use "pci=nocrs" and report a bug
[    2.161292] ACPI: PCI Root Bridge [PCI0] (domain 0000 [bus 00-ff])
[    2.166814] acpi PNP0A03:00: _OSC: OS supports [ASPM ClockPM Segments MSI]
[    2.176006] acpi PNP0A03:00: _OSC: not requesting OS control; OS requires [ExtendedConfig ASPM ClockPM MSI]
[    2.193106] acpi PNP0A03:00: fail to add MMCONFIG information, can't access extended PCI configuration space under this bridge.
[    2.198194] PCI host bridge to bus 0000:00
[    2.200032] pci_bus 0000:00: root bus resource [io  0x0000-0x0cf7 window]
[    2.202749] pci_bus 0000:00: root bus resource [io  0x0d00-0xffff window]
[    2.205492] pci_bus 0000:00: root bus resource [mem 0x000a0000-0x000bffff window]
[    2.208806] pci_bus 0000:00: root bus resource [mem 0x40000000-0xfdffffff window]
[    2.212097] pci_bus 0000:00: root bus resource [bus 00-ff]
[    2.217809] pci 0000:00:01.1: legacy IDE quirk: reg 0x10: [io  0x01f0-0x01f7]
[    2.220357] pci 0000:00:01.1: legacy IDE quirk: reg 0x14: [io  0x03f6]
[    2.223229] pci 0000:00:01.1: legacy IDE quirk: reg 0x18: [io  0x0170-0x0177]
[    2.226130] pci 0000:00:01.1: legacy IDE quirk: reg 0x1c: [io  0x0376]
[    2.253604] pci 0000:00:07.0: quirk: [io  0x4000-0x403f] claimed by PIIX4 ACPI
[    2.268008] pci 0000:00:07.0: quirk: [io  0x4100-0x410f] claimed by PIIX4 SMB
[    2.289402] ACPI: PCI Interrupt Link [LNKA] (IRQs 5 9 10 *11)
[    2.309232] ACPI: PCI Interrupt Link [LNKB] (IRQs 5 9 *10 11)
[    2.314776] ACPI: PCI Interrupt Link [LNKC] (IRQs 5 *9 10 11)
[    2.322646] ACPI: PCI Interrupt Link [LNKD] (IRQs 5 9 10 *11)
[    2.334288] ACPI: Enabled 2 GPEs in block 00 to 07
[    2.349377] vgaarb: setting as boot device: PCI:0000:00:02.0
[    2.356500] vgaarb: device added: PCI:0000:00:02.0,decodes=io+mem,owns=io+mem,locks=none
[    2.368969] vgaarb: loaded
[    2.370818] vgaarb: bridge control possible 0000:00:02.0
[    2.373386] SCSI subsystem initialized
[    2.375139] ACPI: bus type USB registered
[    2.376786] usbcore: registered new interface driver usbfs
[    2.378849] usbcore: registered new interface driver hub
[    2.381168] usbcore: registered new device driver usb
[    2.385867] PCI: Using ACPI for IRQ routing
[    2.388228] NetLabel: Initializing
[    2.389728] NetLabel:  domain hash size = 128
[    2.391458] NetLabel:  protocols = UNLABELED CIPSOv4
[    2.393603] NetLabel:  unlabeled traffic allowed by default
[    2.396108] amd_nb: Cannot enumerate AMD northbridges
[    2.397966] clocksource: Switched to clocksource kvm-clock
[    2.410407] AppArmor: AppArmor Filesystem Enabled
[    2.412765] pnp: PnP ACPI init
[    2.415948] pnp: PnP ACPI: found 3 devices
[    2.430421] clocksource: acpi_pm: mask: 0xffffff max_cycles: 0xffffff, max_ie_ns: 285701024 ns
[    2.514004] NET: Registered protocol family 2

[    2.516288] TCP established hash table entries: 8192 (order: 4, 65536 bytes)
[    2.519043] TCP bind hash table entries: 8192 (order: 5, 131072 bytes)
[    2.521985] TCP: Hash tables configured (established 8192 bind 8192)
[    2.525001] UDP hash table entries: 512 (order: 2, 16384 bytes)
[    2.528686] UDP-Lite hash table entries: 512 (order: 2, 16384 bytes)
[    2.531762] NET: Registered protocol family 1
[    2.534245] pci 0000:00:00.0: Limiting direct PCI/PCI transfers
[    2.536465] pci 0000:00:01.0: Activating ISA DMA hang workarounds
[    2.539328] Unpacking initramfs...
[    2.803255] Freeing initrd memory: 14792K
[    2.817113] RAPL PMU detected, API unit is 2^-32 Joules, 4 fixed counters 10737418240 ms ovfl timer
[    2.830078] hw unit of domain pp0-core 2^-0 Joules
[    2.832013] hw unit of domain package 2^-0 Joules
[    2.833679] hw unit of domain dram 2^-0 Joules
[    2.835234] hw unit of domain pp1-gpu 2^-0 Joules
[    2.837044] platform rtc_cmos: registered platform RTC device (no PNP device found)
[    2.839953] Scanning for low memory corruption every 60 seconds
[    2.842715] audit: initializing netlink subsys (disabled)
[    2.844894] audit: type=2000 audit(1536679867.620:1): initialized
[    2.847656] Initialise system trusted keyring
[    2.851823] HugeTLB registered 2 MB page size, pre-allocated 0 pages
[    2.855481] zbud: loaded
[    2.856896] VFS: Disk quotas dquot_6.6.0
[    2.858450] VFS: Dquot-cache hash table entries: 512 (order 0, 4096 bytes)
[    2.861084] squashfs: version 4.0 (2009/01/31) Phillip Lougher
[    2.863800] fuse init (API version 7.23)
[    2.867957] Key type big_key registered
[    2.869378] Allocating IMA MOK and blacklist keyrings.
[    2.873335] Key type asymmetric registered
[    2.875190] Asymmetric key parser 'x509' registered
[    2.882669] Block layer SCSI generic (bsg) driver version 0.4 loaded (major 249)
[    2.885387] io scheduler noop registered
[    2.887492] io scheduler deadline registered (default)
[    2.889616] io scheduler cfq registered
[    2.891210] pci_hotplug: PCI Hot Plug PCI Core version: 0.5
[    2.893446] pciehp: PCI Express Hot Plug Controller Driver version: 0.4
[    2.896781] ACPI: AC Adapter [AC] (off-line)
[    2.898619] input: Power Button as /devices/LNXSYSTM:00/LNXPWRBN:00/input/input0
[    2.901328] ACPI: Power Button [PWRF]
[    2.902887] input: Sleep Button as /devices/LNXSYSTM:00/LNXSLPBN:00/input/input1
[    2.905754] ACPI: Sleep Button [SLPF]
[    2.909236] ACPI: Battery Slot [BAT0] (battery present)
[    2.915662] GHES: HEST is not enabled!
[    2.918412] Serial: 8250/16550 driver, 32 ports, IRQ sharing enabled
[    2.956121] 00:02: ttyS0 at I/O 0x3f8 (irq = 4, base_baud = 115200) is a 16550A
[    2.971649] Linux agpgart interface v0.103
[    3.036504] loop: module loaded
[    3.044207] scsi host0: ata_piix
[    3.046312] scsi host1: ata_piix
[    3.055495] ata1: PATA max UDMA/33 cmd 0x1f0 ctl 0x3f6 bmdma 0xd000 irq 14
[    3.064704] ata2: PATA max UDMA/33 cmd 0x170 ctl 0x376 bmdma 0xd008 irq 15
[    3.067833] libphy: Fixed MDIO Bus: probed
[    3.078981] tun: Universal TUN/TAP device driver, 1.6
[    3.080926] tun: (C) 1999-2004 Max Krasnyansky <maxk@qualcomm.com>
[    3.085115] PPP generic driver version 2.4.2
[    3.088530] ehci_hcd: USB 2.0 'Enhanced' Host Controller (EHCI) Driver
[    3.090865] ehci-pci: EHCI PCI platform driver
[    3.107081] ehci-platform: EHCI generic platform driver
[    3.118409] ohci_hcd: USB 1.1 'Open' Host Controller (OHCI) Driver
[    3.120687] ohci-pci: OHCI PCI platform driver
[    3.131503] ohci-platform: OHCI generic platform driver
[    3.146957] uhci_hcd: USB Universal Host Contoller Interface driver
[    3.188885] i8042: PNP: PS/2 Controller [PNP0303:PS2K,PNP0f03:PS2M] at 0x60,0x64 irq 1,12
[    3.192937] serio: i8042 KBD port at 0x60,0x64 irq 1
[    3.195689] serio: i8042 AUX port at 0x60,0x64 irq 12

[    3.198621] mousedev: PS/2 mouse device common for all mice
[    3.202364] input: AT Translated Set 2 keyboard as /devices/platform/i8042/serio0/input/input2
[    3.209058] rtc_cmos rtc_cmos: rtc core: registered rtc_cmos as rtc0
[    3.212958] rtc_cmos rtc_cmos: alarms up to one day, 114 bytes nvram
[    3.216781] i2c /dev entries driver
[    3.223801] device-mapper: uevent: version 1.0.3
[    3.233308] device-mapper: ioctl: 4.34.0-ioctl (2015-10-28) initialised: dm-devel@redhat.com
[    3.248799] ledtrig-cpu: registered to indicate activity on CPUs
[    3.261330] NET: Registered protocol family 10
[    3.271295] NET: Registered protocol family 17
[    3.280341] Key type dns_resolver registered
[    3.325253] registered taskstats version 1
[    3.346850] Loading compiled-in X.509 certificates
[    3.386080] Loaded X.509 cert 'Build time autogenerated kernel key: 4eb3d024ac16f76c1747ffd474694c84db21038b'
[    3.390115] zswap: loaded using pool lzo/zbud
[    3.436333] Key type trusted registered
[    3.441703] Key type encrypted registered
[    3.457239] AppArmor: AppArmor sha1 policy hashing enabled
[    3.467641] ima: No TPM chip found, activating TPM-bypass!
[    3.483327] ima: Allocated hash algorithm: sha1
[    3.485262] evm: HMAC attrs: 0x1
[    3.508496]   Magic number: 2:912:537
[    3.521166] tty ttyS17: hash matches
[    3.535211] rtc_cmos rtc_cmos: setting system clock to 2018-09-11 15:31:04 UTC (1536679864)
[    3.551941] BIOS EDD facility v0.16 2004-Jun-25, 0 devices found
[    3.560247] EDD information not available.
[    3.569421] Freeing unused kernel memory: 1516K
[    3.594446] Write protecting the kernel read-only data: 14336k
[    3.615385] Freeing unused kernel memory: 1672K
[    3.739248] Freeing unused kernel memory: 92K
[    3.835312] tsc: Refined TSC clocksource calibration: 1799.962 MHz
[    3.835315] clocksource: tsc: mask: 0xffffffffffffffff max_cycles: 0x19f205d3df8, max_idle_ns: 440795290207 ns
Loading, please wait...
starting version 229
[    4.856476] random: systemd-udevd: uninitialized urandom read (16 bytes read, 5 bits of entropy available)
[    4.856642] random: udevadm: uninitialized urandom read (16 bytes read, 5 bits of entropy available)
[    4.856672] random: udevadm: uninitialized urandom read (16 bytes read, 5 bits of entropy available)
[    4.869054] random: udevadm: uninitialized urandom read (16 bytes read, 5 bits of entropy available)
[    4.869125] random: udevadm: uninitialized urandom read (16 bytes read, 5 bits of entropy available)
[    4.869326] random: udevadm: uninitialized urandom read (16 bytes read, 5 bits of entropy available)
[    4.869404] random: udevadm: uninitialized urandom read (16 bytes read, 5 bits of entropy available)
[    4.869479] random: udevadm: uninitialized urandom read (16 bytes read, 5 bits of entropy available)
[    4.869554] random: udevadm: uninitialized urandom read (16 bytes read, 5 bits of entropy available)
[    4.869627] random: udevadm: uninitialized urandom read (16 bytes read, 5 bits of entropy available)
[    4.977955] e1000: Intel(R) PRO/1000 Network Driver - version 7.3.21-k8-NAPI
[    4.988967] e1000: Copyright (c) 1999-2006 Intel Corporation.
[    4.997650] Fusion MPT base driver 3.04.20
[    4.999556] Copyright (c) 1999-2008 LSI Corporation
[    5.006933] Fusion MPT SPI Host driver 3.04.20
[    5.017815] AVX2 version of gcm_enc/dec engaged.
[    5.019762] AES CTR mode by8 optimization enabled
[    5.231349] input: ImExPS/2 Generic Explorer Mouse as /devices/platform/i8042/serio1/input/input4
[    5.417363] e1000 0000:00:03.0 eth0: (PCI:33MHz:32-bit) 02:1d:76:b3:3c:fe
[    5.725248] e1000 0000:00:03.0 eth0: Intel(R) PRO/1000 Network Connection
[    6.165774] e1000 0000:00:08.0 eth1: (PCI:33MHz:32-bit) 08:00:27:f5:c5:2a
[    6.738254] e1000 0000:00:08.0 eth1: Intel(R) PRO/1000 Network Connection
[    6.745621] mptbase: ioc0: Initiating bringup
[    6.746667] e1000 0000:00:03.0 enp0s3: renamed from eth0
[    6.778632] e1000 0000:00:08.0 enp0s8: renamed from eth1
[    6.842679] ioc0: LSI53C1030 A0: Capabilities={Initiator}
[    7.006612] scsi host2: ioc0: LSI53C1030 A0, FwRev=00000000h, Ports=1, MaxQ=256, IRQ=20
[    7.119182] scsi 2:0:0:0: Direct-Access     VBOX     HARDDISK         1.0  PQ: 0 ANSI: 5
[    7.158801] scsi target2:0:0: Beginning Domain Validation
[    7.173975] scsi target2:0:0: Domain Validation skipping write tests
[    7.184711] scsi target2:0:0: Ending Domain Validation
[    7.203190] scsi target2:0:0: asynchronous
[    7.208871] scsi 2:0:1:0: Direct-Access     VBOX     HARDDISK         1.0  PQ: 0 ANSI: 5
[    7.219562] scsi target2:0:1: Beginning Domain Validation
[    7.224764] scsi target2:0:1: Domain Validation skipping write tests
[    7.703938] scsi target2:0:1: Ending Domain Validation
[    8.007592] scsi target2:0:1: asynchronous
[    8.061413] sd 2:0:0:0: Attached scsi generic sg0 type 0
[    8.063509] sd 2:0:0:0: [sda] 20971520 512-byte logical blocks: (10.7 GB/10.0 GiB)
[    8.067057] sd 2:0:0:0: [sda] Write Protect is off
[    8.079321] sd 2:0:1:0: Attached scsi generic sg1 type 0
[    8.095309] sd 2:0:1:0: [sdb] 20480 512-byte logical blocks: (10.5 MB/10.0 MiB)
[    8.095326] sd 2:0:0:0: [sda] Incomplete mode parameter data
[    8.095328] sd 2:0:0:0: [sda] Assuming drive cache: write through
[    8.109557]  sda: sda1
[    8.110486] sd 2:0:0:0: [sda] Attached SCSI disk
[    8.157471] sd 2:0:1:0: [sdb] Write Protect is off
[    8.166297] sd 2:0:1:0: [sdb] Incomplete mode parameter data
[    8.174456] sd 2:0:1:0: [sdb] Assuming drive cache: write through
[    8.187245] sd 2:0:1:0: [sdb] Attached SCSI disk
Begin: Loading essential drivers ... [    9.571550] md: linear personality registered for level -1
[    9.576338] md: multipath personality registered for level -4
[    9.602420] md: raid0 personality registered for level 0
[    9.617026] md: raid1 personality registered for level 1
[    9.690031] raid6: sse2x1   gen()  8060 MB/s
[    9.758012] raid6: sse2x1   xor()  6372 MB/s
[    9.838355] raid6: sse2x2   gen() 10562 MB/s
[    9.906067] raid6: sse2x2   xor()  7117 MB/s
[    9.986054] raid6: sse2x4   gen() 12715 MB/s
[   10.062278] raid6: sse2x4   xor()  8678 MB/s
[   10.130163] raid6: avx2x1   gen()  9635 MB/s
[   10.198035] raid6: avx2x2   gen() 11241 MB/s
[   10.270067] raid6: avx2x4   gen() 21056 MB/s
[   10.277329] raid6: using algorithm avx2x4 gen() 21056 MB/s
[   10.289946] raid6: using avx2x2 recovery algorithm
[   10.295377] xor: automatically using best checksumming function:
[   10.334168]    avx       : 20484.000 MB/sec
[   10.343981] async_tx: api initialized (async)
[   10.356785] md: raid6 personality registered for level 6
[   10.367499] md: raid5 personality registered for level 5
[   10.373613] md: raid4 personality registered for level 4
[   10.394013] md: raid10 personality registered for level 10
done.
Begin: Running /scripts/init-premount ... done.
Begin: Mounting root file system ... Begin: Running /scripts/local-top ... done.
Begin: Running /scripts/local-premount ... [   10.441187] Btrfs loaded
Scanning for Btrfs filesystems
done.
Warning: fsck not present, so skipping root file system
[   10.508352] EXT4-fs (sda1): mounted filesystem with ordered data mode. Opts: (null)
done.
Begin: Running /scripts/local-bottom ... done.
Begin: Running /scripts/init-bottom ... done.
[   10.785623] systemd[1]: systemd 229 running in system mode. (+PAM +AUDIT +SELINUX +IMA +APPARMOR +SMACK +SYSVINIT +UTMP +LIBCRYPTSETUP +GCRYPT +GNUTLS +ACL +XZ -LZ4 +SECCOMP +BLKID +ELFUTILS +KMOD -IDN)
[   10.836606] systemd[1]: Detected virtualization oracle.
[   10.838970] systemd[1]: Detected architecture x86-64.

Welcome to [1mUbuntu 16.04.5 LTS[0m!

[   10.864900] systemd[1]: Set hostname to <ubuntu>.
[   10.879015] systemd[1]: Initializing machine ID from random generator.
[   10.910225] systemd[1]: Installed transient /etc/machine-id file.
[   11.296109] systemd[1]: Created slice User and Session Slice.
[[0;32m  OK  [0m] Created slice User and Session Slice.
[   11.330677] systemd[1]: Started Forward Password Requests to Wall Directory Watch.
[[0;32m  OK  [0m] Started Forward Password Requests to Wall Directory Watch.
[   11.349796] systemd[1]: Reached target System Time Synchronized.
[[0;32m  OK  [0m] Reached target System Time Synchronized.
[   11.362640] systemd[1]: Listening on LVM2 metadata daemon socket.
[[0;32m  OK  [0m] Listening on LVM2 metadata daemon socket.
[   11.403938] systemd[1]: Listening on Journal Socket.
[[0;32m  OK  [0m] Listening on Journal Socket.
[   11.426688] systemd[1]: Created slice System Slice.
[[0;32m  OK  [0m] Created slice System Slice.
[   11.458732] systemd[1]: Starting Load Kernel Modules...
[   11.481622] Loading iSCSI transport class v2.0-870.
         Starting Load Kernel Modules...
[   11.492523] systemd[1]: Starting Set console keymap...
         Starting Set console keymap...
[   11.503416] iscsi: registered transport (tcp)
[   11.514408] systemd[1]: Reached target Slices.
[[0;32m  OK  [0m] Reached target Slices.
[   11.525912] systemd[1]: Starting Create list of required static device nodes for the current kernel...
         Starting Create list of required st... nodes for the current kernel...
[   11.642823] systemd[1]: Mounting Debug File System...
         Mounting Debug File System...
[   11.649696] systemd[1]: Starting Remount Root and Kernel File Systems...
         Starting Remount Root and Kernel File Systems...
[   11.675435] systemd[1]: Listening on LVM2 poll daemon socket.
[[0;32m  OK  [0m] Listening on LVM[   11.687899] EXT4-fs (sda1): re-mounted. Opts: (null)
2 poll daemon socket.
[   11.697582] systemd[1]: Reached target Swap.
[   11.702273] iscsi: registered transport (iser)
[[0;32m  OK  [0m] Reached target Swap.
[   11.738594] systemd[1]: Mounting Huge Pages File System...
         Mounting Huge Pages File System...
[   11.745787] systemd[1]: Reached target Encrypted Volumes.
[[0;32m  OK  [0m] Reached target Encrypted Volumes.
[   11.764070] systemd[1]: Starting Nameserver information manager...
         Starting Nameserver information manager...
[   11.791156] systemd[1]: Started Trigger resolvconf update for networkd DNS.
[[0;32m  OK  [0m] Started Trigger resolvconf update for networkd DNS.
[   11.825922] systemd[1]: Listening on /dev/initctl Compatibility Named Pipe.
[[0;32m  OK  [0m] Listening on /dev/initctl Compatibility Named Pipe.
[   11.831991] systemd[1]: Listening on Syslog Socket.
[[0;32m  OK  [0m] Listening on Syslog Socket.
[   11.837886] systemd[1]: Set up automount Arbitrary Executable File Formats File System Automount Point.
[[0;32m  OK  [0m] Set up automount Arbitrary E[   11.854417] random: nonblocking pool is initialized
xecutab...ats File System Automount Point.
[   11.890796] systemd[1]: Mounting POSIX Message Queue File System...
         Mounting POSIX Message Queue File System...
[   11.911646] systemd[1]: Created slice system-serial\x2dgetty.slice.
[[0;32m  OK  [0m] Created slice system-serial\x2dgetty.slice.
[   11.957046] systemd[1]: Reached target User and Group Name Lookups.
[[0;32m  OK  [0m] Reached target User and Group Name Lookups.
[   12.022037] systemd[1]: Listening on Device-mapper event daemon FIFOs.
[[0;32m  OK  [0m] Listening on Device-mapper event daemon FIFOs.
[   12.086430] systemd[1]: Starting Monitoring of LVM2 mirrors, snapshots etc. using dmeventd or progress polling...
         Starting Monitoring of LVM2 mirrors... dmeventd or progress polling...
[   12.118575] systemd[1]: Listening on udev Control Socket.
[[0;32m  OK  [0m] Listening on udev Control Socket.
[   12.134972] systemd[1]: Listening on Journal Socket (/dev/log).
[[0;32m  OK  [0m] Listening on Journal Socket (/dev/log).
[   12.167268] systemd[1]: Listening on Journal Audit Socket.
[[0;32m  OK  [0m] Listening on Journal Audit Socket.
[   12.206482] systemd[1]: Starting Journal Service...
         Starting Journal Service...
[   12.221965] systemd[1]: Starting Uncomplicated firewall...
         Starting Uncomplicated firewall...
[   12.232304] systemd[1]: Listening on udev Kernel Socket.
[[0;32m  OK  [0m] Listening on udev Kernel Socket.
[   12.280058] systemd[1]: Mounted Debug File System.
[[0;32m  OK  [0m] Mounted Debug File System.
[   12.298971] systemd[1]: Mounted Huge Pages File System.
[[0;32m  OK  [0m] Mounted Huge Pages File System.
[   12.315234] systemd[1]: Mounted POSIX Message Queue File System.
[[0;32m  OK  [0m] Mounted POSIX Message Queue File System.
[   12.339413] systemd[1]: Started Journal Service.
[[0;32m  OK  [0m] Started Journal Service.
[[0;32m  OK  [0m] Started Load Kernel Modules.
[[0;32m  OK  [0m] Started Set console keymap.
[[0;32m  OK  [0m] Started Create list of required sta...ce nodes for the current kernel.
[[0;32m  OK  [0m] Started Remount Root and Kernel File Systems.
[[0;32m  OK  [0m] Started Uncomplicated firewall.
[[0;32m  OK  [0m] Started Nameserver information manager.
[[0;32m  OK  [0m] Started LVM2 metadata daemon.
         Starting Load/Save Random Seed...
         Starting udev Coldplug all Devices...
         Starting Create Static Device Nodes in /dev...
         Starting Apply Kernel Variables...
         Mounting FUSE Control File System...
         Starting Flush Journal to Persistent Storage...
[[0;32m  OK  [0m] Mounted FUSE Control File System.
[[0;32m  OK  [0m] Started Load/Save Random Seed.
[[0;32m  OK  [0m] Started Create Static Device Nodes in /dev.
[[0;32m  OK  [0m] Started Apply Kernel Variables.
[[0;32m  OK  [0m] Started udev Coldplug all Devices.
[[0;32m  OK  [0m] Started Flush Journal to Persistent Storage.
[[0;32m  OK  [0m] Started Monitoring of LVM2 mirrors,...ng dmeventd or progress polling.
         Starting udev Kernel Device Manager...
[[0;32m  OK  [0m] Started udev Kernel Device Manager.
[[0;32m  OK  [0m] Started Dispatch Password Requests to Console Directory Watch.
[[0;32m  OK  [0m] Reached target Local File Systems (Pre).
[[0;32m  OK  [0m] Reached target Local File Systems.
         Starting Tell Plymouth To Write Out Runtime Data...
         Starting Commit a transient machine-id on disk...
         Starting Set console font and keymap...
         Starting Create Volatile Files and Directories...
         Starting LSB: AppArmor initialization...
         Starting Initial cloud-init job (pre-networking)...
[[0;32m  OK  [0m] Started Tell Plymouth To Write Out Runtime Data.
[[0;32m  OK  [0m] Started Commit a transient machine-id on disk.
[[0;32m  OK  [0m] Started Create Volatile Files and Directories.
         Starting Update UTMP about System Boot/Shutdown...
[[0;32m  OK  [0m] Found device /dev/ttyS0.
[[0;32m  OK  [0m] Started Update UTMP about System Boot/Shutdown.
[[0;32m  OK  [0m] Listening on Load/Save RF Kill Switch Status /dev/rfkill Watch.
[[0;32m  OK  [0m] Started LSB: AppArmor initialization.
[   12.872135] cloud-init[497]: Cloud-init v. 18.3-9-g2e62cb8a-0ubuntu1~16.04.2 running 'init-local' at Tue, 11 Sep 2018 15:31:15 +0000. Up 12.41 seconds.
[[0;32m  OK  [0m] Started Initial cloud-init job (pre-networking).
[[0;32m  OK  [0m] Reached target Network (Pre).
         Starting Raise network interfaces...
[[0;32m  OK  [0m] Started Set console font and keymap.
[[0;32m  OK  [0m] Created slice system-getty.slice.
[[0;32m  OK  [0m] Started Raise network interfaces.
[[0;32m  OK  [0m] Reached target Network.
         Starting Initial cloud-init job (metadata service crawler)...
[   14.458905] cloud-init[931]: Cloud-init v. 18.3-9-g2e62cb8a-0ubuntu1~16.04.2 running 'init' at Tue, 11 Sep 2018 15:31:16 +0000. Up 13.69 seconds.
[   14.465270] cloud-init[931]: ci-info: ++++++++++++++++++++++++++++++++++++++Net device info+++++++++++++++++++++++++++++++++++++++
[   14.471142] cloud-init[931]: ci-info: +--------+-------+----------------------------+---------------+--------+-------------------+
[   14.486842] cloud-init[931]: ci-info: | Device |   Up  |          Address           |      Mask     | Scope  |     Hw-Address    |
[   14.492641] cloud-init[931]: ci-info: +--------+-------+----------------------------+---------------+--------+-------------------+
[   14.498170] cloud-init[931]: ci-info: | enp0s3 |  True |         10.0.2.15          | 255.255.255.0 | global | 02:1d:76:b3:3c:fe |
[   14.504083] cloud-init[931]: ci-info: | enp0s3 |  True | fe80::1d:76ff:feb3:3cfe/64 |       .       |  link  | 02:1d:76:b3:3c:fe |[[0;32m  OK  [0m] Started Initial cloud-init job (metadata service crawler).
[[0;32m  OK  [0m] Reached target Cloud-config availability.
[[0;32m  OK  [0m] Reached target Network is Online.

[   14.516728] cloud-init[931]: ci-info: | enp0s8 | False |             .              |       .       |   .    | 08:00:27:f5:c5:2a |
[   14.520918] cloud-init[931]: ci-info: |   lo   |  True |         127.0.0.1          |   255.0.0.0   |  host  |         .         |
[   14.524935] cloud-init[931]: ci-info: |   lo   |  True |          ::1/128           |       .       |  host  |         .         |         
Starting iSCSI initiator daemon (iscsid)...
[   14.531186] cloud-init[931]: ci-info: +--------+-------+----------------------------+---------------+--------+-------------------+
[[0;32m  OK  [0m] Reached target System Initialization.
[[0;32m  OK  [0m] Started Daily apt download activities.
[   14.537691] cloud-init[931]: ci-info: +++++++++++++++++++++++++++Route IPv4 info++++++++++++++++++++++++++++
[   14.565964]          Starting LXD - unix socket.
[[0;32m  OK  [0m] Started Daily Cleanup of Temporary Directories.
[[0;32m  OK  [0m] Started Daily apt upgrade and clean activities.
cloud-init[[931]: [0;32m  OK  [0mci-info: +-------+-------------+----------+---------------+-----------+-------+] 
Reached target Timers.
[   14.620247] [[0;32m  OK  [0m] Listening on ACPID Listen Socket.
[[0;32m  OK  [0m] Listening on UUID daemon activation socket.
cloud-init[931]: ci-info: | Route | Destination | Gateway  |    Genmask    | Interface | Flags |
[   14.673318] [[0;32m  OK  [0m] Listening on D-Bus System Message Bus Socket.
cloud-init[931]: ci-info: +-------+-------------+----------+---------------+-----------+-------+
[   14.709944] [[0;32m  OK  [0m] Started ACPI Events Check.
[[0;32m  OK  [0m] Reached target Paths.
         Starting Socket activation for snappy daemon.
cloud-init[931]: ci-info: |   0   |   0.0.0.0   | 10.0.2.2 |    0.0.0.0    |   enp0s3  |   UG  |
[   14.740755] [[0;32m  OK  [0m] Listening on LXD - unix socket.
[[0;32m  OK  [0m] cloud-initListening on Socket activation for snappy daemon.[931]: 
ci-info: |   1   |   10.0.2.0  | 0.0.0.0  | 255.255.255.0 |   enp0s3  |   U   |
[   14.770524] [[0;32m  OK  [0m] Started iSCSI initiator daemon (iscsid).
cloud-init[931]: ci-info: +-------+-------------+----------+---------------+-----------+-------+
[   14.800753]          Starting Login to default iSCSI targets...
[[0;32m  OK  [0m] Reached target Sockets.
[[0;32m  OK  [0m] Reached target Basic System.
cloud-init[931]: ci-info: +++++++++++++++++++Route IPv6 info+++++++++++++++++++
[   14.844359]          Starting Virtualbox guest utils...
cloud-init[931]: ci-info: +-------+-------------+---------+-----------+-------+
[   14.862481] [[0;32m  OK  [0m] Started D-Bus System Message Bus.
cloud-init[931]: ci-info: | Route | Destination | Gateway | Interface | Flags |
[   14.876928] cloud-init[931]: ci-info: +-------+-------------+---------+-----------+-------+
[   14.908694] cloud-init[931]: ci-info: |   0   |  fe80::/64  |    ::   |   enp0s3  |   U   |
[   14.931615] [[0;32m  OK  [0m] Started ACPI event daemon.
         Starting Accounts Service...
         Starting LXD - container startup/shutdown...
         Starting LSB: Record successful boot for GRUB...
         Starting /etc/rc.local Compatibility...
         Starting System Logging Service...
[[0;32m  OK  [0m] Started Unattended Upgrades Shutdown.
[[0;32m  OK  [0m] Started Deferred execution scheduler.
         Starting Snappy daemon...
cloud-init[931]: ci-info: |   3   |   ff00::/8  |    ::   |   enp0s3  |   U   |
[   14.954376] cloud-init[[0;32m  OK  [0m] Started Regular background program processing daemon.
[931]:          Starting Pollinate to seed the pseudo random number generator...
[[0;32m  OK  [0m] Started FUSE filesystem for LXC.
         Starting LSB: MD monitoring daemon...
         Starting Login Service...
[[0;32m  OK  [0m] Started /etc/rc.local Compatibility.
ci-info: +-------+-------------+---------+-----------+-------+
[   14.993385] cloud-init[931]: Generating public/private rsa key pair.
[   15.022430] cloud-init[931]: Your identification has been saved in /etc/ssh/ssh_host_rsa_key.
[   15.035008] cloud-init[931]: Your public key has been saved in /etc/ssh/ssh_host_rsa_key.pub.
[   15.046094] [[0;32m  OK  [0m] Started Login to default iSCSI targets.
cloud-init[931]: The key fingerprint is:
[   15.071252] [[0;32m  OK  [0m] Started System Logging Service.
cloud-init[931]: SHA256:FuzB8FdSbBQJEKMC7wll3QF5CNOrBm1HRQO4UJGerzA root@ubuntu-xenial
[   15.100924] cloud-init[931]: The key's randomart image is:
[   15.114110] cloud-init[[0;32m  OK  [0m] Started Login Service.
[931]: +---[RSA 2048]----+
         Starting Authenticate and Authorize Users to Run Privileged Tasks...
[[0;32m  OK  [0m] Reached target Remote File Systems (Pre).
[   15.182654] cloud-init[931]: |  ..BB+OO+o==o   |
[[0;32m  OK  [0m] Reached target Remote File Systems.
[   15.254138] cloud-init[931]: |  .=o.**oo o+    |
[   15.304970] cloud-init[931]: |  .+o+.o* ..     |
         Starting LSB: automatic crash report generation...
         Starting Permit User Sessions...
         Starting LSB: Set the CPU Frequency Scaling governor to "ondemand"...
         Starting LSB: daemon to balance interrupts for SMP systems...
[   15.316003] cloud-init[931]: |  .o*oo. +       |
[   15.420393] [cloud-init[0;32m  OK  [0m[931]: ] |   oo+  S        |Started Virtualbox guest utils.

[[0;32m  OK  [0m] Started LXD - container startup/shutdown.
[[0;32m  OK  [0m] Started LSB: Record successful boot for GRUB.
[   15.421466] cloud-init[931]: |  E o ..         |
[[0;32m  OK  [0m] Started LSB: MD monitoring daemon.
[   15.529572] cloud-init[931]: |   + .           |
[[0;32m  OK  [0m] Started Permit User Sessions.
[[0;32m  OK  [0m] Started Snappy daemon.
[[0;32m  OK  [0m] Started Authenticate and Authorize Users to Run Privileged Tasks.
[   15.563348] cloud-init[931]: |    .            |
[   15.591218] cloud-init[931]: |                 |
[   15.619239] [[0;32m  OK  [0m] Started Accounts Service.
[[0;32m  OK  [0m] Started Pollinate to seed the pseudo random number generator.
cloud-init[931]: +----[SHA256]-----+
[   15.657606] [[0;32m  OK  [0m] Started LSB: automatic crash report generation.
[[0;32m  OK  [0m] Started LSB: Set the CPU Frequency Scaling governor to "ondemand".
cloud-init[931]: Generating public/private dsa key pair.
[   15.670253] cloud-init[931]: Your identification has been saved in /etc/ssh/ssh_host_dsa_key.
[   15.698056]          cloud-initStarting OpenBSD Secure Shell server...[931]: 
Your public key has been saved in /etc/ssh/ssh_host_dsa_key.pub.
[   15.706358]          Starting Wait until snapd is fully seeded...
         Starting Terminate Plymouth Boot Screen...
         Starting Hold until boot process finishes up...
cloud-init[931]: The key fingerprint is:
[   15.770939] [cloud-init[0;32m  OK  [0m[931]: ] SHA256:rV98bKolpARTY3LJna+gYeWnIUVY47j5q5iC2xEStKU root@ubuntu-xenialStarted LSB: daemon to balance interrupts for SMP systems.

[   15.773280] [[0;32m  OK  [0m] Started Terminate Plymouth Boot Screen.
[[0;32m  OK  [0m] Started Hold until boot process finishes up.
[[0;32m  OK  [0m] Started OpenBSD Secure Shell server.
cloud-init[931]: The key's randomart image is:
[   15.901016]          Starting Set console scheme...
cloud-init[931]: +---[DSA 1024]----+
[   15.921366] [[0;32m  OK  [0m] Started Getty on tty1.
cloud-init[931]: | . .  .=Oo .     |
[   15.933482] cloud-init[931]: |. +   .B=oo      |
[[0;32m  OK  [0m] Started Serial Getty on ttyS0.
[[0;32m  OK  [0m] Reached target Login Prompts.
[[0;32m  OK  [0m] Started Set console scheme.
[   15.952044] cloud-init[931]: |.E    ++.  .     |
[   15.966677] cloud-init[931]: | .    +=+.. .    |
[   15.970173] cloud-init[931]: |. .  .o+S=o.     |
[   15.979796] cloud-init[931]: | . .  .o.+.. .   |
[   15.985844] cloud-init[931]: | ..     + . + +  |
[   15.989488] cloud-init[931]: |.... o   o + +   |
[   16.005273] cloud-init[931]: |....o ... o..    |
[   16.016338] cloud-init[931]: +----[SHA256]-----+
[   16.023414] cloud-init[931]: Generating public/private ecdsa key pair.
[   16.037728] cloud-init[931]: Your identification has been saved in /etc/ssh/ssh_host_ecdsa_key.
[   16.051199] cloud-init[931]: Your public key has been saved in /etc/ssh/ssh_host_ecdsa_key.pub.
[   16.060504] cloud-init[931]: The key fingerprint is:
[   16.065249] cloud-init[931]: SHA256:8chgkP12vn8f7IAjeWPEZc79mfUKCMuke859WMzMHYw root@ubuntu-xenial
[   16.082000] cloud-init[931]: The key's randomart image is:
[   16.105288] cloud-init[931]: +---[ECDSA 256]---+
[   16.116334] cloud-init[931]: |    .o           |
[   16.118855] cloud-init[931]: |    ...          |
[   16.121543] cloud-init[931]: |      o..    =   |
[   16.126738] cloud-init[931]: |     . oo+o E +  |
[   16.129450] cloud-init[931]: |       .So.B + o.|
[   16.132205] cloud-init[931]: |       + o+.B o *|
[   16.136278] cloud-init[931]: |      . oo.X.. =o|
[   16.146672] cloud-init[931]: |       o..* +.+..|
[   16.150931] cloud-init[931]: |      .oo .o...o.|
[   16.156203] cloud-init[931]: +----[SHA256]-----+
[   16.167876] cloud-init[931]: Generating public/private ed25519 key pair.
[   16.180880] cloud-init[931]: Your identification has been saved in /etc/ssh/ssh_host_ed25519_key.
[   16.192991] cloud-init[931]: Your public key has been saved in /etc/ssh/ssh_host_ed25519_key.pub.
[   16.207307] cloud-init[931]: The key fingerprint is:
[   16.220674] cloud-init[931]: SHA256:rvIwX0fV3v9XpmMHuD3PKy5/cXzdcm0dD1d0AolWqgY root@ubuntu-xenial
[   16.226297] cloud-init[931]: The key's randomart image is:
[   16.229050] cloud-init[931]: +--[ED25519 256]--+
[   16.238048] cloud-init[931]: |           ooo..o|
[   16.249366] [[0;32m  OK  [0m] Started Wait until snapd is fully seeded.
cloud-init[931]: |          o... .o|
         Starting Apply the settings specified in cloud-config...
[[0;32m  OK  [0m] Reached target Multi-User System.
[[0;32m  OK  [0m] Reached target Graphical Interface.
[   16.266499] cloud-init[931]: |      E  .. . . .|
         Starting Update UTMP about System Runlevel Changes...
[   16.285158] cloud-init[931]: |       . . . ..o.|
[   16.292210] cloud-init[931]: |        S .  ..+O|
[   16.294825] cloud-init[931]: |       o .  . o./|
[   16.298533] cloud-init[931]: |    o   o .  o B*|
[[0;32m  OK  [0m] Started Update UTMP about System Runlevel Changes.
[   16.307683] cloud-init[931]: |    .+ o . ...*o+|
[   16.315076] cloud-init[931]: |     o+     ++o**|
[   16.325032] cloud-init[931]: +----[SHA256]-----+
[[0;32m  OK  [0m] Created slice User Slice of vagrant.
         Starting User Manager for UID 1000...
[[0;32m  OK  [0m] Started Session 1 of user vagrant.
[[0;32m  OK  [0m] Started User Manager for UID 1000.
[   16.818935] cloud-init[1261]: Generating locales (this might take a while)...
[   18.070092] cloud-init[1261]:   en_US.UTF-8... done
[   18.072747] cloud-init[1261]: Generation complete.
[   18.535179] cloud-init[1261]: Cloud-init v. 18.3-9-g2e62cb8a-0ubuntu1~16.04.2 running 'modules:config' at Tue, 11 Sep 2018 15:31:19 +0000. Up 16.64 seconds.
[[0;32m  OK  [0m] Started Apply the settings specified in cloud-config.
         Starting Execute cloud user/final scripts...
         Stopping User Manager for UID 1000...
[[0;32m  OK  [0m] Stopped User Manager for UID 1000.
[[0;32m  OK  [0m] Removed slice User Slice of vagrant.
[[0;32m  OK  [0m] Created slice User Slice of vagrant.
         Starting User Manager for UID 1000...
[[0;32m  OK  [0m] Started User Manager for UID 1000.
[[0;32m  OK  [0m] Started Session 2 of user vagrant.
ci-info: no authorized ssh keys fingerprints found for user ubuntu.
<14>Sep 11 15:31:22 ec2: 
<14>Sep 11 15:31:22 ec2: #############################################################
<14>Sep 11 15:31:22 ec2: -----BEGIN SSH HOST KEY FINGERPRINTS-----
<14>Sep 11 15:31:22 ec2: 1024 SHA256:rV98bKolpARTY3LJna+gYeWnIUVY47j5q5iC2xEStKU root@ubuntu-xenial (DSA)
<14>Sep 11 15:31:22 ec2: 256 SHA256:8chgkP12vn8f7IAjeWPEZc79mfUKCMuke859WMzMHYw root@ubuntu-xenial (ECDSA)
<14>Sep 11 15:31:22 ec2: 256 SHA256:rvIwX0fV3v9XpmMHuD3PKy5/cXzdcm0dD1d0AolWqgY root@ubuntu-xenial (ED25519)
<14>Sep 11 15:31:22 ec2: 2048 SHA256:FuzB8FdSbBQJEKMC7wll3QF5CNOrBm1HRQO4UJGerzA root@ubuntu-xenial (RSA)
<14>Sep 11 15:31:22 ec2: -----END SSH HOST KEY FINGERPRINTS-----
<14>Sep 11 15:31:22 ec2: #############################################################
-----BEGIN SSH HOST KEY KEYS-----
ecdsa-sha2-nistp256 AAAAE2VjZHNhLXNoYTItbmlzdHAyNTYAAAAIbmlzdHAyNTYAAABBBAfHNJXPKN0h6XT8SLErjw1ZND92A5TgeYAb4YfgpTqj5oQbaqRCtyrsLye3+q0BDHA3EL+Jfwle3ut5kOaJFhU= root@ubuntu-xenial
ssh-ed25519 AAAAC3NzaC1lZDI1NTE5AAAAINUQzJ8W4KfVCs2uOTEcT9B5TT2n4F4LnplN1JHBxpFS root@ubuntu-xenial
ssh-rsa AAAAB3NzaC1yc2EAAAADAQABAAABAQCr1QKwQa9GlvKL6ikCfFiF083IDu5vGJpRZ5FFR5QRUTVcXew0QlyV+VvsGeojqdfXRCAwtjzXywHJIXh8Rx8gHtN/RNkgjfR/XjEsFsy4e5cuE4ucEKyOYjwuh/5mPxKZZFeI/eA2h0Sd/PG3AML/V3NUPV+psmyTQSS7Wsxic9GbmR1ZhRHgaueZBpwtxTu7CdEBvUhlpAcTTBlwWBkiXaC5S7JgJU3DmE27fQWh3BbLXMqHHdDweS0oFGqF1oUrfy59kK0wApvlMWnXiMpV2UjT0yvYw8kkcAkF55nOfKUfxGSA2fVihGLc1BW6T2W5QkWpnZpSjziBbRvRUgCj root@ubuntu-xenial
-----END SSH HOST KEY KEYS-----
[   19.845640] cloud-init[1478]: Cloud-init v. 18.3-9-g2e62cb8a-0ubuntu1~16.04.2 running 'modules:final' at Tue, 11 Sep 2018 15:31:22 +0000. Up 19.29 seconds.
[   19.868606] cloud-init[1478]: ci-info: no authorized ssh keys fingerprints found for user ubuntu.
[   19.887368] cloud-init[1478]: Cloud-init v. 18.3-9-g2e62cb8a-0ubuntu1~16.04.2 finished at Tue, 11 Sep 2018 15:31:22 +0000. Datasource DataSourceNoCloud [seed=/dev/sdb][dsmode=net].  Up 19.83 seconds
[[0;32m  OK  [0m] Started Execute cloud user/final scripts.
[[0;32m  OK  [0m] Reached target Cloud-init target.

Ubuntu 16.04.5 LTS ubuntu-xenial ttyS0

ubuntu-xenial login: 