[   0.000000] Initializing cgroup subsys cpuset
[    0.00000] Initializing cgrou subsys cpu
[    0.000000] Initializing cgroup subsys cpuacct
[    0.000000] Lnux version 4.4.0-134-generic (buildd@lgw01-amd64-033) (gccversion 5.4.0 20160609(Ubuntu 5.4.0-6ubuntu1~16.04.10) ) #160-Ubuntu SMP Wed Aug 15 14:58:00 UTC 2018 (Ubuntu 4.4.0-134.160-generic 4.4.140)
[    0.000000] Command line: BOOT_IMAGE=/boot/vmlinuz-4.4.0-134-generi root=LABEL=cloudimg-rootfs ro console=tty1 console=ttyS0
[    0.000000] KERNEL supported cpus:
[    0.000000]   Intel GenuineIntel
[    0.000000]   AMD AuthenticAMD
[    0.000000]   Centaur CentaurHauls
[    0.000000] x86/fpu: xstate_offset[2]:  576, xstate_sizes[2]:  256
[    0.000000] x86/fpu: Supporting XSAVE feature 0x01: 'x87 floating point registers'
[    0.000000] x86/fpu: Supporting XSAVE feature 0x02: 'SSE registers'
[    0.000000] x86/fpu: Supporting XSAVE feature 0x04: 'AVX registers'
[    0.000000] x86/fpu: Enabled xstate features 0x7, context size is 832 bytes, using 'standard' format.
[    0.000000] e820: BIOS-provided physical RAM map:
[    0.000000] BIOS-e820 [mem 0x00000000000000-0x000000000009fbff] usable
[    0.00000] BIOS-e820: [mem0x000000000009fc00-0x000000000009ffff] reserved
[    0.000000] BIOS-e820: [mem 0x00000000000f0000-0x00000000000fffff] reserved
[    0.000000] BIOS-e820 [mem 0x0000000000100000-0x000000003ffefff]usable
[    0.000000] BIOS-e820: [me 0x00000003fff0000-0x000000003fffffff] ACPI data
[    0.000000] BIOS-e820: [mem 0x00000000fec00000-0x00000000fec00fff] reserved
[    0.000000] BIOS-820[mem 0x00000000fee00000-0x00000000fee00fff] reserved
[    0.000000] BIOS-e820: [mem 0x00000000fffc0000-0x00000000fffffff] reserved
[    0.000000] NX (Execute Disable) protection: active
[    .000000] SMBIOS 2.5 present.
[    0.000000] Hypervisor detected: KVM
[    0.000000] e820: last_pfn = 0x3fff0 max_arch_pfn = 0x00000000
[    0.000000] MTRR: Disabled
[    0.000000] x86/PAT: MTRRs disabled, skipping PAT initialization too.
[    0.000000] CPU MTRRs all blank - virttualized system.
[    0.000000] x86/PAT: Configuration [0-7]: WB  WT  UC- UC  WB  WT  UC- UC  
[    0.000000] found SMP MP-table at [mem 0x0009fff0-0x0009ffff] mapped at [ffff88000009fff0]
[    0.000000] Scanning 1 areas for low memory corruption
[    0.000000] RAMDISK: [mem 0x3630c000-0x3717dfff]
    0.000000] ACPI: Early table checksm verification disabled
[    0000000] ACPI: RSDP 0x00000000000E0000 000024 (v02 VBOX  )
[    0000000 ACPI: XSDT 0x000000003FFF0030 00003C (v01 VBOX   VBOXXSDT 00000001 ASL  00000061)
[    0.00000] ACPI: FACP 0x000000003FFF00F0 0000F4 (v04 VBOX   VBOXFACP 00000001 ASL  0000061)
[    0.000000] ACP: DSDT 0x000000003FFF0470 0021FF (v02 VBOX   VBXBIOS 000000002 INTL 20100528)
[    0.000000] ACPI: FACS 0x00000003FFF0200 000040
[   0.000000] ACPI: FCS 0x000000003FFF0200 000040
[    0.000000] ACPI: APIC 0x00000003FF0240 00005C (v02 VBOX   VBOXAPIC 00000001 ASL  00000061)
[    0.000000] ACPI: SSDT 0x000000003FFF02A0 0001CC (v01 VBOX   VBOXCPUT 00000002 INTL 20100528)
[    0.000000] No NUMA configuration found
[    0.000000] Faking a node at [mem 0x0000000000000000-0x000000003ffeffff]
[    0.000000] NODE_TA(0) allocated [mem 0x3ffeb000-0x3ffeffff]
[    0.000000] kvm-clock: Using msrs 4b564d01 and 4b564d00
[    0.000000] kvm-clock: cpu 0, msr 0:3ffe3001, primary cpu clock
[    0.000000] kvm-clock: using sched offset of 4951577647 cycles
[    0.000000] clocksurce: kvm-clock: mask: 0xffffffffffffffff max_cycles: 0x1cd42e4dffb, max_idle_ns: 881590591483 ns
[    0.000000] Zone ranges:
[    0.000000]   DMA      [mem 0x0000000000001000-0x0000000000ffffff]
[    0.000000]   DMA3    [mem 0x0000000001000000-0x000000003ffeffff]
[    0.000000]   Normal   empty
[    0.000000]   Device   empty
[    0.000000] Movble zone start for each node
[    0.000000] Early memory node ranges
[    0.000000]   node   0: [mem 0x0000000000001000-0x000000000009efff]
[   0.000000]   node   0: [mem 0x0000000000100000-0x000000003ffeffff]
[    0.000000] Initmem setup node 0 [mem 0x0000000000001000-0x000000003ffeffff]
[    0.000000] ACPI: PM-Timer IO Port: 0x4008
[    0.000000] IOAPIC[0]: apic_id 2, version 32, address 0xfec00000, GSI 0-23
[    0.000000] ACPI: INT_SRC_OVR (bus 0 bus_irq 0 global_irq 2 dfl dfl)
[    0.000000] ACPI: INT_SRC_OVR (bus 0 bus_irq 9 global_irq 9 low level)
[    0.000000] Using ACPI (MADT) for SMP configuration information
[    0.000000] smpboot: Allowing 2 CPUs, 0 hotplug CPUs
[    0.000000] PM: Registered nosave memory: [mem 0x00000000-0x00000fff]
[    0.000000] PM: Registered nosave memory: [mem 0x0009f000-0x0009ffff]
[    0.000000] PM: Registered nosave memory: [mem 0x000a0000-0x000effff]
[    0.000000] PM: Registered nosave memory: [mem 0x000f0000-0x000fffff]
[    0.000000] e820: [mem 0x40000000-0xfebfffff] ailable fo PCI devices
[    0.000000] Booting paravirtualized kernelon KVM
[    .000000] clocksource: refined-jiffies: mask: 0xffffffff max_cycles: 0xfffffff, ma_idle_s: 7645519600211568 ns
[    0.000000] setuppercpu: NR_CPUS:512 nr_cpumask_bits:12 nr_cpu_ids:2 nr_node_ids:1
[   0.000000] PERCPU: Embedded 34 pages/cpu @ffff88003fc00000 s9544 r8192 d31528 u1048576
[    0.000000] PV qspinlock hash tble entries: 256 (order: 0, 4096 bytes)
[    0.00000] Built 1 zonelits inNode order, mobility groupng on.  Total pages: 257912
[   0.00000] Poicy zone: DMA32
    0.000000] rnel command line: BOOT_IMAGE=/bootvmlinuz-4.4.0-134-generic root=LABEL=cloudimg-rootfs ro console=tty1 console=ttyS0
[    0.000000 PID hash table etries: 4096 (order: 3, 32768 bytes)
[    .000000] Memoy: 997724K/104120K available (8554K kernel code, 1314K rwdata, 4004K rodata, 1516K init, 1316K bss, 50396K reserved, 0K cma-reserved)
[    0.000000] SLUB: HWalign=64, Order=0-3, MinObjects=0, CPUs=2, Nodes=1
[    0.000000] Kerne/User page tables isolation: enabled
[    0.00000] HierarchicalRCU implementation
[    0.000000] 	Buid-timeadjustment of leaf fanout to 64.
[    0.000000] 	RCU restricting CPUs from NR_CPUS=512 to nr_cpu_ids=2.
[    0.000000] RCU: Adjusting geometry for rcu_fanout_leaf=64, nr_cpu_ids=2
[    0.000000] NR_IR:33024 nr_irqs:40 16
[    0.000000] Console: colour VGA+ 80x25
[    0.000000] consle [tty1] enabled
[    0.000000] console [ttyS0] eabled
[    0.000000] tsc: Detected 1799.999 MHz processor
    1.842239] Calibrating delay loop (skipped) preset value.. 3599.99 BogoMIPS (lpj=7199996)
[    1.863806] pid_max: default: 32768 minimum: 301
[    1.874897] ACPI: Core revision 20150930
[    1.883467] ACPI: 2 ACPI AML tables successfully acquired and loaded
[    1.898212] Security Framework initialized
[    1.909020] Yama: becoming mindful.
[    1.925754] AppArmor: AppArmor initialized
[    1.937898] Dentry cache hash table entries: 131072 (order: 8, 1048576 bytes)
[    1.955865] Inode-cache hash table entries: 65536 (order: 7, 524288 bytes)
[    1.966165] Mount-cache hash table entries: 2048 (order: 2, 16384 bytes)
[    1.968558] Mountpoint-cache hash table entries: 2048 (order: 2, 16384 bytes)
[    1.971483] Initializing cgroup subsys io
[    1.973148] Initializing cgroup subsys memory
[    1.974784] Initializing cgroup subsys devices
[    1.976351] Initializing cgroup subsys freezer
[    1.978350] Initializing cgroup subsys net_cls
[    1.979910] Initializing cgroup subsys perf_event
[    1.981962] Initializing cgroup subsys net_prio
[    1.983876] Initializing cgroup subsys hugetlb
[    1.985723] Initializing cgroup subsys pids
[    1.988398] mce: CPU supports 0 MCE banks
[    1.989858] Last level iTLB entries: 4KB 64, 2MB 8, 4MB 8
[    1.991579] Last level dTLB entries: 4KB 64, 2MB 0, 4MB 0, 1GB 4
[    1.994113] Spectre V2 : Mitigation: Full generic retpoline
[    1.996374] Spectre V2 : Speculation control IBPB not-supported IBRS not-supported
[    1.999835] Speculative Store Bypass: Vulnerable
[    2.011955] Freeing SMP alternatives memory: 32K
[    2.032624] ftrace: allocating 32266 entries in 127 pages
[    2.121982] smpboot: APIC(0) Converting physical 0 to logical package 0
[    2.130037] smpboot: Max logical packages: 1
[    2.138535] x2apic enabled
[    2.149624] Switched APIC routing to physical x2apic.
[    2.163623] ..TIMER: vector=0x30 apic1=0 pin1=2 apic2=-1 pin2=-1
[    2.277685] smpboot: CPU0: Intel(R) Core(TM) i5-5350U CPU @ 1.80GHz (family: 0x6, model: 0x3d, stepping: 0x4)
[    2.307119] Performance Events: unsupported p6 CPU model 61 no PMU driver, software events only.
[    2.319320] KVM setup paravirtual spinlock
[    2.321715] x86: Booting SMP configuration:
[    2.334316] .... node  #0, CPUs:      #1
[    2.338895] kvm-clock: cpu 1, msr 0:3ffe3041, secondary cpu clock
[    2.343302] mce: CPU supports 0 MCE banks
[    2.346663] x86: Booted up 1 node, 2 CPUs
[    2.348517] smpboot: Total of 2 processors activated (7199.99 BogoMIPS)
[    2.355859] devtmpfs: initialized
[    2.360825] evm: security.selinux
[    2.363582] evm: security.SMACK64
[    2.370780] evm: security.SMACK64EXEC
[    2.374820] evm: security.SMACK64TRANSMUTE
[    2.380301] evm: security.SMACK64MMAP
[    2.387012] evm: security.ima
[    2.390073] evm: security.capability
[    2.391947] clocksource: jiffies: mask: 0xffffffff max_cycles: 0xffffffff, max_idle_ns: 7645041785100000 ns
[    2.399634] futex hash table entries: 512 (order: 3, 32768 bytes)
[    2.408069] pinctrl core: initialized pinctrl subsystem
[    2.415701] RTC time: 10:35:09, date: 09/13/18
[    2.417687] NET: Registered protocol family 16
[    2.434853] cpuidle: using governor ladder
[    2.450900] cpuidle: using governor menu
[    2.454797] PCCT header not found.
[    2.458690] ACPI: bus type PCI registered
[    2.463950] acpiphp: ACPI Hot Plug PCI Controller Driver version: 0.5
[    2.475114] PCI: Using configuration type 1 for base access
[    2.500728] ACPI: Added _OSI(Module Device)
[    2.512088] ACPI: Added _OSI(Processor Device)
[    2.516043] ACPI: Added _OSI(3.0 _SCP Extensions)
[    2.519013] ACPI: Added _OSI(Processor Aggregator Device)
[    2.522072] ACPI: Executed 1 blocks of module-level executable AML code
[    2.527128] ACPI: Interpreter enabled
[    2.528846] ACPI: (supports S0 S5)
[    2.536072] ACPI: Using IOAPIC for interrupt routing
[    2.540689] PCI: Using host bridge windows from ACPI; if necessary, use "pci=nocrs" and report a bug
[    2.561662] ACPI: PCI Root Bridge [PCI0] (domain 0000 [bus 00-ff])
[    2.574764] acpi PNP0A03:00: _OSC: OS supports [ASPM ClockPM Segments MSI]
[    2.579785] acpi PNP0A03:00: _OSC: not requesting OS control; OS requires [ExtendedConfig ASPM ClockPM MSI]
[    2.588180] acpi PNP0A03:00: fail to add MMCONFIG information, can't access extended PCI configuration space under this bridge.
[    2.616378] PCI host bridge to bus 0000:00
[    2.623088] pci_bus 0000:00: root bus resource [io  0x0000-0x0cf7 window]
[    2.636579] pci_bus 0000:00: root bus resource [io  0x0d00-0xffff window]
[    2.643972] pci_bus 0000:00: root bus resource [mem 0x000a0000-0x000bffff window]
[    2.659215] pci_bus 0000:00: root bus resource [mem 0x40000000-0xfdffffff window]
[    2.671817] pci_bus 0000:00: root bus resource [bus 00-ff]
[    2.679171] pci 0000:00:01.1: legacy IDE quirk: reg 0x10: [io  0x01f0-0x01f7]
[    2.692063] pci 0000:00:01.1: legacy IDE quirk: reg 0x14: [io  0x03f6]
[    2.698094] pci 0000:00:01.1: legacy IDE quirk: reg 0x18: [io  0x0170-0x0177]
[    2.703888] pci 0000:00:01.1: legacy IDE quirk: reg 0x1c: [io  0x0376]
[    2.732123] pci 0000:00:07.0: quirk: [io  0x4000-0x403f] claimed by PIIX4 ACPI
[    2.754214] pci 0000:00:07.0: quirk: [io  0x4100-0x410f] claimed by PIIX4 SMB
[    2.784468] ACPI: PCI Interrupt Link [LNKA] (IRQs 5 9 10 *11)
[    2.798613] ACPI: PCI Interrupt Link [LNKB] (IRQs 5 9 *10 11)
[    2.804462] ACPI: PCI Interrupt Link [LNKC] (IRQs 5 *9 10 11)
[    2.808891] ACPI: PCI Interrupt Link [LNKD] (IRQs 5 9 10 *11)
[    2.815043] ACPI: Enabled 2 GPEs in block 00 to 07
[    2.817462] vgaarb: setting as boot device: PCI:0000:00:02.0
[    2.819264] vgaarb: device added: PCI:0000:00:02.0,decodes=io+mem,owns=io+mem,locks=none
[    2.821921] vgaarb: loaded
[    2.822929] vgaarb: bridge control possible 0000:00:02.0
[    2.825131] SCSI subsystem initialized
[    2.826534] ACPI: bus type USB registered
[    2.827917] usbcore: registered new interface driver usbfs
[    2.829652] usbcore: registered new interface driver hub
[    2.831309] usbcore: registered new device driver usb
[    2.841231] PCI: Using ACPI for IRQ routing
[    2.845736] NetLabel: Initializing
[    2.856383] NetLabel:  domain hash size = 128
[    2.860741] NetLabel:  protocols = UNLABELED CIPSOv4
[    2.866900] NetLabel:  unlabeled traffic allowed by default
[    2.877300] amd_nb: Cannot enumerate AMD northbridges
[    2.880525] clocksource: Switched to clocksource kvm-clock
[    2.893380] AppArmor: AppArmor Filesystem Enabled
[    2.898322] pnp: PnP ACPI init
[   2.901106] pnp: PnP ACPI: found 3 devices

[    2.939146] clocksouce: api_pm: mask: 0xfffff max_cyles: 0xffffff, max_dle_ns: 085701024 ns
[    3.112912] NET: Registered protool family 2

[    3.140807] TCP established hash table entries: 8192 (orer: 4, 65536 byes)
[  3.23259] TCP bind hash tableentres: 8192 (order: 5, 131072 bytes)
[    3.357921] TCP: Hash tables configured (established 8192 bind 8192)
[    3.36107] UDP hash table entries: 512 (order: 2 1638 bytes)
[    3.439701] UDP-Lite hash table entries: 512 (order: 2, 16384 bytes)
[    3442448] NET: Registeed protocol family 1
[    3.49144] pci 0000:00:00.0: Limiting drect PCI/PC transfers
[    3.564763] ci 0000:00:01.0: Actvating IS DM hang workarounds
    3.662325] Unpacking initamfs...

[    3.949818] Freeing initrd memory: 14792K
[    3.967512] RAPL PMU detected, API unit is 2^-32 Joules, 4 fixed counters 10737418240 ms ovfl timer
[    3.971341] hw unit of domain pp0-core 2^-0 Joules
[    3.973187] hw unit of domain package 2^-0 Joules
[    4.004388] hw unit of domain dram 2^-0 Joules
[    4.009927] hw unit of domain pp1-gpu 2^-0 Joules
[    4.013301] platform rtc_cmos: registered platform RTC device (no PNP device found)
[    4.017757] Scanning for low memory corruption every 60 seconds
[    4.041775] audit: initializing netlink subsys (disabled)
[    4.053865] audit: type=2000 audit(1536834914.715:1): initialized
[    4.065959] Initialise system trusted keyring
[    4.077288] HugeTLB registered 2 MB page size, pre-allocated 0 pages
[    4.080652] zbud: loaded
[    4.086177] VFS: Disk quotas dquot_6.6.0
[    4.101865] VFS: Dquot-cache hash table entries: 512 (order 0, 4096 bytes)
[    4.115592] squashfs: version 4.0 (2009/01/31) Phillip Lougher
[    4.123618] fuse init (API version 7.23)
[    4.128314] Key type big_key registered
[    4.130131] Allocating IMA MOK and blacklist keyrings.
[    4.134351] Key type asymmetric registered
[    4.137430] Asymmetric key parser 'x509' registered
[    4.150012] Block layer SCSI generic (bsg) driver version 0.4 loaded (major 249)
[    4.191463] io scheduler noop registered
[    4.193108] io scheduler deadline registered (default)
[    4.210454] io scheduler cfq registered
[    4.214677] pci_hotplug: PCI Hot Plug PCI Core version: 0.5
[    4.218242] pciehp: PCI Express Hot Plug Controller Driver version: 0.4
[    4.228214] ACPI: AC Adapter [AC] (off-line)
[    4.234124] input: Power Button as /devices/LNXSYSTM:00/LNXPWRBN:00/input/input0
[    4.240101] ACPI: Power Button [PWRF]
[    4.242032] input: Sleep Button as /devices/LNXSYSTM:00/LNXSLPBN:00/input/input1
[    4.251708] ACPI: Sleep Button [SLPF]
[    4.253749] GHES: HEST is not enabled!
[    4.256706] Serial: 8250/16550 driver, 32 ports, IRQ sharing enabled
[    4.256774] ACPI: Battery Slot [BAT0] (battery present)
[    4.285670] 00:02: ttyS0 at I/O 0x3f8 (irq = 4, base_baud = 115200) is a 16550A
[    4.325827] Linux agpgart interface v0.103
[    4.334129] loop: module loaded
[    4.340234] scsi host0: ata_piix
[    4.342878] scsi host1: ata_piix
[    4.366988] ata1: PATA max UDMA/33 cmd 0x1f0 ctl 0x3f6 bmdma 0xd000 irq 14
[   .369755] ata: PATA max UMA/33 cmd 0x170 ctl 0x376 bmdma 0xd008 irq 15

[    4.470250] libphy: Fixed MDIO Bus: probed
[    4.473780] tun: Universal TUN/TAP device driver, 1.6
[    4.476017] tun: (C) 1999-2004 Max Krasnyansky <maxk@qualcomm.com>
[    4.478688] PPP generic driver version 2.4.2
[    4.480716] ehci_hcd: USB 2.0 'Enhanced' Host Controller (EHCI) Driver
[    4.483349] ehci-pci: EHCI PCI platform driver
[    4.485263] ehci-platform: EHCI generic platform driver
[    4.487417] ohci_hcd: USB 1.1 'Open' Host Controller (OHCI) Driver
[    4.489926] ohci-pci: OHCI PCI platform driver
[    4.491816] ohci-platform: OHCI generic platform driver
[    4.494437] uhci_hcd: USB Universal Host Controller Interface driver
[    4.505984] i8042: PNP: PS/2 Controller [PNP0303:PS2K,PNP0f03:PS2M] at 0x60,0x64 irq 1,12
[    4.515772] serio: i8042 KBD port at 0x60,0x64 irq 1
[    4.529615] serio: i8042 AUX port at 0x60,0x64 irq 12
[    4.538160] mousedev: PS/2 mouse device common for all mice
[    4.546440] input: AT Translated Set 2 keyboard as /devices/platform/i8042/serio0/input/input2
[    4.553389] rtc_cmos rtc_cmos: rtc core: registered rtc_cmos as rtc0
[    4.553480] rtc_cmos rtc_cmos: alarms up to one day, 114 bytes nvram
[    4.553491] i2c /dev entries driver
[    4.553572] device-mapper: uevent: version 1.0.3
[    4.553650] device-mapper: ioctl: 4.34.0-ioctl (2015-10-28) initialised: dm-devel@redhat.com
[    4.553671] ledtrig-cpu: registered to indicate activity on CPUs
[    4.557273] NET: Registered protocol family 10
[    4.557416] NET: Registered protocol family 17
[    4.557429] Key type dns_resolver registered
[    4.557666] registered taskstats version 1
[    4.557678] Loading compiled-in X.509 certificates
[    4.558319] Loaded X.509 cert 'Build time autogenerated kernel key: 4eb3d024ac16f76c1747ffd474694c84db21038b'
[    4.558336] zswap: loaded using pool lzo/zbud
[    4.559800] Key type trusted registered
[    4.562428] Key type encrypted registered
[    4.562435] AppArmor: AppArmor sha1 policy hashing enabled
[    4.562439] ima: No TPM chip found, activating TPM-bypass!
[    4.562444] ima: Allocated hash algorithm: sha1
[    4.562457] evm: HMAC attrs: 0x1
[    4.562977]   Magic number: 2:85:578
[    4.562998] platform pcspkr: hash matches
[    4.563556] rtc_cmos rtc_cmos: setting system clock to 2018-09-13 10:35:11 UTC (1536834911)
[    4.563641] BIOS EDD facility v0.16 2004-Jun-25, 0 devices found
[    4.563641] EDD information not available.
[    4.725543] Freeing unused kernel memory: 1516K
[    4.753085] Write protecting the kernel read-only data: 14336k
[    4.760385] Freeing unused kernel memory: 1672K
[    4.777456] Freeing unused kernel memory: 92K
Loading, please wait...
starting version[    4.811646] random: systemd-udevd: uninitialized urandom read (16 bytes read, 5 bits of entropy available)
 229
[    4.812451] random: udevadm: uninitialized urandom read (16 bytes read, 5 bits of entropy available)
[    4.812477] random: udevadm: uninitialized urandom read (16 bytes read, 5 bits of entropy available)
[    4.822448] random: udevadm: uninitialized urandom read (16 bytes read, 5 bits of entropy available)
[    4.822510] random: udevadm: uninitialized urandom read (16 bytes read, 5 bits of entropy available)
[    4.822719] random: udevadm: uninitialized urandom read (16 bytes read, 5 bits of entropy available)
[    4.822801] random: udevadm: uninitialized urandom read (16 bytes read, 5 bits of entropy available)
[    4.822878] random: udevadm: uninitialized urandom read (16 bytes read, 5 bits of entropy available)
[    4.822941] random: udevadm: uninitialized urandom read (16 bytes read, 5 bits of entropy available)
[    4.822988] random: udevadm: uninitialized urandom read (16 bytes read, 5 bits of entropy available)
[    4.953852] e1000: Intel(R) PRO/1000 Network Driver - version 7.3.21-k8-NAPI
[    4.956652] e1000: Copyright (c) 1999-2006 Intel Corporation.
[    4.964905] Fusion MPT base driver 3.04.20
[    4.966835] Copyright (c) 1999-2008 LSI Corporation
[    4.973389] Fusion MPT SPI Host driver 3.04.20
[    4.981977] AVX2 version of gcm_enc/dec engaged.
[    4.983665] AES CTR mode by8 optimization enabled
[    5.012606] tsc: Refined TSC clocksource calibration: 1800.060 MHz
[    5.014697] clocksource: tsc: mask: 0xffffffffffffffff max_cycles: 0x19f2623209c, max_idle_ns: 440795216488 ns
[    5.172973] input: ImExPS/2 Generic Explorer Mouse as /devices/platform/i8042/serio1/input/input4
[    5.380319] e1000 0000:00:03.0 eth0: (PCI:33MHz:32-bit) 02:1d:76:b3:3c:fe
[    5.383123] e1000 0000:00:03.0 eth0: Intel(R) PRO/1000 Network Connection
[    5.836186] e1000 0000:00:08.0 eth1: (PCI:33MHz:32-bit) 08:00:27:a5:ab:12
[    5.857171] e1000 0000:00:08.0 eth1: Intel(R) PRO/1000 Network Connection
[    5.860525] mptbase: ioc0: Initiating bringup
[    5.860982] e1000 0000:00:08.0 enp0s8: renamed from eth1
[    5.883378] e1000 0000:00:03.0 enp0s3: renamed from eth0
[    5.947681] ioc0: LSI53C1030 A0: Capabilities={Initiator}
[    6.512191] scsi host2: ioc0: LSI53C1030 A0, FwRev=00000000h, Ports=1, MaxQ=256, IRQ=20
[    7.167681] scsi 2:0:0:0: Direct-Access     VBOX     HARDDISK         1.0  PQ: 0 ANSI: 5
[    7.178657] scsi target2:0:0: Beginning Domain Validation
[    7.202610] scsi target2:0:0: Domain Validation skipping write tests
[    7.221652] scsi target2:0:0: Ending Domain Validation
[    7.228576] scsi target2:0:0: asynchronous
[    7.231292] scsi 2:0:1:0: Direct-Access     VBOX     HARDDISK         1.0  PQ: 0 ANSI: 5
[    7.245609] scsi target2:0:1: Beginning Domain Validation
[    7.260712] scsi target2:0:1: Domain Validation skipping write tests
[    7.263329] scsi target2:0:1: Ending Domain Validation
[    7.352561] scsi target2:0:1: asynchronous
[    7.368127] sd 2:0:0:0: Attached scsi generic sg0 type 0
[    7.370069] sd 2:0:0:0: [sda] 20971520 512-byte logical blocks: (10.7 GB/10.0 GiB)
[    7.393438] sd 2:0:1:0: Attached scsi generic sg1 type 0
[    7.398112] sd 2:0:1:0: [sdb] 20480 512-byte logical blocks: (10.5 MB/10.0 MiB)
[    7.398333] sd 2:0:0:0: [sda] Write Protect is off
[    7.398537] sd 2:0:0:0: [sda] Incomplete mode parameter data
[    7.398539] sd 2:0:0:0: [sda] Assuming drive cache: write through
[    7.408114]  sda: sda1
[    7.409602] sd 2:0:0:0: [sda] Attached SCSI disk
[    7.442848] sd 2:0:1:0: [sdb] Write Protect is off
[    7.446905] sd 2:0:1:0: [sdb] Incomplete mode parameter data
[    7.462375] sd 2:0:1:0: [sdb] Assuming drive cache: write through
[    7.473830] sd 2:0:1:0: [sdb] Attached SCSI disk
Begin: Loading essential drivers ... [    8.919274] md: linear personality registered for level -1
[    8.925896] md: multipath personality registered for level -4
[    8.940495] md: raid0 personality registered for level 0
[    8.947503] md: raid1 personality registered for level 1
[    9.026773] raid6: sse2x1   gen()  7503 MB/s
[    9.092581] raid6: sse2x1   xor()  6401 MB/s
[    9.172792] raid6: sse2x2   gen() 10982 MB/s
[    9.248875] raid6: sse2x2   xor()  7155 MB/s
[    9.324674] raid6: sse2x4   gen() 12216 MB/s
[    9.407429] raid6: sse2x4   xor()  8979 MB/s
[    9.480835] raid6: avx2x1   gen() 17138 MB/s
[    9.557535] raid6: avx2x2   gen() 21916 MB/s
[    9.631357] raid6: avx2x4   gen() 23700 MB/s
[    9.638566] raid6: using algorithm avx2x4 gen() 23700 MB/s
[    9.640697] raid6: using avx2x2 recovery algorithm
[    9.644955] xor: automatically using best checksumming function:
[    9.684790]    avx       : 26965.000 MB/sec
[    9.688320] async_tx: api initialized (async)
[    9.698250] md: raid6 personality registered for level 6
[    9.700492] md: raid5 personality registered for level 5
[    9.702934] md: raid4 personality registered for level 4
[    9.711082] md: raid10 personality registered for level 10
done.
Begin: Running /scripts/init-premount ... done.
Begin: Mounting root file system ... Begin: Running /scripts/local-top ... done.
Begin: Running /scripts/local-premount ... [    9.751902] Btrfs loaded
Scanning for Btrfs filesystems
done.
Warning: fsck not present, so skipping root file system
[    9.814155] EXT4-fs (sda1): mounted filesystem with ordered data mode. Opts: (null)
done.
Begin: Running /scripts/local-bottom ... done.
Begin: Running /scripts/init-bottom ... done.
[   10.043629] systemd[1]: systemd 229 running in system mode. (+PAM +AUDIT +SELINUX +IMA +APPARMOR +SMACK +SYSVINIT +UTMP +LIBCRYPTSETUP +GCRYPT +GNUTLS +ACL +XZ -LZ4 +SECCOMP +BLKID +ELFUTILS +KMOD -IDN)
[   10.081622] systemd[1]: Detected virtualization oracle.
[   10.092569] systemd[1]: Detected architecture x86-64.

Welcome to [1mUbuntu 16.04.5 LTS[0m!

[   10.133589] systemd[1]: Set hostname to <ubuntu>.
[   10.144164] systemd[1]: Initializing machine ID from random generator.
[   10.152731] systemd[1]: Installed transient /etc/machine-id file.
[   0.526646] systemd[1]: Reached target System Time Synchronized.
[[0;32m  OK  [0m] Reached target System Time Synchronized.
[   10.560339] systemd[1]: Created slice User and Session Slice.
[[0;32m  OK  [0m] Created slice User and Session Slice.
[   11.019851] systemd[1]: Started Forward Password Requests to Wall Directory Watch.
[[0;32m  OK  [0m] Started Forward Password Requests to Wall Directory Watch.
[   11.026830] systemd[1]: Reached target User and Group Name Lookups.
[[0;32m  OK  [0m] Reached target User and Group Name Lookups.
[   11.033137] systemd[1]: Listening on Journal Socket (/dev/log).
[[0;32m  OK  [0m] Listening on Journal Socket (/dev/log).
[   11.154640] systemd[1]: Listening on Journal Audit Socket.
[[0;32m  OK  [0m] Listening on Journal Audit Socket.
[   11.192808 systemd[1]: Listening on Journa Socket.
[[0;32m  OK  [0m] Listening on Journal Socket.
[  11.352747] systemd[1]: Rached target Encrypte Volumes.
[[0;32m  OK  [0m] Reached target Encrypted Volumes.
[   11.530089] systemd[1]: reatd slice ystem Slice.
[[0;32m  OK  [0m] Created slice System Slice.
[   12.023054] systemd[1]: Reaced target Slices.
[[0;32m  OK  [0m] Reached target Slices.
[   12.165460] systemd[1]: Mounting POSIX Message Queue File System...
         Mounting POSIX Message Queue File System...
[   12.202820] systemd[1]: Starting Create list of required static device nodes for the current kernel...
         Starting Create list of required st... nodes for the current kernel...
[   12.222159] systemd[1]: Starting Load Kernel Modules...
         Starting Load Ke[   12.237952] Loading iSCSI transport class v2.0-870.
rnel Modules...
[   12.263061] iscsi: registered transport (tcp)
[   12.264898] systemd[1]: Mounting Huge Pages File System...
         Mounting Huge Pages File System...
[   12.288396] systemd[1]: Set up automount Arbitrary Executable File Formats File System Automount Point.
[[0;32m  OK  [0m] Set up automount Arbitrary Executab...ats File System Automount Point.
[   12.321474] systemd[1]: Listening on udev Kernel Socket.
[[0;32m  OK  [0[   12.371314] random: nonblocking pool is initialized
m] Listening on udev Kernel Socket.
[   12.402716] systemd[1]: Listening on /dev/initctl Compatibility Named Pipe.
[[0;32m  OK  [0m] Listening on /dev/initctl Compatibility Named Pipe.
[   12.413775] iscsi: registered transport (iser)
[   12.413934] systemd[1]: Listening on Syslog Socket.
[[0;32m  OK  [0m] Listening on Syslog Socket.
[   12.457141] systemd[1]: Starting Journal Service...
         Starting Journal Service...
[   12.470421] systemd[1]: Starting Remount Root and Kernel File Systems...
         Starting Remount Root and Kernel File Systems...
[   12.488255] EXT4-fs (sda1): re-mounted. Opts: (null)
[   12.490801] systemd[1]: Listening on LVM2 poll daemon socket.
[[0;32m  OK  [0m] Listening on LVM2 poll daemon socket.
[   12.509533] systemd[1]: Mounting Debug File System...
         Mounting Debug File System...
[   12.520799] systemd[1]: Listening on Device-mapper event daemon FIFOs.
[[0;32m  OK  [0m] Listening on Device-mapper event daemon FIFOs.
[   12.527197] systemd[1]: Reached target Swap.
[[0;32m  OK  [0m] Reached target Swap.
[   12.531666] systemd[1]: Listening on LVM2 metadata daemon socket.
[[0;32m  OK  [0m] Listening on LVM2 metadata daemon socket.
[   12.49434] systemd[1]: Stared Trigger reolvconf udate for networkd DNS.

[[0;32m  OK  [0m] Started Trigger resolvconf update for networkd DNS.
[   12.700976] systemd[1]: Starting Nameserver information manager...
         Starting Nameserver information manager...
[   12.718197] systemd[1]: Starting Uncomplicated firewall...
         Starting Uncomplicated firewall...
[   12.745372] systemd[1]: Starting Monitoring of LVM2 mirrors, snapshots etc. using dmeventd or progress polling...
         Starting Monitoring of LVM2 mirrors... dmeventd or progress polling...
[   12.791892] systemd[1]: Created slice system-serial\x2dgetty.slice.
[[0;32m  OK  [0m] Created slice system-serial\x2dgetty.slice.
[   12.803785] systemd[1]: Listening on udev Control Socket.
[[0;32m  OK  [0m] Listening on udev Control Socket.
[   12.829627] systemd[1]: Starting Set console keymap...
         Starting Set console keymap...
[   12.843583] systemd[1]: Mounted Debug File System.
[[0;32m  OK  [0m] Mounted Debug File System.
[   12.857366] systemd[1]: Mounted Huge Pages File System.
[[0;32m  OK  [0m] Mounted Huge Pages File System.
[   12.861954] systemd[1]: Mounted POSIX Message Queue File System.
[[0;32m  OK  [0m] Mounted POSIX Message Queue File System.
[   12.867036] systemd[1]: Started Journal Service.
[[0;32m  OK  [0m] Started Journal Service.
[[0;32m  OK  [0m] Started Create list of required sta...ce nodes for the current kernel.
[[0;32m  OK  [0m] Started Load Kernel Modules.
[[0;32m  OK  [0m] Started Remount Root and Kernel File Systems.
[[0;32m  OK  [0m] Started Uncomplicated firewall.
[[0;32m  OK  [0m] Started Set console keymap.
[[0;32m  OK  [0m] Started Nameserver information manager.
[[0;32m  OK  [0m] Started LVM2 metadata daemon.
         Starting udev Coldplug all Devices...
         Starting Load/Save Random Seed...
         Mounting FUSE Control File System...
         Starting Apply Kernel Variables...
         Starting Create Static Device Nodes in /dev...
         Starting Flush Journal to Persistent Storage...
[[0;32m  OK  [0m] Mounted FUSE Control File System.
[[0;32m  OK  [0m] Started Load/Save Random Seed.
[[0;32m  OK  [0m] Started Apply Kernel Variables.
[[0;32m  OK  [0m] Started Create Static Device Nodes in /dev.
[[0;32m  OK  [0m] Started Monitoring of LVM2 mirrors,...ng dmeventd or progress polling.
[[0;32m  OK  [0m] Started Flush Journal to Persistent Storage.
[[0;32m  OK  [0m] Started udev Coldplug all Devices.
         Starting udev Kernel Device Manager...
[[0;32m  OK  [0m] Started udev Kernel Device Manager.
[[0;32m  OK  [0m] Started Dispatch Password Requests to Console Directory Watch.
[[0;32m  OK  [0m] Reached target Local File Systems (Pre).
[[0;32m  OK  [0m] Reached target Local File Systems.
         Starting Create Volatile Files and Directories...
         Starting Set console font and keymap...
         Starting LSB: AppArmor initialization...
         Starting Tell Plymouth To Write Out Runtime Data...
         Starting Commit a transient machine-id on disk...
         Starting Initial cloud-init job (pre-networking)...
[[0;32m  OK  [0m] Started Create Volatile Files and Directories.
[[0;32m  OK  [0m] Started Tell Plymouth To Write Out Runtime Data.
[[0;32m  OK  [0m] Started Commit a transient machine-id on disk.
         Starting Update UTMP about System Boot/Shutdown...
[[0;32m  OK  [0m] Started Update UTMP about System Boot/Shutdown.
[[0;32m  OK  [0m] Found device /dev/ttyS0.
[[0;32m  OK  [0m] Listening on Load/Save RF Kill Switch Status /dev/rfkill Watch.
[[0;32m  OK  [0m] Started LSB: AppArmor initialization.
[   12.774075] cloud-init[501]: Cloud-init v. 18.3-9-g2e62cb8a-0ubuntu1~16.04.2 running 'init-local' at Thu, 13 Sep 2018 10:35:21 +0000. Up 12.28 seconds.
[[0;32m  OK  [0m] Started Set console font and keymap.
[[0;32m  OK  [0m] Started Initial cloud-init job (pre-networking).
[[0;32m  OK  [0m] Reached target Network (Pre).
         Starting Raise network interfaces...
[[0;32m  OK  [0m] Created slice system-getty.slice.
[[0;32m  OK  [0m] Started Raise network interfaces.
         Starting Initial cloud-init job (metadata service crawler)...
[[0;32m  OK  [0m] Reached target Network.
[   14.874750] cloud-init[939]: Cloud-init v. 18.3-9-g2e62cb8a-0ubuntu1~16.04.2 running 'init' at Thu, 13 Sep 2018 10:35:22 +0000. Up 13.71 seconds.
[   14.880489] cloud-init[939]: ci-info: ++++++++++++++++++++++++++++++++++++++Net device info+++++++++++++++++++++++++++++++++++++++
[   14.887926] cloud-init[939]: ci-info: +--------+-------+----------------------------+---------------+--------+-------------------+
[   14.909806] cloud-init[939]: ci-info: | Device |   Up  |          Address           |      Mask     | Scope  |     Hw-Address    |
[   14.932065] cloud-init[939]: ci-info: +--------+-------+----------------------------+---------------+--------+-------------------+
[   14.936679] cloud-init[939]: ci-info: | enp0s3 |  True |         10.0.2.15          | 255.255.255.0 | global | 02:1d:76:b3:3c:fe |
[   14.944119] cloud-init[939]: ci-info: | enp0s3 |  True | fe80::1d:76ff:feb3:3cfe/64 |       .       |  link  | 02:1d:76:b3:3c:fe |
[   14.955474] cloud-init[939]: ci-info: | enp0s8 | False |             .              |       .       |   .    | 08:00:27:a5:ab:12 |
[   14.961863] cloud-init[939]: ci-info: |   lo   |  True |         127.0.0.1          |   255.0.0.0   |  host  |         .         |
[   14.962416] cloud-init[939]: ci-info: |   lo   |  True |          ::1/128           |       .       |  host  |         .         |
[[0;32m  OK  [0m] Started Initial cloud-init job (metadata service crawler).
[   14.964049] cloud-init[939]: ci-info: +--------+-------+----------------------------+---------------+--------+-------------------+
[   15.078585] cloud-init[939]: ci-info: +++++++++++++++++++++++++++Route IPv4 info++++++++++++++++++++++++++++
[   15.079342] cloud-init[939]: ci-info: +-------+-------------+----------+---------------+-----------+-------+
[[0;32m  OK  [0m] Reached target Network is Online.
[   15.082216] cloud-init[939]: ci-info: | Route | Destination | Gateway  |    Genmask    | Interface | Flags |
[   15.098637] cloud-init[939]: ci-info: +-------+-------------+----------+---------------+-----------+-------+
[   15.102692] cloud-init[939]: ci-info: |   0   |   0.0.0.0   | 10.0.2.2 |    0.0.0.0    |   enp0s3  |   UG  |
[   15.107043] cloud-init[939]: ci-info: |   1   |   10.0.2.0  | 0.0.0.0  | 255.255.255.0 |   enp0s3  |   U   |
         [   15.129184] Starting iSCSI initiator daemon (iscsid)...cloud-init
[939]: ci-info: +-------+-------------+----------+---------------+-----------+-------+
[   15.168708] cloud-init[939]: ci-info: +++++++++++++++++++Route IPv6 info+++++++++++++++++++
[[0;32m  OK  [0m] Reached target Cloud-config availability.
[   15.171200] cloud-init[939]: ci-info: +-------+-------------+---------+-----------+-------+
[[0;32m  OK  [0m] Reached target System Initialization.
[   15.185221] cloud-init[939]: ci-info: | Route | Destination | Gateway | Interface | Flags |
         [   15.239213] cloud-init[939]: ci-info: +-------+-------------+---------+-----------+-------+
[   15.240600] cloud-init[939]: ci-info: |   0   |  fe80::/64  |    ::   |   enp0s3  |   U   |
[   15.243721] cloud-init[939]: ci-info: |   3   |   ff00::/8  |    ::   |   enp0s3  |   U   |
[   15.243826] cloud-init[939]: ci-info: +-------+-------------+---------+-----------+-------+
[   15.248251] cloud-init[939]: Generating public/private rsa key pair.
[   15.248326] cloud-init[939]: Your identification has been saved in /etc/ssh/ssh_host_rsa_key.
[   15.248386] cloud-init[939]: Your public key has been saved in /etc/ssh/ssh_host_rsa_key.pub.
[   15.248449] cloud-init[939]: The key fingerprint is:
[   15.248508] cloud-init[939]: SHA256:YhJZEvGg6wNb1mtJCTtGHk4sE+S7oyfJse2Y6tofBIM root@ubuntu-xenial
[   15.248569] cloud-init[939]: The key's randomart image is:
[   15.248629] cloud-init[939]: +---[RSA 2048]----+
[   15.248684] cloud-init[939]: |o.  =o.          |
[   15.248740] cloud-init[939]: |.+ . *           |
[   15.248797] cloud-init[939]: |E.X o .          |
[   15.248856] cloud-init[939]: | B.O o           |
[   15.248912] cloud-init[939]: |..X * o S        |
[   15.248971] cloud-init[939]: | O.+ = .         |
[   15.249031] cloud-init[939]: |o+* =            |
[   15.249096] cloud-init[939]: |++=+ .           |
[   15.249156] cloud-init[939]: |B*oo.            |
[   15.249213] cloud-init[939]: +----[SHA256]-----+
[   15.249268] cloud-init[939]: Generating public/private dsa key pair.
[   15.249325] cloud-init[939]: Your identification has been saved in /etc/ssh/ssh_host_dsa_key.
[   15.249383] cloud-init[939]: Your public key has been saved in /etc/ssh/ssh_host_dsa_key.pub.
Starting LXD - unix socket.
[   15.249438] cloud-init[939]: The key fingerprint is:
[[   15.764690] cloud-init[939]: SHA256:0L/fWjiH2HZHijOFn4HGHQKQUwQHeSwt3gunW5EGXbM root@ubuntu-xenial
[   15.765979] cloud-init[939]: The key's randomart image is:
[   15.769737] cloud-init[939]: +---[DSA 1024]----+
[   15.770775] cloud-init[939]: |        +%=.o    |
[0;32m  OK  [0m] Started Daily apt download activities.
[   15.772838] cloud-init[939]: |       .B.=. o   |
[   15.849182] cloud-init[939]: |      ...B .E .  |
[   15.851549] cloud-init[939]: |       .o.*. = . |
[   15.851626] cloud-init[939]: |        S=.o= + .|
[   15.851704] cloud-init[939]: |        . o= * = |
[   15.853334] cloud-init[939]: |         oo X B .|
[   15.853421] cloud-init[939]: |        .  o O . |
[   15.853489] cloud-init[939]: |            o..  |
[   15.853555] cloud-init[939]: +----[SHA256]-----+
[[0;32m  OK  [0m] Started Daily apt upgrade and clean activities.
[   15.853619] cloud-init[939]: Generating public/private ecdsa key pair.
[   16.092620] cloud-init[939]: Your identification has been saved in /etc/ssh/ssh_host_ecdsa_key.
[   16.094628] cloud-init[939]: Your public key has been saved in /etc/ssh/ssh_host_ecdsa_key.pub.
[   16.095936] cloud-init[939]: The key fingerprint is:
[   16.099913] cloud-init[939]: SHA256:2tYb4984+I0iIhQJ6LB5eu0eBb6dboOHmreWbCsBbCI root@ubuntu-xenial
[   16.102163] cloud-init[939]: The key's randomart image is:
[   16.103305] cloud-init[939]: +---[ECDSA 256]---+
[   16.105052] cloud-init[939]: | .               |
[   16.106220] cloud-init[939]: |o .              |
[   16.111112] cloud-init[939]: |+o ...           |
[   16.113245] cloud-init[939]: |E+..o.           |
[   16.115300] cloud-init[939]: |++ .... S        |
[   16.116644] cloud-init[939]: |. o o+ + .       |
[   16.118154] cloud-init[939]: | . =o++ o +.     |
[   16.119203] cloud-init[939]: |  ..@o=...o+.=   |
[   16.120364] cloud-init[939]: |  oB+*.o .o+=.o  |
[   16.121509] cloud-init[939]: +----[SHA256]-----+
[   16.122695] cloud-init[939]: Generating public/private ed25519 key pair.
[   16.123877] cloud-init[939]: Your identification has been saved in /etc/ssh/ssh_host_ed25519_key.
[   16.125072] cloud-init[939]: Your public key has been saved in /etc/ssh/ssh_host_ed25519_key.pub.
[   16.126367] cloud-init[939]: The key fingerprint is:
[   16.127665] cloud-init[939]: SHA256:8J7JdH9sHDrwFNOgZZKW2K2Wo4+H22aqc4f2M5ZO6hU root@ubuntu-xenial
[   16.129956] cloud-init[939]: The key's randomart image is:
[   16.132465] cloud-init[939]: +--[ED25519 256]--+
[   16.133715] cloud-init[939]: |         o.++    |
[   16.135103] cloud-init[939]: |        . ==.o   |
[   16.136936] cloud-init[939]: |      .  ..oo .  |
[   16.137777] cloud-init[939]: |       o  =  o   |
[   16.139153] cloud-init[939]: |        SoE.. .  |
[   16.140702] cloud-init[939]: |       +.+ * + . |
[   16.142425] cloud-init[939]: |        ==o.= =  |
[   16.143966] cloud-init[939]: |      . *=@  +   |
[   16.147118] cloud-init[939]: |      .*=@+o     |
[   16.148916] cloud-init[939]: +----[SHA256]-----+
[[0;32m  OK  [0m] Started ACPI Events Check.
[[0;32m  OK  [0m] Reached target Paths.
[[0;32m  OK  [0m] Listening on ACPID Listen Socket.
[[0;32m  OK  [0m] Listening on UUID daemon activation socket.
[[0;32m  OK  [0m] Started Daily Cleanup of Temporary Directories.
[[0;32m  OK  [0m] Reached target Timers.
[[0;32m  OK  [0m] Listening on D-Bus System Message Bus Socket.
         Starting Socket activation for snappy daemon.
[[0;32m  OK  [0m] Listening on LXD - unix socket.
[[0;32m  OK  [0m] Listening on Socket activation for snappy daemon.
[[0;32m  OK  [0m] Started iSCSI initiator daemon (iscsid).
         Starting Login to default iSCSI targets...
[[0;32m  OK  [0m] Reached target Sockets.
[[0;32m  OK  [0m] Reached target Basic System.
         Starting LSB: Record successful boot for GRUB...
         Starting Virtualbox guest utils...
         Starting Login Service...
         Starting System Logging Service...
         Starting LSB: MD monitoring daemon...
         Starting Accounts Service...
[[0;32m  OK  [0m] Started ACPI event daemon.
[[0;32m  OK  [0m] Started Regular background program processing daemon.
[[0;32m  OK  [0m] Started FUSE filesystem for LXC.
[[0;32m  OK  [0m] Started Unattended Upgrades Shutdown.
         Starting LXD - container startup/shutdown...
         Starting /etc/rc.local Compatibility...
[[0;32m  OK  [0m] Started Deferred execution scheduler.
         Starting Pollinate to seed the pseudo random number generator...
[[0;32m  OK  [0m] Started D-Bus System Message Bus.
         Starting Snappy daemon...
[[0;32m  OK  [0m] Started System Logging Service.
[[0;32m  OK  [0m] Started LXD - container startup/shutdown.
[[0;32m  OK  [0m] Started /etc/rc.local Compatibility.
[[0;32m  OK  [0m] Started Login to default iSCSI targets.
[[0;32m  OK  [0m] Started LSB: Record successful boot for GRUB.
[[0;32m  OK  [0m] Started LSB: MD monitoring daemon.
[[0;32m  OK  [0m] Started Login Service.
         Starting Authenticate and Authorize Users to Run Privileged Tasks...
[[0;32m  OK  [0m] Reached target Remote File Systems (Pre).
[[0;32m  OK  [0m] Reached target Remote File Systems.
         Starting Permit User Sessions...
         Starting LSB: automatic crash report generation...
         Starting LSB: Set the CPU Frequency Scaling governor to "ondemand"...
         Starting LSB: daemon to balance interrupts for SMP systems...
[[0;32m  OK  [0m] Started Virtualbox guest utils.
[[0;32m  OK  [0m] Started Permit User Sessions.
[[0;32m  OK  [0m] Started Snappy daemon.
[[0;32m  OK  [0m] Started Authenticate and Authorize Users to Run Privileged Tasks.
[[0;32m  OK  [0m] Started Accounts Service.
[[0;32m  OK  [0m] Started LSB: Set the CPU Frequency Scaling governor to "ondemand".
         Starting Wait until snapd is fully seeded...
         Starting Hold until boot process finishes up...
         Starting Terminate Plymouth Boot Screen...
[[0;32m  OK  [0m] Started LSB: automatic crash report generation.
[[0;32m  OK  [0m] Started LSB: daemon to balance interrupts for SMP systems.
[[0;32m  OK  [0m] Started Hold until boot process finishes up.
[[0;32m  OK  [0m] Started Terminate Plymouth Boot Screen.
[[0;32m  OK  [0m] Started Getty on tty1.
[[0;32m  OK  [0m] Started Serial Getty on ttyS0.
[[0;32m  OK  [0m] Reached target Login Prompts.
         Starting Set console scheme...
[[0;32m  OK  [0m] Started Set console scheme.
[[0;32m  OK  [0m] Started Pollinate to seed the pseudo random number generator.
         Starting OpenBSD Secure Shell server...
[[0;32m  OK  [0m] Started OpenBSD Secure Shell server.
[[0;32m  OK  [0m] Created slice User Slice of vagrant.
         Starting User Manager for UID 1000...
[[0;32m  OK  [0m] Started Session 1 of user vagrant.
[[0;32m  OK  [0m] Started User Manager for UID 1000.
[[0;32m  OK  [0m] Started Wait until snapd is fully seeded.
         Starting Apply the settings specified in cloud-config...
[[0;32m  OK  [0m] Reached target Multi-User System.
[[0;32m  OK  [0m] Reached target Graphical Interface.
         Starting Update UTMP about System Runlevel Changes...
[[0;32m  OK  [0m] Started Update UTMP about System Runlevel Changes.
[   19.314562] cloud-init[1318]: Generating locales (this might take a while)...
         Stopping User Manager for UID 1000...
[[0;32m  OK  [0m] Stopped User Manager for UID 1000.
[[0;32m  OK  [0m] Removed slice User Slice of vagrant.
[[0;32m  OK  [0m] Created slice User Slice of vagrant.
         Starting User Manager for UID 1000...
[[0;32m  OK  [0m] Started Session 2 of user vagrant.
[[0;32m  OK  [0m] Started User Manager for UID 1000.
[   20.804897] cloud-init[1318]:   en_US.UTF-8... done
[   20.809328] cloud-init[1318]: Generation complete.
[   21.298961] cloud-init[1318]: Cloud-init v. 18.3-9-g2e62cb8a-0ubuntu1~16.04.2 running 'modules:config' at Thu, 13 Sep 2018 10:35:28 +0000. Up 19.11 seconds.
[[0;32m  OK  [0m] Started Apply the settings specified in cloud-config.
         Starting Execute cloud user/final scripts...
ci-info: no authorized ssh keys fingerprints found for user ubuntu.
<14>Sep 13 10:35:31 ec2: 
<14>Sep 13 10:35:31 ec2: #############################################################
<14>Sep 13 10:35:31 ec2: -----BEGIN SSH HOST KEY FINGERPRINTS-----
<14>Sep 13 10:35:31 ec2: 1024 SHA256:0L/fWjiH2HZHijOFn4HGHQKQUwQHeSwt3gunW5EGXbM root@ubuntu-xenial (DSA)
<14>Sep 13 10:35:31 ec2: 256 SHA256:2tYb4984+I0iIhQJ6LB5eu0eBb6dboOHmreWbCsBbCI root@ubuntu-xenial (ECDSA)
<14>Sep 13 10:35:31 ec2: 256 SHA256:8J7JdH9sHDrwFNOgZZKW2K2Wo4+H22aqc4f2M5ZO6hU root@ubuntu-xenial (ED25519)
<14>Sep 13 10:35:31 ec2: 2048 SHA256:YhJZEvGg6wNb1mtJCTtGHk4sE+S7oyfJse2Y6tofBIM root@ubuntu-xenial (RSA)
<14>Sep 13 10:35:31 ec2: -----END SSH HOST KEY FINGERPRINTS-----
<14>Sep 13 10:35:31 ec2: #############################################################
-----BEGIN SSH HOST KEY KEYS-----
ecdsa-sha2-nistp256 AAAAE2VjZHNhLXNoYTItbmlzdHAyNTYAAAAIbmlzdHAyNTYAAABBBKK2K/3iDI1t0Kb+mNpUyBVLQ6sM7jTWxNan5ZddkoLSM338HddNjcmo71Qkk/wZcPdurQUaDjIJxZZAVY4WmTk= root@ubuntu-xenial
ssh-ed25519 AAAAC3NzaC1lZDI1NTE5AAAAIAEEQlMtTWOCWM2SgNK4vt1pZ19Eq7u0PPCJFL6QCTaz root@ubuntu-xenial
ssh-rsa AAAAB3NzaC1yc2EAAAADAQABAAABAQC05iH6puUdzBn25nA9HuS658okOABVlQwr1RUKxivBvFmZ7GQmgLuDhe/bQ37HMvanEqrcCRhfdB137s12lN8LbrKXZHSZEfcsA2/1i8SHCwDg/N5T0rJkjoMpNiCqL2g+RhznWtnPmepQ8TGjaOGr3DIQ+7Wbug0Aea4ut50+16uPxATcoO8u9s9OqL7kc4dUZkj7km0Cv+5SX9p4USXz/67aO8rlUArR6OJlTzwbsDLnOtLXGH4woOi2ZsYnWL6iWZISc4jvo/eqtW6/SRD8VZQgtv7Q/rXwsez2rN+hTjXF7StP0BtmCdvsu0AnAWMHEbfUDZHQ4/XB+4l6k43h root@ubuntu-xenial
-----END SSH HOST KEY KEYS-----
[   22.052050] cloud-init[1545]: Cloud-init v. 18.3-9-g2e62cb8a-0ubuntu1~16.04.2 running 'modules:final' at Thu, 13 Sep 2018 10:35:30 +0000. Up 21.64 seconds.
[   22.086881] cloud-init[1545]: ci-info: no authorized ssh keys fingerprints found for user ubuntu.
[   22.096371] cloud-init[1545]: Cloud-init v. 18.3-9-g2e62cb8a-0ubuntu1~16.04.2 finished at Thu, 13 Sep 2018 10:35:31 +0000. Datasource DataSourceNoCloud [seed=/dev/sdb][dsmode=net].  Up 22.04 seconds
[[0;32m  OK  [0m] Started Execute cloud user/final scripts.
[[0;32m  OK  [0m] Reached target Cloud-init target.

Ubuntu 16.04.5 LTS ubuntu-xenial ttyS0

ubuntu-xenial login: 