[    0.000000] Initializing cgroup subsy cpuset
[    0.000000] Initializing cgroup subsys cpu
[    0.000000] Initializing cgroup subsys cppuacct
[    0.000000] Linux version 4.4.0-134-generic (buildd@lgw01-amd64-033) (gcc version5.4.0 20160609 (Ubuntu 5.4.0-6ubntu1~16.04.10) ) #160-Ubuntu SMP Wed Aug 15 14:5:00 UTC 201 (Ubutu 4.4.0-134.160-generic 4.4.140)
[    0.000000] Command line: BOOT_IMAGE=/boot/vmlinuz-4.4.0-134-generi root=LABEL=cloudimg-rootfs ro console=tty1 console=ttyS0
[    .000000] KRNEL spported cpus:
[    0.000000]   Intel GenuineIntel
[    0.000000]   AMD AuthenticAMD
[    0.000000]   Centaur CentaurHauls
[    0.000000] x86/fpu: xstate_offset[2]:  576, xstate_sizes[2]:  256
[    0.000000] x86/fpu: Supporting XSAVE feature 0x01: 'x87 floating point registers'
[    0.000000] x86/fpu: Supportng XSAVE feature 0x02: 'SSE registers'
[    0.00000] x86/fpu Supporting XSAVE feature 0x04: 'AVX registers''
[    0.000000] x86/fpu: Enabld xstate features 0x7, context size is 832 bytes, using 'standard' format.
[    0.000000] e820: BIOS-provided physical RAM map:
[    .000000 BIOS-e820: [mem 0x0000000000000000-0x000000000009fbff] usable
[    0.000000] BIOS-e820: [mem 0x000000000009fc00-0x000000000009ffff] reserved
[    0.000000] BIOS-e820: [mem 0x00000000000f0000-0x000000000ffff] reserved
[    0.000000] BIOS-e820: [mem 0x0000000000100000-0000000003ffefff] usable
[    0.00000] BIOS-e820: [mem 0x000000003fff0000-0x000000003fffffff] ACPI data
[    0.000000] BIOS-e820: [mem 0x00000000fec00000-0x00000000fec00fff] reserved
[    0.000000] BIOS-e820: [mem 0x00000000fee00000-0x00000000fee00fff] reserved
[    0.000000] BIOS-e820: [mem 0x0000000ffc0000-0x00000000ffffffff] reserved
[    .000000]NX (Execute Disable) protection: active
[    0.000000] SMBIOS 2.5presnt.
[    0.000000] Hypervisor detected: KVM
[    0.000000] e820: last_pfn = 0x3fff0 max_arch_pfn = 0x400000000
[    0.000000] MTRR: Disabled
[    0.000000] x86/PAT: MTRRs disabled, skipping PAT initialization too.
[    0.000000] CPU MTRRs all blank - virtualized system.
[    0.000000] x86/PAT: Configuration [0-7]: WB  WT  UC- UC  WB  WT  UC- UC  
[    0.000000] found SMP MP-table at [mem 0x0009fff0-0x0009ffff] mapped at [ffff88000009fff0]
[    0.000000] Scanning 1 areas for low memory corruption
[    0.000000] RAMDISK: [mem 0x3630c000-0x3717dfff]
[    0.000000] ACPI: Early table checksum verification disabled
[    0.000000] ACPI: RSDP 0x00000000000E0000 000024 (v02 VBOX  )
[    0.000000] ACPI: XSDT 0x000000003FFF0030 00003C (v01 VBOX   VBOXXSDT 00000001 ASL  00000061)
[    0.000000] ACPI: FACP 0x000000003FFF00F0 0000F4 (v04 VBOX   VBOXFACP 00000001 ASL  00000061)
[    0.000000] ACPI: DSDT 0x000000003FFF0470 0021FF (v02 VBOX   VBOXBIOS 00000002 INTL 20100528)
[    0.000000] ACPI: FACS 0x000000003FFF0200 000040
[    0.000000] ACPI: FACS 0x000000003FFF0200 000040
[    0.000000] ACPI: APIC 0x000000003FFF0240 00005C (v02 VBOX   VBOXAPIC 00000001 ASL  00000061)
[    0.000000] ACPI: SSDT 0x000000003FFF02A0 0001CC (v01 VBOX   VBOXCPUT 00000002 INTL 20100528)
[    0.000000] No NUMA configuration found
[    0.000000] Faking a node at [mem 0x0000000000000000-0x000000003ffeffff]
[    0.000000] NODE_DATA(0) allocated [mem 0x3ffeb000-0x3ffeffff]
[    0.00000]  kvm-clock: Using msrs 4b564d01 and 4b564d00
[    0.000000] kvm-clock: cpu 0, msr 0:3ffe3001, primary cpu clock
[    0.000000] kvm-clock: using sched offset of 5022088776 cycles
[    .00000] clocksource: kvm-clock: mask: 0xffffffffffffffff maxcycles: 0x1cd42e4dffb, max_idle_ns: 88150591483 ns
[    0.000000 Zone ranges
[    0.000000]   DMA      [mem 0x0000000000001000-0x0000000000ffffff]
[    0.000000]   DMA32    [mem 0x0000000001000000-0x000000003ffeffff]
[    0.000000]   Normal   empty
[    0.000000]   Device   empty
[    0.000000] Movable zone start for each node
[    0.000000] Early mmemory node ranges
[    0.000000]   node   0: [mem 0x0000000000001000-0x000000000009efff]
[    0.000000]   node   0: [mem 0x0000000000100000-0x000000003ffeffff]
[    0.000000] Initmem setup node 0 [mem 0x0000000000001000-0x000000003ffeffff]
[    .000000] ACPI: PM-Timer IO Port: 0x4008
[    0.000000] IOAPIC[0]: apic_id 2, version 32, address 0xfec00000, GSI 0-23
[    0.000000] ACPI: INT_SRC_OVR (bus 0 bus_irq 0 global_irq 2 dfl dfl)
[    0.000000] ACPI: INT_SRC_OVR (bus 0 bus_irq 9 global_irq 9 low level)
[    0.000000] Using ACPI (MADT) for SMP configuration information
[    0.000000] smpboot: Allowing 2 CPUs, 0 hotplug CPUs
[    0.000000] PM: Registered nosave memory: [mem x00000000-0x00000fff
[    0.000000] PM: Registered nosave memory: [mem 0x0009f000-0x0009ffff
[    0.000000] PM: Registered nosave memory: [mem 0x000a0000-0x00effff]
[    0.00000] PM: Registered nosave memory: [mem 0x000f0000-0x000fffff]
[    0.000000] e820: [mem 0x40000000-0xfebfffff] available for PCI devices
[    0.000000] Booting paravirtualized kernel on KVM
[    0.000000] clocksource: refined-jiffies: mask: 0xffffffff max_cycles: 0xffffffff, max_idle_ns: 7645519600211568 ns
[    0.000000] setup_percpu: NR_CPUS:512 nr_cpumask_bits:512 nr_cpu_ids:2 nr_node_ids:1
[    0.000000] PERCPU: Embedded 34 pages/cpu @ffff88003fc00000 s99544 r8192 d31528 u1048576
[    0.000000] PV qspinlock hash table entries: 256 (order: 0, 4096 bytes)
[    0.000000] Bilt 1 znelists in Node order, mobility grouping on.  Total pages: 257912
[    0.000000] Policy zone: DMA32
[    0.000000] Kernel command line: BOOT_IMAGE=/boot/vmlinuz-4.4.0-14-generc root=LABEL=clouimg-rootfs ro console=tty1 console=ttyS0
[    0.000000] PID hash table entries: 4096 (order: 3, 32768 bytes)
[    0.000000] Memory:997724K/1048120K available (8554K kernel code, 1314K rwdata, 4004K rodata, 1516K init, 1316K bss, 50396K reserved 0K cma-reserved)
[    0.00000] SLUB: HWalign=64, Order=0-3,MinObjecs=0, CPUs=2, Ndes=1
[    0.000000] Kernel/User page tables islation: enabled
[    0.000000] Hierarchicl RCU implementation.
[    0.00000] 	Build-time adjustment of leaf fanout t 64.
[    0.000000] 	RCU restricting CPUs from NR_CPUS=512 to nr_cpu_ds=2.
    0.000000] RCU: Adjusing geometry for rcu_fanout_leaf=64 nr_cpu_ids=2
[    .000000] NR_IRQS:33024 nr_irqs:440 16
[    0.000000] Console: clour VGA+ 80x25[    0.000000] console [tty1] enabled
[    0.000000]  console [ttyS0] enabled
[    0.000000] tsc: Detected 1799.999 MHz processor
[    1.437077] Calibrating delay loop (skipped) preset value.. 3599.99 BogoMIPS (lpj=7199996)
[    1.467063] pid_max: default: 32768 minimum: 301
[    1.470101] ACPI: Core revision 20150930
[    1.482266] ACPI: 2 ACPI AML tables successfully acquired and loaded
[    1.485973] Security Framework initialized
[    1.492539] Yama: becoming mindful.
[    1.493820] AppArmor: AppArmor initialized
[    1.497223] Dentry cache hash table entries: 131072 (order: 8, 1048576 bytes)
[    1.508749] Inode-cache hash table entries: 65536 (order: 7, 524288 bytes)
[    1.527099] Mount-cache hash table entries: 2048 (order: 2, 16384 bytes)
[    1.541790] Mountpoint-cache hash table entries: 2048 (order: 2, 16384 bytes)
[    1.547165] Initializing cgroup subsys io
[    1.557030] Initializing cgroup subsys memory
[    1.565004] Initializing cgroup subsys devices
[    1.577679] Initializing cgroup subsys freezer
[    1.581400] Initializing cgroup subsys net_cls
[    1.597273] Initializing cgroup subsys perf_event
[    1.606974] Initializing cgroup subsys net_prio
[    1.612415] Initializing cgroup subsys hugetlb
[    1.626681] Initializing cgroup subsys pids
[    1.631333] mce: CPU supports 0 MCE banks
[    1.645376] Last level iTLB entries: 4KB 64, 2MB 8, 4MB 8
[    1.661626] Last level dTLB entries: 4KB 64, 2MB 0, 4MB 0, 1GB 4
[    1.665641] Spectre V2 : Mitigation: Full generic retpoline
[    1.668898] Spectre V2 : Speculation control IBPB not-supported IBRS not-supported
[    1.680585] Speculative Store Bypass: Vulnerable
[    1.699451] Freeing SMP alternatives memory: 32K
[    1.716540] ftrace: allocating 32266 entries in 127 pages
[    1.800224] smpboot: APIC(0) Converting physical 0 to logical package 0
[    1.808564] smpboot: Max logical packages: 1
[    1.837272] x2apic enabled
[    1.849896] Switched APIC routing to physical x2apic.
[    1.854785] ..TIMER: vector=0x30 apic1=0 pin1=2 apic2=-1 pin2=-1
[    1.963697] smpboot: CPU0: Intel(R) Core(TM) i5-5350U CPU @ 1.80GHz (family: 0x6, model: 0x3d, stepping: 0x4)
[    1.973819] Performance Events: unsupported p6 CPU model 61 no PMU driver, software events only.
[    1.995043] KVM setup paravirtual spinlock
[    1.997714] x86: Booting SMP configuration:
[    1.999635] .... node  #0, CPUs:      #1
[    2.006350] kvm-clock: cpu 1, msr 0:3ffe3041, secondary cpu clock
[    2.010509] mce: CPU supports 0 MCE banks
[    2.018913] x86: Booted up 1 node, 2 CPUs
[    2.024113] smpboot: Total of 2 processors activated (7199.99 BogoMIPS)
[    2.032468] devtmpfs: initialized
[    2.041334] evm: security.selinux
[    2.045207] evm: security.SMACK64
[    2.047039] evm: security.SMACK64EXEC
[    2.052902] evm: security.SMACK64TRANSMUTE
[    2.054785] evm: security.SMACK64MMAP
[    2.056312] evm: security.ima
[    2.067545] evm: security.capability
[    2.072440] clocksource: jiffies: mask: 0xffffffff max_cycles: 0xffffffff, max_idle_ns: 7645041785100000 ns
[    2.079924] futex hash table entries: 512 (order: 3, 32768 bytes)
[    2.089180] pinctrl core: initialized pinctrl subsystem
[    2.092244] RTC time: 12:39:51, date: 09/12/18
[    2.096097] NET: Registered protocol family 16
[    2.108687] cpuidle: using governor ladder
[    2.124166] cpuidle: using governor menu
[    2.125978] PCCT header not found.
[    2.127629] ACPI: bus type PCI registered
[    2.129383] acpiphp: ACPI Hot Plug PCI Controller Driver version: 0.5
[    2.132332] PCI: Using configuration type 1 for base access
[    2.162344] ACPI: Added _OSI(Module Device)
[    2.167880] ACPI: Added _OSI(Processor Device)
[    2.172594] ACPI: Added _OSI(3.0 _SCP Extensions)
[    2.175396] ACPI: Added _OSI(Processor Aggregator Device)
[    2.182178] ACPI: Executed 1 blocks of module-level executable AML code
[    2.190229] ACPI: Interpreter enabled
[    2.192978] ACPI: (supports S0 S5)
[    2.194298] ACPI: Using IOAPIC for interrupt routing
[    2.198010] PCI: Using host bridge windows from ACPI; if necessary, use "pci=nocrs" and report a bug
[    2.219185] ACPI: PCI Root Bridge [PCI0] (domain 0000 [bus 00-ff])
[    2.224138] acpi PNP0A03:00: _OSC: OS supports [ASPM ClockPM Segments MSI]
[    2.231417] acpi PNP0A03:00: _OSC: not requesting OS control; OS requires [ExtendedConfig ASPM ClockPM MSI]
[    2.244028] acpi PNP0A03:00: fail to add MMCONFIG information, can't access extended PCI configuration space under this bridge.
[    2.253728] PCI host bridge to bus 0000:00
[    2.256323] pci_bus 0000:00: root bus resource [io  0x0000-0x0cf7 window]
[    2.263711] pci_bus 0000:00: root bus resource [io  0x0d00-0xffff window]
[    2.267790] pci_bus 0000:00: root bus resource [mem 0x000a0000-0x000bffff window]
[    2.275175] pci_bus 0000:00: root bus resource [mem 0x40000000-0xfdffffff window]
[    2.284467] pci_bus 0000:00: root bus resource [bus 00-ff]
[    2.294129] pci 0000:00:01.1: legacy IDE quirk: reg 0x10: [io  0x01f0-0x01f7]
[    2.302945] pci 0000:00:01.1: legacy IDE quirk: reg 0x14: [io  0x03f6]
[    2.307265] pci 0000:00:01.1: legacy IDE quirk: reg 0x18: [io  0x0170-0x0177]
[    2.311475] pci 0000:00:01.1: legacy IDE quirk: reg 0x1c: [io  0x0376]
[    2.337957] pci 0000:00:07.0: quirk: [io  0x4000-0x403f] claimed by PIIX4 ACPI
[    2.355762] pci 0000:00:07.0: quirk: [io  0x4100-0x410f] claimed by PIIX4 SMB
[    2.375487] ACPI: PCI Interrupt Link [LNKA] (IRQs 5 9 10 *11)
[    2.382650] ACPI: PCI Interrupt Link [LNKB] (IRQs 5 9 *10 11)
[    2.388340] ACPI: PCI Interrupt Link [LNKC] (IRQs 5 *9 10 11)
[    2.391629] ACPI: PCI Interrupt Link [LNKD] (IRQs 5 9 10 *11)
[    2.400703] ACPI: Enabled 2 GPEs in block 00 to 07
[    2.407900] vgaarb: setting as boot device: PCI:0000:00:02.0
[    2.417007] vgaarb: device added: PCI:0000:00:02.0,decodes=io+mem,owns=io+mem,locks=none
[    2.430957] vgaarb: loaded
[    2.432411] vgaarb: bridge control possible 0000:00:02.0
[    2.436724] SCSI subsystem initialized
[    2.438796] ACPI: bus type USB registered
[    2.443634] usbcore: registered new interface driver usbfs
[    2.446846] usbcore: registered new interface driver hub
[    2.452711] usbcore: registered new device driver usb
[    2.456807] PCI: Using ACPI for IRQ routing
[    2.464715] NetLabel: Initializing
[    2.467914] NetLabel:  domain hash size = 128
[    2.479871] NetLabel:  protocols = UNLABELED CIPSOv4
[    2.483299] NetLabel:  unlabeled traffic allowed by default
[    2.487405] amd_nb: Cannot enumerate AMD northbridges
[    2.490711] clocksource: Switched to clocksource kvm-clock
[    2.508425] AppArmr: AppArmor ilesyste Enabled
[    2.585746] pnp:PnP ACPIint
[    2.661144] pnp: PnP ACPI: found 3 devices

[    2.676126] cocksurce:acpi_pm: mask: 0xffffff max_ccles: 0xffffff, ax_idle_ns: 2085701024 ns
[    2.80219] NET: Registered protocol fmily 2

[    2.852313] TCP established hash able enties: 8192(order: 4, 65536bytes)

[    2.955290] TCP bind hash table entries: 8192 (order: 5, 131072 bytes)
[    2.957819] TCP: Hash tables configured (established 8192 bid 8192)
[    2.99565] UDP sh table entres 512 (orde: 2, 16384 bytes)
[    3.190828] UDP-Lite hash table entries:512 (order: 2, 16384 bytes)
[    .217472] NET: Registered protocol family 1[    3.269361] pci 0000:00:00.0: Limiting direct PCI/PCI transfers
[    3.297334] pci 0000:00:01.0: Activating ISA DMA hang workarounds
[    3.300436] Unpacking initramfs...

[    3.568671] Freeing initrd memory: 14792K
[    3.571804] RAPL PMU detected, API unit is 2^-32 Joules, 4 fixed counters 10737418240 ms ovfl timer
[    3.592117] hw unit of domain pp0-core 2^-0 Joules
[    3.600253] hw unit of domain package 2^-0 Joules
[    3.601948] hw unit of domain dram 2^-0 Joules
[    3.612560] hw unit of domain pp1-gpu 2^-0 Joules
[    3.614415] platform rtc_cmos: registered platform RTC device (no PNP device found)
[    3.638210] Scanning for low memory corruption every 60 seconds
[    3.646191] audit: initializing netlink subsys (disabled)
[    3.665082] audit: type=2000 audit(1536755997.370:1): initialized
[    3.678269] Initialise system trusted keyring
[    3.690611] HugeTLB registered 2 MB page size, pre-allocated 0 pages
[    3.713016] zbud: loaded
[    3.718307] VFS: Disk quotas dquot_6.6.0
[    3.720458] VFS: Dquot-cache hash table entries: 512 (order 0, 4096 bytes)
[    3.739269] squashfs: version 4.0 (2009/01/31) Phillip Lougher
[    3.753484] fuse init (API version 7.23)
[    3.762586] Key type big_key registered
[    3.767712] Allocating IMA MOK and blacklist keyrings.
[    3.774896] Key type asymmetric registered
[    3.776261] Asymmetric key parser 'x509' registered
[    3.777866] Block layer SCSI generic (bsg) driver version 0.4 loaded (major 249)
[    3.784962] io scheduler noop registered
[    3.793322] io scheduler deadline registered (default)
[    3.800123] io scheduler cfq registered
[    3.810066] pci_hotplug: PCI Hot Plug PCI Core version: 0.5
[    3.814970] pciehp: PCI Express Hot Plug Controller Driver version: 0.4
[    3.821149] ACPI: AC Adapter [AC] (off-line)
[    3.840166] input: Power Button as /devices/LNXSYSTM:00/LNXPWRBN:00/input/input0
[    3.842877] ACPI: Power Button [PWRF]
[    3.844390] input: Sleep Button as /devices/LNXSYSTM:00/LNXSLPBN:00/input/input1
[    3.858063] ACPI: Sleep Button [SLPF]
[    3.862869] GHES: HEST is not enabled!
[    3.863693] ACPI: Battery Slot [BAT0] (battery present)
[    3.867025] Serial: 8250/16550 driver, 32 ports, IRQ sharing enabled
[    3.901795] 00:02: ttyS0 at I/O 0x3f8 (irq = 4, base_baud = 115200)is a 16550A

[    3.931798] Linux agpgart interface v0.103
[    3.935762] loop: module loaded
[    3.945966] scsi host0: ata_piix
[    3.947622] scsi host1: ata_piix
[    3.948998] ata1: PATA max UDMA/33 cmd 0x1f0 ctl 0x3f6 bmdma 0xd000 irq 14
[    3.961319] ata2: PATA max UDMA/33 cmd 0x170 ctl 0x376 bmdma 0xd008 irq 15
[    3.966001] libphy: Fixed MDIO Bus: probed
[    3.972752] tun: Universal TUN/TAP device driver, 1.6
[    3.974784] tun: (C) 1999-2004 Max Krasnyansky <maxk@qualcomm.com>
[    3.980165] PPP generic driver version 2.4.2
[    3.985199] ehci_hcd: USB 2.0 'Enhanced' Host Controller (EHCI) Driver
[    4.010244] ehci-pci: EHCI PCI platform driver
[    4.012393] ehci-platform: EHCI generic platform driver
[    4.014778] ohci_hcd: USB 1.1 'Open' Host Controller (OHCI) Driver
[    4.027850] ohci-pci: OHCI PCI platform driver
[    4.029543] ohci-platform: OHCI generic platform driver
[    4.041243] uhci_hcd: USB Universal Host Controller Interface driver
[    4.052224] i8042: PNP: PS/2 Controller [PNP0303:PS2K,PNP0f03:PS2M] at 0x60,0x64 irq 1,12
[    4.077973] serio: i8042 KBD port at 0x60,0x64 irq 1
[    4.087520] serio: i8042 AUX port at 0x60,0x64 irq 12
[    4.109689] mousedev: PS/2 mouse device common for all mice
[    4.116503] rtc_cmos rtc_cmos: rtc core: registered rtc_cmos as rtc0
[    4.126976] rtc_cmos rtc_cmos: alarms up to one day, 114 bytes nvram
[    4.140768] i2c /dev entries driver
[    4.142303] input: AT Translated Set 2 keyboard as /devices/platform/i8042/serio0/input/input2
[    4.142304] device-mapper: uevent: version 1.0.3
[    4.153269] device-mapper: ioctl: 4.34.0-ioctl (2015-10-28) initialised: dm-devel@redhat.com
[    4.153302] ledtrig-cpu: registered to indicate activity on CPUs
[    4.153738] NET: Registered protocol family 10
[    4.153954] NET: Registered protocol family 17
[    4.153967] Key type dns_resolver registered
[    4.154365] registered taskstats version 1
[    4.154381] Loading compiled-in X.509 certificates
[    4.155361] Loaded X.509 cert 'Build time autogenerated kernel key: 4eb3d024ac16f76c1747ffd474694c84db21038b'
[    4.155397] zswap: loaded using pool lzo/zbud
[    4.157612] Key type trusted registered
[    4.162036] Key type encrypted registered
[    4.162047] AppArmor: AppArmor sha1 policy hashing enabled
[    4.162052] ima: No TPM chip found, activating TPM-bypass!
[    4.162059] ima: Allocated hash algorithm: sha1
[    4.162080] evm: HMAC attrs: 0x1
[    4.162758]   Magic number: 2:325:683
[    4.166398] rtc_cmos rtc_cmos: setting system clock to 2018-09-12 12:39:53 UTC (1536755993)
[    4.166562] BIOS EDD facility v0.16 2004-Jun-25, 0 devices found
[    4.166563] EDD information not available.
[    4.449962] Freeing unused kernel memory: 1516K
[    4.467126] Write protecting the kernel read-only data: 14336k
[    4.470891] Freeing unused kernel memory: 1672K
[    4.611031] tsc: Refined TSC clocksource calibration: 1799.378 MHz
[    4.611034] clocksource: tsc: mask: 0xffffffffffffffff max_cycles: 0x19efde2172e, max_idle_ns: 440795266251 ns
[    4.619014] Freeing unused kernel memory: 92K
Loading, please wait...
starting version 229
[    4.642739] random: systemd-udevd: uninitialized urandom read (16 bytes read, 5 bits of entropy available)
[    4.643895] random: udevadm: uninitialized urandom read (16 bytes read, 5 bits of entropy available)
[    4.643927] random: udevadm: uninitialized urandom read (16 bytes read, 5 bits of entropy available)
[    4.656053] random: udevadm: uninitialized urandom read (16 bytes read, 5 bits of entropy available)
[    4.656217] random: udevadm: uninitialized urandom read (16 bytes read, 5 bits of entropy available)
[    4.656518] random: udevadm: uninitialized urandom read (16 bytes read, 5 bits of entropy available)
[    4.656571] random: udevadm: uninitialized urandom read (16 bytes read, 5 bits of entropy available)
[    4.656619] random: udevadm: uninitialized urandom read (16 bytes read, 5 bits of entropy available)
[    4.656670] random: udevadm: uninitialized urandom read (16 bytes read, 5 bits of entropy available)
[    4.656716] random: udevadm: uninitialized urandom read (16 bytes read, 5 bits of entropy available)
[    4.759521] e1000: Intel(R) PRO/1000 Network Driver - version 7.3.21-k8-NAPI
[    4.762642] e1000: Copyright (c) 1999-2006 Intel Corporation.
[    4.767046] Fusion MPT base driver 3.04.20
[    4.769111] Copyright (c) 1999-2008 LSI Corporation
[    4.788078] Fusion MPT SPI Host driver 3.04.20
[    4.806007] AVX2 version of gcm_enc/dec engaged.
[    4.808325] AES CTR mode by8 optimization enabled
[    4.990693] input: ImExPS/2 Generic Explorer Mouse as /devices/platform/i8042/serio1/input/input4
[    5.301575] e1000 0000:00:03.0 eth0: (PCI:33MHz:32-bit) 02:1d:76:b3:3c:fe
[    5.304157] e1000 0000:00:03.0 eth0: Intel(R) PRO/1000 Network Connection
[    5.307897] mptbase: ioc0: Initiating bringup
[    5.607060] ioc0: LSI53C1030 A0: Capabilities={Initiator}
[    5.949811] scsi host2: ioc0: LSI53C1030 A0, FwRev=00000000h, Ports=1, MaxQ=256, IRQ=20
[    6.567724] scsi 2:0:0:0: Direct-Access     VBOX     HARDDISK         1.0  PQ: 0 ANSI: 5
[    6.592873] scsi target2:0:0: Beginning Domain Validation
[    6.598617] scsi target2:0:0: Domain Validation skipping write tests
[    6.602094] scsi target2:0:0: Ending Domain Validation
[    6.611708] scsi target2:0:0: asynchronous
[    6.623010] scsi 2:0:1:0: Direct-Access     VBOX     HARDDISK         1.0  PQ: 0 ANSI: 5
[    6.655843] scsi target2:0:1: Beginning Domain Validation
[    6.661623] scsi target2:0:1: Domain Validation skipping write tests
[    6.670068] scsi target2:0:1: Ending Domain Validation
[    6.672727] scsi target2:0:1: asynchronous
[    6.692213] sd 2:0:0:0: Attached scsi generic sg0 type 0
[    6.694837] sd 2:0:0:0: [sda] 20971520 512-byte logical blocks: (10.7 GB/10.0 GiB)
[    6.699941] sd 2:0:1:0: Attached scsi generic sg1 type 0
[    6.699991] sd 2:0:1:0: [sdb] 20480 512-byte logical blocks: (10.5 MB/10.0 MiB)
[    6.706945] sd 2:0:1:0: [sdb] Write Protect is off
[    6.714136] sd 2:0:1:0: [sdb] Incomplete mode parameter data
[    6.714138] sd 2:0:1:0: [sdb] Assuming drive cache: write through
[    6.730675] sd 2:0:0:0: [sda] Write Protect is off
[    6.733727] sd 2:0:0:0: [sda] Incomplete mode parameter data
[    6.733730] sd 2:0:0:0: [sda] Assuming drive cache: write through
[    6.733932] sd 2:0:1:0: [sdb] Attached SCSI disk
[    6.754403]  sda: sda1
[    6.755463] sd 2:0:0:0: [sda] Attached SCSI disk
[    7.072891] e1000 0000:00:08.0 eth1: (PCI:33MHz:32-bit) 08:00:27:b8:8d:42
[    7.081809] e1000 0000:00:08.0 eth1: Intel(R) PRO/1000 Network Connection
[    7.093151] e1000 0000:00:08.0 enp0s8: renamed from eth1
[    7.111878] e1000 0000:00:03.0 enp0s3: renamed from eth0
Begin: Loading essential drivers ... [    8.541163] md: linear personality registered for level -1
[    8.546999] md: multipath personality registered for level -4
[    8.565512] md: raid0 personality registered for level 0
[    8.571452] md: raid1 personality registered for level 1
[    8.642977] raid6: sse2x1   gen()  7906 MB/s
[    8.718750] raid6: sse2x1   xor()  5914 MB/s
[    8.786899] raid6: sse2x2   gen()  7680 MB/s
[    8.854838] raid6: sse2x2   xor()  3935 MB/s
[    8.935134] raid6: sse2x4   gen()  5705 MB/s
[    9.011419] raid6: sse2x4   xor()  2593 MB/s
[    9.090968] raid6: avx2x1   gen()  9644 MB/s
[    9.199209] raid6: avx2x2   gen()  8431 MB/s
[    9.266848] raid6: avx2x4   gen() 13007 MB/s
[    9.269627] raid6: using algorithm avx2x4 gen() 13007 MB/s
[    9.272795] raid6: using avx2x2 recovery algorithm
[    9.277350] xor: automatically using best checksumming function:
[    9.318836]    avx       : 22270.000 MB/sec
[    9.325510] async_tx: api initialized (async)
[    9.349152] md: raid6 personality registered for level 6
[    9.351483] md: raid5 personality registered for level 5
[    9.353792] md: raid4 personality registered for level 4
[    9.376895] md: raid10 personality registered for level 10
done.
Begin: Running /scripts/init-premount ... done.
Begin: Mounting root file system ... Begin: Running /scripts/local-top ... done.
Begin: Running /scripts/local-premount ... [    9.431728] Btrfs loaded
Scanning for Btrfs filesystems
done.
Warning: fsck not present, so skipping root file system
[    9.508498] EXT4-fs (sda1): mounted filesystem with ordered data mode. Opts: (null)
done.
Begin: Running /scripts/local-bottom ... done.
Begin: Running /scripts/init-bottom ... done.
[    9.722895] systemd[1]: systemd 229 running in system mode. (+PAM +AUDIT +SELINUX +IMA +APPARMOR +SMACK +SYSVINIT +UTMP +LIBCRYPTSETUP +GCRYPT +GNUTLS +ACL +XZ -LZ4 +SECCOMP +BLKID +ELFUTILS +KMOD -IDN)
[    9.735974] systemd[1]: Detected virtualization oracle.
[    9.740625] systemd[1]: Detected architecture x86-64.

Welcome to [1mUbuntu 16.04.5 LTS[0m!

[    9.761642] systemd[1]: Set hostname to <ubuntu>.
[    9.771675] systemd[1]: Initializing machine ID from random generator.
[    9.777610] systemd[1]: Installed transient /etc/machine-id file.
[   10.173767] systemd[1]: Listening on LVM2 metadatadaemon socket.
[[0;32m  OK  [0m] Listening on LVM2 metadata daemon socket.
[   10.647454] sstemd[1]: Listening on Journal Socket (/dv/log).
[[0;32m  OK  [0m] Listening on Journal Socket (/dev/log).
[   10.767975] systemd[1]: Listening on Device-mapper event daemon FIFOs.
[[0;32m  OK  [0m] Listening on Device-mapper event daemon FIFOs.
[   10.810546] systemd[1]: Created slice User ad ession Slice.
[[0;32m  OK  [0m] Created slice User and Session Slice.
[   10.960102] systemd[1]: Set up automount Arbitrary Executable File Formats File System Automount Point.
[[0;32m  OK  [0m] Set up automount Arbitrary Executab...ats File System Automount Point.
[   10.975916] systemd[1]: Reached target User and Group Name Lookups.
[[0;32m  OK  [0m] Reached target User and Group Name Lookups.
[   10.984102] systemd[1]: Reached target Swap.
[[0;32m  OK  [0m] Reached target Swap.
[   10.990373] systemd[1]: Listeningon /dev/initctl Compatibility Naed Pipe.
[[0;32m  OK  [0m] Listening on /dev/initctl Compatibility Named Pipe.
[   11.759653] systemd[1]: Listening on Journal Socket.
[[0;32m  OK  [0m] Listening on Journal Socket.
[   11.765825] systemd[1]: Listening on udev Control Socket.
[[0;32m  OK  [0m] Listening on udev Control Socket.
[   11.772535] systemd[1]: Listening on Syslog Socket.
[[0;32m  OK  [0m] Listening on Syslog Socket.
[   11.781835] systemd[1]: Reached target System Time Synchronized.
[[0;32m  OK  [0m] Reached target System Time Synchronized.
[   11.789093] systemd[1]: Listening on LVM2 poll daemon socket.
[[0;32m  OK  [0m] Listening on LVM2 poll daemon socket.
[ 11.794968] systemd[1]: Started Trigger resolvconf update for networkd DNS.
[[0;32m  OK  [0m] Started Trigger resolvconf update for networkd DNS.
[   11.952984] systemd[1]: Reached target Encrypted Volumes.
[[0;32m  OK  [0m] Reached target Encrypted Volumes.
[   11.964821] systemd[1]: Started Forward Password Requests to Wall Directory Watch.
[[0;32m  OK  [0m] Started Forward Password Requests to Wall Directory Watch.
[   11.971865] systemd[1]: Listening on Journal Audit Socket.
[[0;32m  OK  [0m] Listening on Journal Audit Socket.
[   12.758437] systemd[1]: Created slice System Slice.
[[0;32m  OK  [0m] Created slice System Slice.
[   12.795483] systemd[1]: Starting Journal Service...
         Starting Journal Service...
[   12.817370] systemd[1]: Starting Monitoring of LVM2 mirrors, snapshots etc. using dmeventd or progress polling...
         Starting Monitoring of LVM2 mirrors... dmeventd or progress polling...
[   12.840712] systemd[1]: Mounting Debug File System...
         Mounting Debug File System...
[   12.855339] systemd[1]: Reached target Slices.
[[0;32m  OK  [0m] Reached target Slices.
[   12.879225] systemd[1]: Starting Uncomplicated firewall...
[   12.886964] random: nonblocking pool is initialized
         Starting Uncomplicated firewall...
[   12.893133] systemd[1]: Starting Remount Root and Kernel File Systems...
         Starting Remount Root and Kernel[   12.901850] EXT4-fs (sda1): re-mounted. Opts: (null)
 File Systems...
[   12.924479] systemd[1]: Starting Set console keymap...
         Starting Set console keymap...
[   12.940549] systemd[1]: Starting Create list of required static device nodes for the current kernel...
         Starting Create list of required st... nodes for the current kernel...
[   12.957323] systemd[1]: Mounting Huge Pages File System...
         Mounting Huge Pages File System...
[   13.011829] systemd[1]: Starting Load Kernel Modules...
         Starting Load Ke[   13.034462] Loading iSCSI transport class v2.0-870.
rnel Modules...
[   13.063623] systemd[1]: Created slice system-serial\x2dgetty.slice.
[[0;32m  OK  [0m] Created slice system-serial\x2dgetty.slice.
[   13.160295] iscsi: registered transport (tcp)
[   13.175986] systemd[1]: Starting Nameserver information manager...
         Starting Nameserver information manager...
[   13.188025] systemd[1]: Mounting POSIX Message Queue File System...
         Mounting POSIX Message Queue File System...
[   13.205626] systemd[1]: Listening on udev Kernel Socket.
[[0;32m  OK  [0m] Listening on udev Kernel Soc[   13.227727] iscsi: registered transport (iser)
ket.
[   13.244321] systemd[1]: Mounted Debug File System.
[[0;32m  OK  [0m] Mounted Debug File System.
[   13.256639] systemd[1]: Mounted Huge Pages File System.
[[0;32m  OK  [0m] Mounted Huge Pages File System.
[   13.271257] systemd[1]: Mounted POSIX Message Queue File System.
[[0;32m  OK  [0m] Mounted POSIX Message Queue File System.
[   13.291152] systemd[1]: Started Journal Service.
[[0;32m  OK  [0m] Started Journal Service.
[[0;32m  OK  [0m] Started Uncomplicated firewall.
[[0;32m  OK  [0m] Started Remount Root and Kernel File Systems.
[[0;32m  OK  [0m] Started Set console keymap.
[[0;32m  OK  [0m] Started Create list of required sta...ce nodes for the current kernel.
[[0;32m  OK  [0m] Started Load Kernel Modules.
[[0;32m  OK  [0m] Started Nameserver information manager.
[[0;32m  OK  [0m] Started LVM2 metadata daemon.
         Starting Apply Kernel Variables...
         Mounting FUSE Control File System...
         Starting Create Static Device Nodes in /dev...
         Starting Load/Save Random Seed...
         Starting udev Coldplug all Devices...
         Starting Flush Journal to Persistent Storage...
[[0;32m  OK  [0m] Mounted FUSE Control File System.
[[0;32m  OK  [0m] Started Monitoring of LVM2 mirrors,...ng dmeventd or progress polling.
[[0;32m  OK  [0m] Started Apply Kernel Variables.
[[0;32m  OK  [0m] Started Create Static Device Nodes in /dev.
[[0;32m  OK  [0m] Started Load/Save Random Seed.
[[0;32m  OK  [0m] Started udev Coldplug all Devices.
[[0;32m  OK  [0m] Started Flush Journal to Persistent Storage.
         Starting udev Kernel Device Manager...
[[0;32m  OK  [0m] Started udev Kernel Device Manager.
[[0;32m  OK  [0m] Reached target Local File Systems (Pre).
[[0;32m  OK  [0m] Reached target Local File Systems.
         Starting Commit a transient machine-id on disk...
         Starting LSB: AppArmor initialization...
         Starting Initial cloud-init job (pre-networking)...
         Starting Set console font and keymap...
         Starting Tell Plymouth To Write Out Runtime Data...
         Starting Create Volatile Files and Directories...
[[0;32m  OK  [0m] Started Dispatch Password Requests to Console Directory Watch.
[[0;32m  OK  [0m] Started Commit a transient machine-id on disk.
[[0;32m  OK  [0m] Started Tell Plymouth To Write Out Runtime Data.
[[0;32m  OK  [0m] Started Create Volatile Files and Directories.
[[0;32m  OK  [0m] Found device /dev/ttyS0.
         Starting Update UTMP about System Boot/Shutdown...
[[0;32m  OK  [0m] Started Update UTMP about System Boot/Shutdown.
[[0;32m  OK  [0m] Listening on Load/Save RF Kill Switch Status /dev/rfkill Watch.
[[0;32m  OK  [0m] Started Set console font and keymap.
[[0;32m  OK  [0m] Started LSB: AppArmor initialization.
[   14.598470] cloud-init[486]: Cloud-init v. 18.3-9-g2e62cb8a-0ubuntu1~16.04.2 running 'init-local' at Wed, 12 Sep 2018 12:40:05 +0000. Up 13.84 seconds.
[[0;32m  OK  [0m] Created slice system-getty.slice.
[[0;32m  OK  [0m] Started Initial cloud-init job (pre-networking).
[[0;32m  OK  [0m] Reached target Network (Pre).
         Starting Raise network interfaces...
[[0;32m  OK  [0m] Started Raise network interfaces.
[[0;32m  OK  [0m] Reached target Network.
         Starting Initial cloud-init job (metadata service crawler)...
[   16.785216] cloud-init[946]: Cloud-init v. 18.3-9-g2e62cb8a-0ubuntu1~16.04.2 running 'init' at Wed, 12 Sep 2018 12:40:06 +0000. Up 15.52 seconds.
[   16.800654] cloud-init[946]: ci-info: ++++++++++++++++++++++++++++++++++++++Net device info+++++++++++++++++++++++++++++++++++++++
[   16.818645] cloud-init[946]: ci-info: +--------+-------+----------------------------+---------------+--------+-------------------+
[   16.849071] cloud-init[946]: ci-info: | Device |   Up  |          Address           |      Mask     | Scope  |     Hw-Address    |
[   16.873483] cloud-init[946]: ci-info: +--------+-------+----------------------------+---------------+--------+-------------------+
[   16.904812] cloud-init[946]: ci-info: | enp0s3 |  True |         10.0.2.15          | 255.255.255.0 | global | 02:1d:76:b3:3c:fe |
[   16.932809] cloud-init[946]: ci-info: | enp0s3 |  True | fe80::1d:76ff:feb3:3cfe/64 |       .       |  link  | 02:1d:76:b3:3c:fe |
[[   17.004300] cloud-init[946]: ci-info: | enp0s8 | False |             .              |       .       |   .    | 08:00:27:b8:8d:42 |
[   17.006033] [0;32m  OK  [0mcloud-init] [946]: Started Initial cloud-init job (metadata service crawler).ci-info: |   lo   |  True |         127.0.0.1          |   255.0.0.0   |  host  |         .         |

[   17.007086] cloud-init[946]: ci-info: |   lo   |  True |          ::1/128           |       .       |  host  |         .         |
[   17.223729] cloud-init[946]: ci-info: +--------+-------+----------------------------+---------------+--------+-------------------+
[   17.226551] cloud-init[946]: ci-info: +++++++++++++++++++++++++++Route IPv4 info++++++++++++++++++++++++++++
[   17.230310] cloud-init[946]: ci-info: +-------+-------------+----------+---------------+-----------+-------+
[[0;32m  OK  [0m] Reached target Cloud-config availability.
[   17.234185] cloud-init[[946]: ci-info: | Route | Destination | Gateway  |    Genmask    | Interface | Flags |
[0;32m  OK  [0m] Reached target Network is Online.
[   17.325116] cloud-init[946]: ci-info: +-------+-------------+----------+---------------+-----------+-------+
         Starting iSCSI initiator daemon (iscsid)...
[[   17.367593] cloud-init[946]: ci-info: |   0   |   0.0.0.0   | 10.0.2.2 |    0.0.0.0    |   enp0s3  |   UG  |
[   17.385176] cloud-init[946]: ci-info: |   1   |   10.0.2.0  | 0.0.0.0  | 255.255.255.0 |   enp0s3  |   U   |
[0;32m  OK  [0m] Reached target System Initialization.
[   17.416222] cloud-init[946]: ci-info: +-------+-------------+----------+---------------+-----------+-------+
         Starting LXD - unix socket.
[   17.417914] cloud-init[946]: ci-info: +++++++++++++++++++Route IPv6 info+++++++++++++++++++
[   17.434035] cloud-init[946]: ci-info: +-------+-------------+---------+-----------+-------+
[[0;32m  OK  [0m] Listening on ACPID Listen Socket.
[   17.436518] cloud-init[946]: ci-info: | Route | Destination | Gateway | Interface | Flags |
[[   17.483773] cloud-init[946]: ci-info: +-------+-------------+---------+-----------+-------+
[   17.485591] cloud-init[946]: ci-info: |   0   |  fe80::/64  |    ::   |   enp0s3  |   U   |
[   17.487680] cloud-init[946]: ci-info: |   3   |   ff00::/8  |    ::   |   enp0s3  |   U   |
[0;32m  OK  [0m] Started Daily Cleanup of Temporary Directories.
[   17.488492] cloud-init[946]: ci-info: +-------+-------------+---------+-----------+-------+
[[   17.544771] cloud-init[946]: Generating public/private rsa key pair.
[   17.546418] cloud-init[946]: Your identification has been saved in /etc/ssh/ssh_host_rsa_key.
[   17.547008] cloud-init[946]: Your public key has been saved in /etc/ssh/ssh_host_rsa_key.pub.
[0;32m  OK  [0m] Listening on UUID daemon activation socket.
[   17.547735] cloud-init[946]: The key fingerprint is:
[   17.590139] cloud-init[946]: SHA256:lsUZckpHkZzDogb+PFgovr2jwl2zvfG5tan4b+59JPg root@ubuntu-xenial
[   17.601452] cloud-init[946]: The key's randomart image is:
[   17.609751] cloud-init[946]: +---[RSA 2048]----+
[   17.616716] cloud-init[946]: |        o+*+     |
[   17.619380] cloud-init[946]: |    .  ..**o     |
[   17.619547] cloud-init[946]: |   . o ...+.     |
[   17.623453] cloud-init[946]: |  . o +  o       |
[   17.624722] cloud-init[946]: | . . *  S   .    |
[   17.627975] cloud-init[946]: |  . .o+.   . . . |
[   17.630067] cloud-init[946]: |. .o. +o   .. o  |
[   17.632560] cloud-init[946]: |....o. .+ o.+E . |
[   17.638893] cloud-init[946]: | ....o oo*B* ..  |
[   17.640118] cloud-init[946]: +----[SHA256]-----+
[[   17.640286] cloud-init[946]: Generating public/private dsa key pair.
[0;32m  OK  [0m] Started ACPI Events Check.
[   17.640597] cloud-init[946]: Your identification has been saved in /etc/ssh/ssh_host_dsa_key.
[   17.850591] cloud-init[946]: Your public key has been saved in /etc/ssh/ssh_host_dsa_key.pub.
[[0;32m  OK  [0m] Reached target Paths.
[   17.851189] cloud-init[946]: The key fingerprint is:
[   17.988535] cloud-init[946]: SHA256:ymyaUVcMdW6EN59MHLVJsX/VvBsJ4F4PwMnBXZos3kk root@ubuntu-xenial
[   17.989402] cloud-init[946]: The key's randomart image is:
[   17.992050] cloud-init[946]: +---[DSA 1024]----+
[   17.992118] cloud-init[946]: |        ..==*.o*o|
[   17.992181] cloud-init[946]: |         ooO*.*.=|
[[0;32m  OK  [0m] Started Daily apt download activities.
[[   17.992344] cloud-init[946]: |          o+oE =+|
[   18.036597] cloud-init[946]: |         .o.= O =|
[0;32m  OK  [0m] Started Daily apt upgrade and clean activities.
[   18.037817] cloud-init[946]: |      . S  o o =o|
[   18.170695] cloud-init[946]: |     + o        +|
[   18.174937] cloud-init[946]: |    . =        . |
[[0;32m  OK  [0m] Reached target Timers.
         Starting Socket activation for snappy daemon.
[   18.176763] cloud-init[946]: |     =           |
[   18.348608] cloud-init[946]: |    o            |
[   18.349614] cloud-init[946]: +----[SHA256]-----+
[[0;32m  OK  [0m] Listening on D-Bus System Message Bus Socket.
[   18.351566] cloud-init[946]: Generating public/private ecdsa key pair.
[   18.385897] cloud-init[946]: Your identification has been saved in /etc/ssh/ssh_host_ecdsa_key.
[   18.408524] cloud-init[946]: Your public key has been saved in /etc/ssh/ssh_host_ecdsa_key.pub.
[   18.424259] cloud-init[946]: The key fingerprint is:
[   18.440934] [[0;32m  OK  [0m] Listening on LXD - unix socket.
[[0;32m  OK  [0m] Listening on Socket activation for snappy daemon.
cloud-init[946]: SHA256:uQNDkLrN90on1nTgurMjLmPhSGcYhfC94YFXcdJCkiY root@ubuntu-xenial
[[0;32m  OK  [0m] Started iSCSI initiator daemon (iscsid).
[   18.531980] cloud-init[946]: The key's randomart image is:
[   18.605244]          cloud-initStarting Login to default iSCSI targets...[946]: 
+---[ECDSA 256]---+
[   18.657108] [cloud-init[0;32m  OK  [0m[946]: ] |o . o+=o.        |Reached target Sockets.

[[0;32m  OK  [0m] Reached target Basic System.
[   18.659087] cloud-init[946]: | oE+++.o.        |
[   18.724370] cloud-init[946]: |  ++= ...        |
[   18.730721] [[0;32m  OK  [0m] Started ACPI event daemon.
         Starting Login Service...
cloud-init[946]: [[0;32m  OK  [0m] Started D-Bus System Message Bus.
| ..o = . o       |
[   18.747815] cloud-init[946]: |  o+o o S .      |
[   18.761598] cloud-init[946]: | oooo .* o       |
[   18.774212] cloud-init[946]: |.oo. .=.=        |
[   18.780669] cloud-init[946]: |. = .oo+..       |
[   18.788320] cloud-init[946]: | . +..+=         |
[   18.795691] cloud-init[946]: +----[SHA256]-----+
[   18.802361] cloud-init[946]: Generating public/private ed25519 key pair.
[   18.808389] cloud-init[946]: Your identification has been saved in /etc/ssh/ssh_host_ed25519_key.
[   18.817913] cloud-init[946]: Your public key has been saved in /etc/ssh/ssh_host_ed25519_key.pub.
[   18.837310] cloud-init[946]: The key fingerprint is:
[[0;32m  OK  [0m] Started Unattended Upgrades Shutdown.
[   18.887744] cloud-init[946]: SHA256:TYupvy0v77nbwdQdpGju+QXUEJ8ZlvuFaR8U1bqdjsM root@ubuntu-xenial
[   18.913162] cloud-init[946]: The key's randomart image is:
[   18.923130]          Starting Virtualbox guest utils...
cloud-init[946]: +--[ED25519 256]--+
         Starting Pollinate to seed the pseudo random number generator...
         Starting Accounts Service...
         Starting /etc/rc.local Compatibility...
[[0;32m  OK  [0m] Started FUSE filesystem for LXC.
[   18.936439] cloud-init[946]: |             o.=*|
[   19.093850] [cloud-init[0;32m  OK  [0m[946]: ] |            . Bo=|Started Deferred execution scheduler.

         Starting LSB: Record successful boot for GRUB...
[   19.161204] cloud-init[946]: |          .o o.X.|
         Starting Snappy daemon...
[   19.220596] cloud-init[[0;32m  OK  [0m] Started Regular background program processing daemon.
[946]: |         =o...=+o|
         Starting LSB: MD monitoring daemon...
[   19.263648] cloud-init[946]: |        S o..o.+*|
[   19.284735] cloud-init[946]: |       .  .o. o.+|
         Starting System Logging Service...
         Starting LXD - container startup/shutdown...
[   19.299682] cloud-init[946]: |      .    o+ o. |
[   19.429155] [cloud-init[0;32m  OK  [0m[946]: ] |       .o. o.E.. |Started /etc/rc.local Compatibility.

[   19.551379] [[0;32m  OK  [0m] Started Pollinate to seed the pseudo random number generator.
cloud-init[946]: |        oBOo...  |
[[0;32m  OK  [0m] Started LXD - container startup/shutdown.
[   19.553733] cloud-init[946]: +----[SHA256]-----+
[[0;32m  OK  [0m] Started System Logging Service.
[[0;32m  OK  [0m] Started Snappy daemon.
[[0;32m  OK  [0m] Started Login to default iSCSI targets.
[[0;32m  OK  [0m] Started LSB: Record successful boot for GRUB.
[[0;32m  OK  [0m] Started LSB: MD monitoring daemon.
[[0;32m  OK  [0m] Started Login Service.
         Starting Authenticate and Authorize Users to Run Privileged Tasks...
[[0;32m  OK  [0m] Reached target Remote File Systems (Pre).
[[0;32m  OK  [0m] Reached target Remote File Systems.
         Starting Permit User Sessions...
         Starting LSB: automatic crash report generation...
         Starting LSB: daemon to balance interrupts for SMP systems...
         Starting LSB: Set the CPU Frequency Scaling governor to "ondemand"...
         Starting Wait until snapd is fully seeded...
         Starting OpenBSD Secure Shell server...
[[0;32m  OK  [0m] Started Virtualbox guest utils.
[[0;32m  OK  [0m] Started Permit User Sessions.
[[0;32m  OK  [0m] Started Authenticate and Authorize Users to Run Privileged Tasks.
[[0;32m  OK  [0m] Started Accounts Service.
[[0;32m  OK  [0m] Started Wait until snapd is fully seeded.
[[0;32m  OK  [0m] Started OpenBSD Secure Shell server.
[[0;32m  OK  [0m] Started LSB: Set the CPU Frequency Scaling governor to "ondemand".
[[0;32m  OK  [0m] Started LSB: automatic crash report generation.
[[0;32m  OK  [0m] Started LSB: daemon to balance interrupts for SMP systems.
         Starting Apply the settings specified in cloud-config...
         Starting Terminate Plymouth Boot Screen...
         Starting Hold until boot process finishes up...
[[0;32m  OK  [0m] Started Terminate Plymouth Boot Screen.
[[0;32m  OK  [0m] Started Hold until boot process finishes up.
[[0;32m  OK  [0m] Created slice User Slice of vagrant.
[[0;32m  OK  [0m] Started Session 1 of user vagrant.
         Starting User Manager for UID 1000...
[[0;32m  OK  [0m] Started Serial Getty on ttyS0.
[[0;32m  OK  [0m] Started Getty on tty1.
[[0;32m  OK  [0m] Reached target Login Prompts.
         Starting Set console scheme...
[[0;32m  OK  [0m] Reached target Multi-User System.
[[0;32m  OK  [0m] Reached target Graphical Interface.
         Starting Update UTMP about System Runlevel Changes...
[[0;32m  OK  [0m] Started User Manager for UID 1000.
[[0;32m  OK  [0m] Started Set console scheme.
[[0;32m  OK  [0m] Started Update UTMP about System Runlevel Changes.
[   21.343272] cloud-init[1264]: Generating locales (this might take a while)...
[   22.696350] cloud-init[1264]:   en_US.UTF-8... done
[   22.699442] cloud-init[1264]: Generation complete.
         Stopping User Manager for UID 1000...
[[0;32m  OK  [0m] Stopped User Manager for UID 1000.
[[0;32m  OK  [0m] Removed slice User Slice of vagrant.
[   23.475523] cloud-init[1264]: Cloud-init v. 18.3-9-g2e62cb8a-0ubuntu1~16.04.2 running 'modules:config' at Wed, 12 Sep 2018 12:40:12 +0000. Up 21.14 seconds.
[[0;32m  OK  [0m] Started Apply the settings specified in cloud-config.
         Starting Execute cloud user/final scripts...
[[0;32m  OK  [0m] Created slice User Slice of vagrant.
         Starting User Manager for UID 1000...
[[0;32m  OK  [0m] Started User Manager for UID 1000.
[[0;32m  OK  [0m] Started Session 2 of user vagrant.
ci-info: no authorized ssh keys fingerprints found for user ubuntu.
<14>Sep 12 12:40:15 ec2: 
<14>Sep 12 12:40:15 ec2: #############################################################
<14>Sep 12 12:40:15 ec2: -----BEGIN SSH HOST KEY FINGERPRINTS-----
<14>Sep 12 12:40:15 ec2: 1024 SHA256:ymyaUVcMdW6EN59MHLVJsX/VvBsJ4F4PwMnBXZos3kk root@ubuntu-xenial (DSA)
<14>Sep 12 12:40:15 ec2: 256 SHA256:uQNDkLrN90on1nTgurMjLmPhSGcYhfC94YFXcdJCkiY root@ubuntu-xenial (ECDSA)
<14>Sep 12 12:40:15 ec2: 256 SHA256:TYupvy0v77nbwdQdpGju+QXUEJ8ZlvuFaR8U1bqdjsM root@ubuntu-xenial (ED25519)
<14>Sep 12 12:40:15 ec2: 2048 SHA256:lsUZckpHkZzDogb+PFgovr2jwl2zvfG5tan4b+59JPg root@ubuntu-xenial (RSA)
<14>Sep 12 12:40:15 ec2: -----END SSH HOST KEY FINGERPRINTS-----
<14>Sep 12 12:40:15 ec2: #############################################################
-----BEGIN SSH HOST KEY KEYS-----
ecdsa-sha2-nistp256 AAAAE2VjZHNhLXNoYTItbmlzdHAyNTYAAAAIbmlzdHAyNTYAAABBBI/9CSsFn/dl8ww7VHEZ37iCX9wLruknhXcyzEnXGYV3IX1POvvwNrFXyIWA2EH1oA2sIJRoCpbM8CrForLVPL8= root@ubuntu-xenial
ssh-ed25519 AAAAC3NzaC1lZDI1NTE5AAAAIEqVRN6birB+xnPgGsxFwPejfxoDSVL0ZX19nVX9rVab root@ubuntu-xenial
ssh-rsa AAAAB3NzaC1yc2EAAAADAQABAAABAQDkVGbOCAx3azsmrDFsG5m2KszVTpvwgNpaEFEhpQM1lsugS9Z6qbXKAGXpT1QS2fQir3yCY8KXb93VnT7rxobm/aBgn7PXFRlJ7607VIGb5w3MEJaQHHAqvL4TjLAGJ0If6E46/6tiGQCfGtjMZTMwFx4gZ8An0R5bmc2u8bUl4/7NLmeGPXanOcj09De8E8JxhD9x7vJPJGXUZZfkXcSg6gMkN3uzKCX60tKsmcn66iuAa7QJzkwBuSvKjGGTlUQH3MlMfT7slVWqZKPGyH3+PuW0JTZ5ns5FmAbYy+UUHaYJY61w6pajmbcEHOPU8Y143DBdStcHh2cT8jok9f3R root@ubuntu-xenial
-----END SSH HOST KEY KEYS-----
[   24.353946] cloud-init[1522]: Cloud-init v. 18.3-9-g2e62cb8a-0ubuntu1~16.04.2 running 'modules:final' at Wed, 12 Sep 2018 12:40:15 +0000. Up 23.96 seconds.
[   24.374148] cloud-init[1522]: ci-info: no authorized ssh keys fingerprints found for user ubuntu.
[   24.393274] cloud-init[1522]: Cloud-init v. 18.3-9-g2e62cb8a-0ubuntu1~16.04.2 finished at Wed, 12 Sep 2018 12:40:15 +0000. Datasource DataSourceNoCloud [seed=/dev/sdb][dsmode=net].  Up 24.34 seconds
[[0;32m  OK  [0m] Started Execute cloud user/final scripts.
[[0;32m  OK  [0m] Reached target Cloud-init target.

Ubuntu 16.04.5 LTS ubuntu-xenial ttyS0

ubuntu-xenial login: 